2023/12/04 09:46:24.862 => CloseSerial: mSerialFile=0xffffffff
2023/12/04 09:46:24.863 => Prepare Open Serial: Com=\\.\COM18 BaudRate=115200
2023/12/04 09:46:24.864 => OpenSerial: Com=\\.\COM18 BaudRate=115200, Success=1, mSerialFile=0x0000085c
2023/12/04 09:46:24.875 => CRadarProtocolDevice::OpenCmdMode: CMDID(0x00FF) failed with:A002
2023/12/04 09:46:25.038 => protocol version = 2, send_recv buffer size = 32
2023/12/04 09:46:25.045 => GetVersion Return: v1.5.9_0.0
2023/12/04 09:46:25.130 => ReadSetting_RadarOperatorConfig, result: Success
2023/12/04 09:46:27.279 => CRadarProtocolDevice::OpenCmdMode: CMDID(0x00FF) failed with:A002
2023/12/04 09:46:27.447 => protocol version = 2, send_recv buffer size = 32
2023/12/04 09:46:27.527 => ReadSetting_RadarOperatorConfig, result: Success
2023/12/04 09:46:30.207 => Start Realtime data show.
2023/12/04 09:46:30.207 => thread create success, thread handle=0x00000950, id=16104, name=ReadData
2023/12/04 09:46:30.208 => thread information, name=ReadData, tid=16104(0x00003ee8)
2023/12/04 09:46:30.208 => CRadarProtocolDevice::OpenCmdMode: CMDID(0x00FF) failed with:A002
2023/12/04 09:46:30.377 => protocol version = 2, send_recv buffer size = 32
2023/12/04 09:46:31.446 => prepare exit thread..., name=ReadData, tid=16104(0x00003ee8)
2023/12/04 09:46:31.529 => CRadarProtocolDevice::OpenCmdMode: CMDID(0x00FF) failed with:A002
2023/12/04 09:46:31.695 => protocol version = 2, send_recv buffer size = 32
2023/12/04 09:46:31.711 => thread exit, name=ReadData, tid=16104(0x00003ee8)
2023/12/04 09:46:31.712 => thread exit over, name=ReadData, tid=16104(0x00003ee8)
2023/12/04 09:46:31.721 => Stop Realtime data show.
2023/12/04 09:46:33.043 => Stop Realtime data show.
2023/12/04 09:46:33.046 => Stop Noise scan.
2023/12/04 09:46:33.047 => CRadarProtocolDevice::OpenCmdMode: CMDID(0x00FF) failed with:A002
2023/12/04 09:46:33.207 => protocol version = 2, send_recv buffer size = 32
2023/12/04 09:46:33.225 => Cancel Read Data
2023/12/04 09:46:33.225 => CloseSerial: mSerialFile=0x0000085c
2023/12/04 09:46:33.226 => Cancel Read Data
2023/12/04 09:46:33.226 => CloseSerial: mSerialFile=0xffffffff
2023/12/04 09:46:33.226 => Cancel Read Data
2023/12/04 09:46:33.226 => CloseSerial: mSerialFile=0xffffffff
2023/12/04 09:46:33.226 => CloseSerial: mSerialFile=0xffffffff
