2024/01/08 19:17:44.132 => CloseSerial: mSerialFile=0xffffffff
2024/01/08 19:17:44.132 => Prepare Open Serial: Com=\\.\COM13 BaudRate=115200
2024/01/08 19:17:44.134 => OpenSerial: Com=\\.\COM13 BaudRate=115200, Success=1, mSerialFile=0x00000958
2024/01/08 19:17:44.142 => protocol version = 2, send_recv buffer size = 32
2024/01/08 19:17:44.310 => protocol version = 2, send_recv buffer size = 32
2024/01/08 19:17:44.318 => GetVersion Return: v1.5.8_0.0
2024/01/08 19:17:44.398 => ReadSetting_RadarOperatorConfig, result: Success
2024/01/08 19:24:23.861 => Stop Realtime data show.
2024/01/08 19:24:23.861 => Stop Noise scan.
2024/01/08 19:24:23.861 => CRadarProtocolDevice::OpenCmdMode: CMDID(0x00FF) failed with:A002
2024/01/08 19:24:24.026 => protocol version = 2, send_recv buffer size = 32
2024/01/08 19:24:24.042 => Cancel Read Data
2024/01/08 19:24:24.042 => CloseSerial: mSerialFile=0x00000958
2024/01/08 19:24:26.846 => Stop Noise scan.
2024/01/08 19:27:47.084 => Stop Realtime data show.
2024/01/08 19:27:47.086 => Stop Noise scan.
2024/01/08 19:27:47.089 => Cancel Read Data
2024/01/08 19:27:47.089 => CloseSerial: mSerialFile=0xffffffff
2024/01/08 19:27:47.089 => Cancel Read Data
2024/01/08 19:27:47.089 => CloseSerial: mSerialFile=0xffffffff
2024/01/08 19:27:47.089 => CloseSerial: mSerialFile=0xffffffff
