2023/07/07 17:57:58.933 => CloseSerial: mSerialFile=0xffffffff
2023/07/07 17:57:58.933 => Prepare Open Serial: Com=\\.\COM12 BaudRate=115200
2023/07/07 17:57:58.935 => OpenSerial: Com=\\.\COM12 BaudRate=115200, Success=1, mSerialFile=0x00000804
2023/07/07 17:57:58.942 => protocol version = 2, send_recv buffer size = 32
2023/07/07 17:57:59.101 => protocol version = 2, send_recv buffer size = 32
2023/07/07 17:57:59.109 => GetVersion Return: v1.5.5_0.0
2023/07/07 17:57:59.188 => ReadSetting_RadarOperatorConfig, result: Success
2023/07/07 17:57:59.846 => Start Realtime data show.
2023/07/07 17:57:59.846 => thread create success, thread handle=0x00000814, id=8208, name=ReadData
2023/07/07 17:57:59.847 => thread information, name=ReadData, tid=8208(0x00002010)
2023/07/07 17:57:59.847 => CRadarProtocolDevice::OpenCmdMode: CMDID(0x00FF) failed with:A002
2023/07/07 17:58:00.011 => protocol version = 2, send_recv buffer size = 32
2023/07/07 17:58:04.470 => prepare exit thread..., name=ReadData, tid=8208(0x00002010)
2023/07/07 17:58:04.492 => CRadarProtocolDevice::OpenCmdMode: CMDID(0x00FF) failed with:A002
2023/07/07 17:58:04.650 => protocol version = 2, send_recv buffer size = 32
2023/07/07 17:58:04.666 => thread exit, name=ReadData, tid=8208(0x00002010)
2023/07/07 17:58:04.667 => thread exit over, name=ReadData, tid=8208(0x00002010)
2023/07/07 17:58:04.668 => Stop Realtime data show.
2023/07/07 17:58:04.668 => Stop Noise scan.
2023/07/07 17:58:04.676 => protocol version = 2, send_recv buffer size = 32
2023/07/07 17:58:04.849 => protocol version = 2, send_recv buffer size = 32
2023/07/07 17:58:04.865 => Cancel Read Data
2023/07/07 17:58:04.865 => CloseSerial: mSerialFile=0x00000804
2023/07/07 18:29:01.015 => Stop Realtime data show.
2023/07/07 18:29:01.015 => Stop Realtime data show.
2023/07/07 18:29:01.017 => Stop Noise scan.
2023/07/07 18:29:01.019 => Cancel Read Data
2023/07/07 18:29:01.019 => CloseSerial: mSerialFile=0xffffffff
2023/07/07 18:29:01.020 => Cancel Read Data
2023/07/07 18:29:01.020 => CloseSerial: mSerialFile=0xffffffff
2023/07/07 18:29:01.020 => CloseSerial: mSerialFile=0xffffffff
