2023/11/30 18:13:54.939 => CloseSerial: mSerialFile=0xffffffff
2023/11/30 18:13:54.939 => Prepare Open Serial: Com=\\.\COM18 BaudRate=115200
2023/11/30 18:13:54.940 => OpenSerial: Com=\\.\COM18 BaudRate=115200, Success=1, mSerialFile=0x00000958
2023/11/30 18:13:56.955 => CRadarProtocolDevice::OpenCmdMode: CMDID(0x00FF) failed with:A001
2023/11/30 18:13:59.120 => CRadarProtocolDevice::OpenCmdMode: CMDID(0x00FF) failed with:A001
2023/11/30 18:14:01.135 => CRadarProtocolDevice::OpenCmdMode: CMDID(0x00FF) failed with:A001
2023/11/30 18:14:03.142 => CRadarProtocolDevice::OpenCmdMode: CMDID(0x00FF) failed with:A001
2023/11/30 18:14:05.158 => CRadarProtocolDevice::OpenCmdMode: CMDID(0x00FF) failed with:A001
2023/11/30 18:14:05.158 => Cancel Read Data
2023/11/30 18:14:05.158 => CloseSerial: mSerialFile=0x00000958
2023/11/30 18:14:21.515 => CloseSerial: mSerialFile=0xffffffff
2023/11/30 18:14:21.515 => Prepare Open Serial: Com=\\.\COM18 BaudRate=115200
2023/11/30 18:14:21.516 => OpenSerial: Com=\\.\COM18 BaudRate=115200, Success=1, mSerialFile=0x00000964
2023/11/30 18:14:21.551 => CRadarProtocolDevice::OpenCmdMode: CMDID(0x00FF) failed with:A002
2023/11/30 18:14:21.762 => CRadarProtocolDevice::OpenCmdMode: CMDID(0x00FF) failed with:A002
2023/11/30 18:14:21.868 => CRadarProtocolDevice::OpenCmdMode: CMDID(0x00FF) failed with:A002
2023/11/30 18:14:21.974 => CRadarProtocolDevice::OpenCmdMode: CMDID(0x00FF) failed with:A002
2023/11/30 18:14:22.079 => CRadarProtocolDevice::OpenCmdMode: CMDID(0x00FF) failed with:A002
2023/11/30 18:14:22.079 => Cancel Read Data
2023/11/30 18:14:22.079 => CloseSerial: mSerialFile=0x00000964
2023/11/30 18:14:39.773 => CloseSerial: mSerialFile=0xffffffff
2023/11/30 18:14:39.773 => Prepare Open Serial: Com=\\.\COM18 BaudRate=115200
2023/11/30 18:14:39.774 => OpenSerial: Com=\\.\COM18 BaudRate=115200, Success=1, mSerialFile=0x0000085c
2023/11/30 18:14:41.786 => CRadarProtocolDevice::OpenCmdMode: CMDID(0x00FF) failed with:A001
2023/11/30 18:14:43.957 => CRadarProtocolDevice::OpenCmdMode: CMDID(0x00FF) failed with:A001
2023/11/30 18:14:45.959 => CRadarProtocolDevice::OpenCmdMode: CMDID(0x00FF) failed with:A001
2023/11/30 18:14:47.975 => CRadarProtocolDevice::OpenCmdMode: CMDID(0x00FF) failed with:A001
2023/11/30 18:14:49.984 => CRadarProtocolDevice::OpenCmdMode: CMDID(0x00FF) failed with:A001
2023/11/30 18:14:49.984 => Cancel Read Data
2023/11/30 18:14:49.984 => CloseSerial: mSerialFile=0x0000085c
2023/11/30 18:14:56.546 => CloseSerial: mSerialFile=0xffffffff
2023/11/30 18:14:56.547 => Prepare Open Serial: Com=\\.\COM18 BaudRate=115200
2023/11/30 18:14:56.548 => OpenSerial: Com=\\.\COM18 BaudRate=115200, Success=1, mSerialFile=0x00000998
2023/11/30 18:14:56.557 => protocol version = 2, send_recv buffer size = 32
2023/11/30 18:14:56.731 => protocol version = 2, send_recv buffer size = 32
2023/11/30 18:14:56.739 => GetVersion Return: v1.5.8_0.0
2023/11/30 18:14:56.829 => ReadSetting_RadarOperatorConfig, result: Success
2023/11/30 18:14:58.811 => Stop Realtime data show.
2023/11/30 18:14:58.811 => Stop Noise scan.
2023/11/30 18:14:58.811 => CRadarProtocolDevice::OpenCmdMode: CMDID(0x00FF) failed with:A002
2023/11/30 18:14:58.973 => protocol version = 2, send_recv buffer size = 32
2023/11/30 18:14:58.990 => Cancel Read Data
2023/11/30 18:14:58.990 => CloseSerial: mSerialFile=0x00000998
2023/11/30 18:15:18.483 => CloseSerial: mSerialFile=0xffffffff
2023/11/30 18:15:18.483 => Prepare Open Serial: Com=\\.\COM18 BaudRate=115200
2023/11/30 18:15:18.483 => OpenSerial: Com=\\.\COM18 BaudRate=115200, Success=1, mSerialFile=0x000009a0
2023/11/30 18:15:20.497 => CRadarProtocolDevice::OpenCmdMode: CMDID(0x00FF) failed with:A001
2023/11/30 18:15:22.659 => CRadarProtocolDevice::OpenCmdMode: CMDID(0x00FF) failed with:A001
2023/11/30 18:15:24.666 => CRadarProtocolDevice::OpenCmdMode: CMDID(0x00FF) failed with:A001
2023/11/30 18:15:26.671 => CRadarProtocolDevice::OpenCmdMode: CMDID(0x00FF) failed with:A001
2023/11/30 18:15:28.678 => CRadarProtocolDevice::OpenCmdMode: CMDID(0x00FF) failed with:A001
2023/11/30 18:15:28.678 => Cancel Read Data
2023/11/30 18:15:28.678 => CloseSerial: mSerialFile=0x000009a0
2023/11/30 18:16:36.546 => CloseSerial: mSerialFile=0xffffffff
2023/11/30 18:16:36.546 => Prepare Open Serial: Com=\\.\COM18 BaudRate=115200
2023/11/30 18:16:36.549 => OpenSerial: Com=\\.\COM18 BaudRate=115200, Success=1, mSerialFile=0x000005d8
2023/11/30 18:16:36.558 => protocol version = 2, send_recv buffer size = 32
2023/11/30 18:16:36.731 => protocol version = 2, send_recv buffer size = 32
2023/11/30 18:16:36.740 => GetVersion Return: v1.5.8_0.0
2023/11/30 18:16:36.820 => ReadSetting_RadarOperatorConfig, result: Success
2023/11/30 18:16:38.100 => Stop Realtime data show.
2023/11/30 18:16:38.100 => Stop Noise scan.
2023/11/30 18:16:38.100 => CRadarProtocolDevice::OpenCmdMode: CMDID(0x00FF) failed with:A002
2023/11/30 18:16:39.768 => CRadarProtocolDevice::OpenCmdMode: CMDID(0x00FF) failed with:A002
2023/11/30 18:16:39.768 => CRadarProtocolDevice::OpenCmdMode: CMDID(0x00FF) failed with:A002
2023/11/30 18:16:39.769 => CRadarProtocolDevice::OpenCmdMode: CMDID(0x00FF) failed with:A002
2023/11/30 18:16:39.770 => CRadarProtocolDevice::OpenCmdMode: CMDID(0x00FF) failed with:A002
2023/11/30 18:16:39.770 => CRadarProtocolDevice::SetParameter: CMDID(0x0012) failed with:A002
2023/11/30 18:16:39.771 => CRadarProtocolDevice::CloseCmdMode: CMDID(0x00FE) failed with:A002
2023/11/30 18:16:39.771 => Cancel Read Data
2023/11/30 18:16:39.771 => CloseSerial: mSerialFile=0x000005d8
2023/11/30 18:16:42.266 => CloseSerial: mSerialFile=0xffffffff
2023/11/30 18:16:42.266 => Prepare Open Serial: Com=\\.\COM18 BaudRate=115200
2023/11/30 18:16:42.268 => OpenSerial: Com=\\.\COM18 BaudRate=115200, Success=1, mSerialFile=0x0000094c
2023/11/30 18:16:42.276 => protocol version = 2, send_recv buffer size = 32
2023/11/30 18:16:42.440 => protocol version = 2, send_recv buffer size = 32
2023/11/30 18:16:42.448 => GetVersion Return: v1.5.8_0.0
2023/11/30 18:16:42.532 => ReadSetting_RadarOperatorConfig, result: Success
2023/11/30 18:16:43.796 => Start Realtime data show.
2023/11/30 18:16:43.796 => thread create success, thread handle=0x00000950, id=3828, name=ReadData
2023/11/30 18:16:43.796 => thread information, name=ReadData, tid=3828(0x00000ef4)
2023/11/30 18:16:43.796 => CRadarProtocolDevice::OpenCmdMode: CMDID(0x00FF) failed with:A002
2023/11/30 18:16:43.965 => protocol version = 2, send_recv buffer size = 32
2023/11/30 18:16:44.851 => prepare exit thread..., name=ReadData, tid=3828(0x00000ef4)
2023/11/30 18:16:44.885 => CRadarProtocolDevice::OpenCmdMode: CMDID(0x00FF) failed with:A002
2023/11/30 18:16:45.054 => protocol version = 2, send_recv buffer size = 32
2023/11/30 18:16:45.070 => thread exit, name=ReadData, tid=3828(0x00000ef4)
2023/11/30 18:16:45.071 => thread exit over, name=ReadData, tid=3828(0x00000ef4)
2023/11/30 18:16:45.079 => Stop Realtime data show.
2023/11/30 18:16:45.080 => Start Realtime data show.
2023/11/30 18:16:45.080 => thread create success, thread handle=0x00000950, id=20676, name=ReadData
2023/11/30 18:16:45.080 => thread information, name=ReadData, tid=20676(0x000050c4)
2023/11/30 18:16:45.089 => protocol version = 2, send_recv buffer size = 32
2023/11/30 18:16:45.256 => protocol version = 2, send_recv buffer size = 32
2023/11/30 18:16:45.723 => prepare exit thread..., name=ReadData, tid=20676(0x000050c4)
2023/11/30 18:16:45.730 => CRadarProtocolDevice::OpenCmdMode: CMDID(0x00FF) failed with:A002
2023/11/30 18:16:45.891 => protocol version = 2, send_recv buffer size = 32
2023/11/30 18:16:45.908 => thread exit, name=ReadData, tid=20676(0x000050c4)
2023/11/30 18:16:45.909 => thread exit over, name=ReadData, tid=20676(0x000050c4)
2023/11/30 18:16:45.916 => Stop Realtime data show.
2023/11/30 18:16:46.764 => Stop Realtime data show.
2023/11/30 18:16:46.764 => Stop Noise scan.
2023/11/30 18:16:46.764 => CRadarProtocolDevice::OpenCmdMode: CMDID(0x00FF) failed with:A002
2023/11/30 18:16:46.930 => protocol version = 2, send_recv buffer size = 32
2023/11/30 18:16:46.946 => Cancel Read Data
2023/11/30 18:16:46.946 => CloseSerial: mSerialFile=0x0000094c
2023/11/30 18:32:34.087 => Stop Realtime data show.
2023/11/30 18:32:34.088 => Stop Noise scan.
2023/11/30 18:32:34.089 => Cancel Read Data
2023/11/30 18:32:34.089 => CloseSerial: mSerialFile=0xffffffff
2023/11/30 18:32:34.089 => Cancel Read Data
2023/11/30 18:32:34.089 => CloseSerial: mSerialFile=0xffffffff
2023/11/30 18:32:34.089 => CloseSerial: mSerialFile=0xffffffff
