2023/08/03 11:39:49.291 => CloseSerial: mSerialFile=0xffffffff
2023/08/03 11:39:49.291 => Prepare Open Serial: Com=\\.\COM19 BaudRate=115200
2023/08/03 11:39:49.297 => OpenSerial: Com=\\.\COM19 BaudRate=115200, Success=1, mSerialFile=0x0000097c
2023/08/03 11:39:49.305 => protocol version = 2, send_recv buffer size = 32
2023/08/03 11:39:49.474 => protocol version = 2, send_recv buffer size = 32
2023/08/03 11:39:49.482 => GetVersion Return: v1.5.6_0.0
2023/08/03 11:39:49.571 => ReadSetting_RadarOperatorConfig, result: Success
2023/08/03 11:39:50.193 => CRadarProtocolDevice::OpenCmdMode: CMDID(0x00FF) failed with:A002
2023/08/03 11:39:50.352 => protocol version = 2, send_recv buffer size = 32
2023/08/03 11:39:50.368 => Cancel Read Data
2023/08/03 11:39:50.368 => CloseSerial: mSerialFile=0x0000097c
2023/08/03 11:39:51.961 => thread create success, thread handle=0x00000978, id=1440, name=Download
2023/08/03 11:39:51.961 => thread information, name=Download, tid=1440(0x000005a0)
2023/08/03 11:39:51.962 => CloseSerial: mSerialFile=0xffffffff
2023/08/03 11:39:51.962 => Prepare Open Serial: Com=\\.\COM19 BaudRate=115200
2023/08/03 11:39:51.963 => OpenSerial: Com=\\.\COM19 BaudRate=115200, Success=1, mSerialFile=0x00000990
2023/08/03 11:39:51.993 => protocol version = 2, send_recv buffer size = 32
2023/08/03 11:39:52.163 => protocol version = 2, send_recv buffer size = 32
2023/08/03 11:39:52.211 => Cancel Read Data
2023/08/03 11:39:52.211 => CloseSerial: mSerialFile=0x00000990
2023/08/03 11:39:52.212 => thread exit, name=Download, tid=1440(0x000005a0)
2023/08/03 11:40:05.793 => thread create success, thread handle=0x00000978, id=15912, name=Download
2023/08/03 11:40:05.793 => thread information, name=Download, tid=15912(0x00003e28)
2023/08/03 11:40:05.794 => CloseSerial: mSerialFile=0xffffffff
2023/08/03 11:40:05.794 => Prepare Open Serial: Com=\\.\COM19 BaudRate=115200
2023/08/03 11:40:05.795 => OpenSerial: Com=\\.\COM19 BaudRate=115200, Success=1, mSerialFile=0x000009e0
2023/08/03 11:40:05.798 => CRadarProtocolDevice::OpenCmdMode: CMDID(0x00FF) failed with:A002
2023/08/03 11:40:05.967 => protocol version = 2, send_recv buffer size = 32
2023/08/03 11:40:07.973 => CloseSerial: mSerialFile=0x000009e0
2023/08/03 11:40:07.973 => Prepare Open Serial: Com=\\.\COM19 BaudRate=115200
2023/08/03 11:40:07.975 => OpenSerial: Com=\\.\COM19 BaudRate=115200, Success=1, mSerialFile=0x000009f8
2023/08/03 11:40:30.853 => Cancel Read Data
2023/08/03 11:40:30.853 => CloseSerial: mSerialFile=0x000009f8
2023/08/03 11:40:30.856 => thread exit, name=Download, tid=15912(0x00003e28)
2023/08/03 11:40:36.545 => Stop Realtime data show.
2023/08/03 11:40:39.034 => Stop Realtime data show.
2023/08/03 11:40:39.841 => Stop Realtime data show.
2023/08/03 11:40:40.506 => Stop Realtime data show.
2023/08/03 11:40:43.737 => CloseSerial: mSerialFile=0xffffffff
2023/08/03 11:40:43.737 => Prepare Open Serial: Com=\\.\COM19 BaudRate=115200
2023/08/03 11:40:43.738 => OpenSerial: Com=\\.\COM19 BaudRate=115200, Success=1, mSerialFile=0x00001110
2023/08/03 11:40:43.747 => protocol version = 2, send_recv buffer size = 32
2023/08/03 11:40:43.919 => protocol version = 2, send_recv buffer size = 32
2023/08/03 11:40:43.927 => GetVersion Return: v1.5.8_0.0
2023/08/03 11:40:44.009 => ReadSetting_RadarOperatorConfig, result: Success
2023/08/03 11:40:48.466 => Start Realtime data show.
2023/08/03 11:40:48.466 => thread create success, thread handle=0x000009e0, id=10312, name=ReadData
2023/08/03 11:40:48.466 => thread information, name=ReadData, tid=10312(0x00002848)
2023/08/03 11:40:48.466 => CRadarProtocolDevice::OpenCmdMode: CMDID(0x00FF) failed with:A002
2023/08/03 11:40:48.628 => protocol version = 2, send_recv buffer size = 32
2023/08/03 11:40:50.993 => prepare exit thread..., name=ReadData, tid=10312(0x00002848)
2023/08/03 11:40:51.074 => CRadarProtocolDevice::OpenCmdMode: CMDID(0x00FF) failed with:A002
2023/08/03 11:40:51.236 => protocol version = 2, send_recv buffer size = 32
2023/08/03 11:40:51.252 => thread exit, name=ReadData, tid=10312(0x00002848)
2023/08/03 11:40:51.254 => thread exit over, name=ReadData, tid=10312(0x00002848)
2023/08/03 11:40:51.259 => Stop Realtime data show.
2023/08/03 11:41:05.824 => CRadarProtocolDevice::OpenCmdMode: CMDID(0x00FF) failed with:A002
2023/08/03 11:41:05.984 => protocol version = 2, send_recv buffer size = 32
2023/08/03 11:41:06.101 => WriteSetting_RadarOperatorConfig, result: Success
2023/08/03 11:42:05.161 => Stop Noise scan.
2023/08/03 11:42:05.161 => Start Realtime data show.
2023/08/03 11:42:05.161 => thread create success, thread handle=0x000009ec, id=4564, name=ReadData
2023/08/03 11:42:05.161 => thread information, name=ReadData, tid=4564(0x000011d4)
2023/08/03 11:42:05.162 => CRadarProtocolDevice::OpenCmdMode: CMDID(0x00FF) failed with:A002
2023/08/03 11:42:05.323 => protocol version = 2, send_recv buffer size = 32
2023/08/03 11:42:12.577 => prepare exit thread..., name=ReadData, tid=4564(0x000011d4)
2023/08/03 11:42:12.624 => protocol version = 2, send_recv buffer size = 32
2023/08/03 11:42:12.791 => protocol version = 2, send_recv buffer size = 32
2023/08/03 11:42:12.808 => thread exit, name=ReadData, tid=4564(0x000011d4)
2023/08/03 11:42:12.809 => thread exit over, name=ReadData, tid=4564(0x000011d4)
2023/08/03 11:42:12.813 => Stop Realtime data show.
2023/08/03 11:42:29.200 => CRadarProtocolDevice::OpenCmdMode: CMDID(0x00FF) failed with:A002
2023/08/03 11:42:29.359 => protocol version = 2, send_recv buffer size = 32
2023/08/03 11:42:29.476 => WriteSetting_RadarOperatorConfig, result: Success
2023/08/03 11:42:30.921 => CRadarProtocolDevice::OpenCmdMode: CMDID(0x00FF) failed with:A002
2023/08/03 11:42:31.091 => protocol version = 2, send_recv buffer size = 32
2023/08/03 11:42:31.169 => ReadSetting_RadarOperatorConfig, result: Success
2023/08/03 11:42:34.337 => CRadarProtocolDevice::OpenCmdMode: CMDID(0x00FF) failed with:A002
2023/08/03 11:42:34.507 => protocol version = 2, send_recv buffer size = 32
2023/08/03 11:42:34.625 => WriteSetting_RadarOperatorConfig, result: Success
2023/08/03 11:42:35.968 => CRadarProtocolDevice::OpenCmdMode: CMDID(0x00FF) failed with:A002
2023/08/03 11:42:36.135 => protocol version = 2, send_recv buffer size = 32
2023/08/03 11:42:36.213 => ReadSetting_RadarOperatorConfig, result: Success
2023/08/03 11:42:37.281 => Start Realtime data show.
2023/08/03 11:42:37.281 => thread create success, thread handle=0x00000f04, id=1508, name=ReadData
2023/08/03 11:42:37.282 => thread information, name=ReadData, tid=1508(0x000005e4)
2023/08/03 11:42:37.282 => CRadarProtocolDevice::OpenCmdMode: CMDID(0x00FF) failed with:A002
2023/08/03 11:42:37.443 => protocol version = 2, send_recv buffer size = 32
2023/08/03 11:42:45.697 => prepare exit thread..., name=ReadData, tid=1508(0x000005e4)
2023/08/03 11:42:45.770 => CRadarProtocolDevice::OpenCmdMode: CMDID(0x00FF) failed with:A002
2023/08/03 11:42:45.934 => protocol version = 2, send_recv buffer size = 32
2023/08/03 11:42:45.950 => thread exit, name=ReadData, tid=1508(0x000005e4)
2023/08/03 11:42:45.951 => thread exit over, name=ReadData, tid=1508(0x000005e4)
2023/08/03 11:42:45.956 => Stop Realtime data show.
2023/08/03 11:43:04.456 => CRadarProtocolDevice::OpenCmdMode: CMDID(0x00FF) failed with:A002
2023/08/03 11:43:04.629 => protocol version = 2, send_recv buffer size = 32
2023/08/03 11:43:04.749 => WriteSetting_RadarOperatorConfig, result: Success
2023/08/03 11:43:07.912 => CRadarProtocolDevice::OpenCmdMode: CMDID(0x00FF) failed with:A002
2023/08/03 11:43:08.080 => protocol version = 2, send_recv buffer size = 32
2023/08/03 11:43:08.160 => ReadSetting_RadarOperatorConfig, result: Success
2023/08/03 11:43:09.433 => Start Realtime data show.
2023/08/03 11:43:09.433 => thread create success, thread handle=0x00000f24, id=14640, name=ReadData
2023/08/03 11:43:09.434 => thread information, name=ReadData, tid=14640(0x00003930)
2023/08/03 11:43:09.434 => CRadarProtocolDevice::OpenCmdMode: CMDID(0x00FF) failed with:A002
2023/08/03 11:43:09.596 => protocol version = 2, send_recv buffer size = 32
2023/08/03 11:43:26.946 => prepare exit thread..., name=ReadData, tid=14640(0x00003930)
2023/08/03 11:43:26.962 => CRadarProtocolDevice::OpenCmdMode: CMDID(0x00FF) failed with:A002
2023/08/03 11:43:27.122 => protocol version = 2, send_recv buffer size = 32
2023/08/03 11:43:27.138 => thread exit, name=ReadData, tid=14640(0x00003930)
2023/08/03 11:43:27.139 => thread exit over, name=ReadData, tid=14640(0x00003930)
2023/08/03 11:43:27.140 => Stop Realtime data show.
2023/08/03 11:43:41.705 => Start Noise scan.
2023/08/03 11:43:41.722 => thread create success, thread handle=0x00000f24, id=15492, name=ReadData
2023/08/03 11:43:41.722 => thread information, name=ReadData, tid=15492(0x00003c84)
2023/08/03 11:43:41.723 => CRadarProtocolDevice::OpenCmdMode: CMDID(0x00FF) failed with:A002
2023/08/03 11:43:41.884 => protocol version = 2, send_recv buffer size = 32
2023/08/03 11:44:03.005 => protocol version = 2, send_recv buffer size = 32
2023/08/03 11:44:03.178 => protocol version = 2, send_recv buffer size = 32
2023/08/03 11:44:03.195 => thread exit, name=ReadData, tid=15492(0x00003c84)
2023/08/03 11:44:03.195 => prepare exit thread..., name=ReadData, tid=15492(0x00003c84)
2023/08/03 11:44:03.196 => thread exit over, name=ReadData, tid=15492(0x00003c84)
2023/08/03 11:44:03.202 => Stop Noise scan.
2023/08/03 11:44:19.082 => Stop Noise scan.
2023/08/03 11:44:19.082 => Start Realtime data show.
2023/08/03 11:44:19.082 => thread create success, thread handle=0x00000f30, id=5168, name=ReadData
2023/08/03 11:44:19.083 => thread information, name=ReadData, tid=5168(0x00001430)
2023/08/03 11:44:19.083 => CRadarProtocolDevice::OpenCmdMode: CMDID(0x00FF) failed with:A002
2023/08/03 11:44:19.249 => protocol version = 2, send_recv buffer size = 32
2023/08/03 11:44:48.153 => prepare exit thread..., name=ReadData, tid=5168(0x00001430)
2023/08/03 11:44:48.183 => CRadarProtocolDevice::OpenCmdMode: CMDID(0x00FF) failed with:A002
2023/08/03 11:44:48.354 => protocol version = 2, send_recv buffer size = 32
2023/08/03 11:44:48.371 => thread exit, name=ReadData, tid=5168(0x00001430)
2023/08/03 11:44:48.372 => thread exit over, name=ReadData, tid=5168(0x00001430)
2023/08/03 11:44:48.379 => Stop Realtime data show.
2023/08/03 11:44:48.387 => protocol version = 2, send_recv buffer size = 32
2023/08/03 11:44:48.545 => protocol version = 2, send_recv buffer size = 32
2023/08/03 11:44:48.662 => WriteSetting_RadarOperatorConfig, result: Success
2023/08/03 11:44:48.662 => Start Realtime data show.
2023/08/03 11:44:48.665 => thread create success, thread handle=0x00000ac4, id=4744, name=ReadData
2023/08/03 11:44:48.666 => thread information, name=ReadData, tid=4744(0x00001288)
2023/08/03 11:44:48.674 => protocol version = 2, send_recv buffer size = 32
2023/08/03 11:44:48.843 => protocol version = 2, send_recv buffer size = 32
2023/08/03 11:44:50.857 => prepare exit thread..., name=ReadData, tid=4744(0x00001288)
2023/08/03 11:44:50.924 => CRadarProtocolDevice::OpenCmdMode: CMDID(0x00FF) failed with:A002
2023/08/03 11:44:51.084 => protocol version = 2, send_recv buffer size = 32
2023/08/03 11:44:51.101 => thread exit, name=ReadData, tid=4744(0x00001288)
2023/08/03 11:44:51.102 => thread exit over, name=ReadData, tid=4744(0x00001288)
2023/08/03 11:44:51.108 => Stop Realtime data show.
2023/08/03 11:44:58.153 => Stop Noise scan.
2023/08/03 11:44:58.153 => Start Realtime data show.
2023/08/03 11:44:58.154 => thread create success, thread handle=0x00000f30, id=14844, name=ReadData
2023/08/03 11:44:58.154 => thread information, name=ReadData, tid=14844(0x000039fc)
2023/08/03 11:44:58.154 => CRadarProtocolDevice::OpenCmdMode: CMDID(0x00FF) failed with:A002
2023/08/03 11:44:58.321 => protocol version = 2, send_recv buffer size = 32
2023/08/03 11:44:59.145 => prepare exit thread..., name=ReadData, tid=14844(0x000039fc)
2023/08/03 11:44:59.162 => CRadarProtocolDevice::OpenCmdMode: CMDID(0x00FF) failed with:A002
2023/08/03 11:44:59.331 => protocol version = 2, send_recv buffer size = 32
2023/08/03 11:44:59.347 => thread exit, name=ReadData, tid=14844(0x000039fc)
2023/08/03 11:44:59.348 => thread exit over, name=ReadData, tid=14844(0x000039fc)
2023/08/03 11:44:59.353 => Stop Realtime data show.
2023/08/03 11:45:32.887 => Stop Noise scan.
2023/08/03 11:45:32.887 => Start Noise scan.
2023/08/03 11:45:32.889 => thread create success, thread handle=0x00000fbc, id=15516, name=ReadData
2023/08/03 11:45:32.889 => thread information, name=ReadData, tid=15516(0x00003c9c)
2023/08/03 11:45:32.891 => CRadarProtocolDevice::OpenCmdMode: CMDID(0x00FF) failed with:A002
2023/08/03 11:45:33.060 => protocol version = 2, send_recv buffer size = 32
2023/08/03 11:45:33.077 => thread exit, name=ReadData, tid=15516(0x00003c9c)
2023/08/03 11:45:33.077 => prepare exit thread..., name=ReadData, tid=15516(0x00003c9c)
2023/08/03 11:45:33.078 => thread exit over, name=ReadData, tid=15516(0x00003c9c)
2023/08/03 11:45:33.086 => Stop Noise scan.
2023/08/03 11:47:15.626 => Stop Noise scan.
2023/08/03 11:47:19.633 => CRadarProtocolDevice::OpenCmdMode: CMDID(0x00FF) failed with:A002
2023/08/03 11:47:19.792 => protocol version = 2, send_recv buffer size = 32
2023/08/03 11:47:19.908 => WriteSetting_RadarOperatorConfig, result: Success
2023/08/03 11:49:56.217 => CRadarProtocolDevice::OpenCmdMode: CMDID(0x00FF) failed with:A002
2023/08/03 11:49:56.379 => protocol version = 2, send_recv buffer size = 32
2023/08/03 11:49:56.497 => WriteSetting_RadarOperatorConfig, result: Success
2023/08/03 11:49:58.049 => CRadarProtocolDevice::OpenCmdMode: CMDID(0x00FF) failed with:A002
2023/08/03 11:49:58.220 => protocol version = 2, send_recv buffer size = 32
2023/08/03 11:49:58.298 => ReadSetting_RadarOperatorConfig, result: Success
2023/08/03 11:49:59.713 => Stop Realtime data show.
2023/08/03 11:49:59.713 => Stop Noise scan.
2023/08/03 11:49:59.713 => CRadarProtocolDevice::OpenCmdMode: CMDID(0x00FF) failed with:A002
2023/08/03 11:49:59.874 => protocol version = 2, send_recv buffer size = 32
2023/08/03 11:49:59.889 => Cancel Read Data
2023/08/03 11:49:59.889 => CloseSerial: mSerialFile=0x00001110
2023/08/04 11:09:05.911 => Stop Realtime data show.
2023/08/04 11:09:05.913 => Stop Noise scan.
2023/08/04 11:09:05.916 => Cancel Read Data
2023/08/04 11:09:05.916 => CloseSerial: mSerialFile=0xffffffff
2023/08/04 11:09:05.916 => Cancel Read Data
2023/08/04 11:09:05.916 => CloseSerial: mSerialFile=0xffffffff
2023/08/04 11:09:05.916 => CloseSerial: mSerialFile=0xffffffff
