2023/07/19 16:24:02.764 => Stop Noise scan.
2023/07/19 16:24:02.765 => Stop Realtime data show.
2023/07/19 16:24:06.420 => CloseSerial: mSerialFile=0xffffffff
2023/07/19 16:24:06.420 => Prepare Open Serial: Com=\\.\COM11 BaudRate=115200
2023/07/19 16:24:06.421 => OpenSerial: Com=\\.\COM11 BaudRate=115200, Success=1, mSerialFile=0x00000818
2023/07/19 16:24:08.426 => CRadarProtocolDevice::OpenCmdMode: CMDID(0x00FF) failed with:A001
2023/07/19 16:24:10.592 => CRadarProtocolDevice::OpenCmdMode: CMDID(0x00FF) failed with:A001
2023/07/19 16:24:12.593 => CRadarProtocolDevice::OpenCmdMode: CMDID(0x00FF) failed with:A001
2023/07/19 16:24:12.593 => Cancel Read Data
2023/07/19 16:24:12.593 => CloseSerial: mSerialFile=0xffffffff
2023/07/19 16:24:32.580 => CloseSerial: mSerialFile=0xffffffff
2023/07/19 16:24:32.580 => Prepare Open Serial: Com=\\.\COM11 BaudRate=115200
2023/07/19 16:24:32.582 => OpenSerial: Com=\\.\COM11 BaudRate=115200, Success=1, mSerialFile=0x000006a8
2023/07/19 16:24:34.597 => CRadarProtocolDevice::OpenCmdMode: CMDID(0x00FF) failed with:A001
2023/07/19 16:24:36.766 => CRadarProtocolDevice::OpenCmdMode: CMDID(0x00FF) failed with:A001
2023/07/19 16:24:38.778 => CRadarProtocolDevice::OpenCmdMode: CMDID(0x00FF) failed with:A001
2023/07/19 16:24:40.792 => CRadarProtocolDevice::OpenCmdMode: CMDID(0x00FF) failed with:A001
2023/07/19 16:24:40.800 => protocol version = 2, send_recv buffer size = 32
2023/07/19 16:24:40.808 => GetVersion Return: v1.5.7_0.0
2023/07/19 16:24:42.812 => CRadarProtocolDevice::GetParameter: CMDID(0x0008) failed with:A001
2023/07/19 16:24:42.812 => ReadSetting_RadarOperatorConfig, result: Failed.
2023/07/19 16:25:08.285 => CloseSerial: mSerialFile=0xffffffff
2023/07/19 16:25:08.285 => Prepare Open Serial: Com=\\.\COM11 BaudRate=115200
2023/07/19 16:25:08.285 => OpenSerial: Com=\\.\COM11 BaudRate=115200, Success=1, mSerialFile=0x000004b4
2023/07/19 16:25:08.288 => CRadarProtocolDevice::OpenCmdMode: CMDID(0x00FF) failed with:A002
2023/07/19 16:25:08.453 => protocol version = 2, send_recv buffer size = 32
2023/07/19 16:25:08.461 => GetVersion Return: v1.5.7_0.0
2023/07/19 16:25:08.540 => ReadSetting_RadarOperatorConfig, result: Success
2023/07/19 16:25:09.998 => Stop Realtime data show.
2023/07/19 16:25:09.998 => Stop Noise scan.
2023/07/19 16:25:09.998 => CRadarProtocolDevice::OpenCmdMode: CMDID(0x00FF) failed with:A002
2023/07/19 16:25:10.165 => protocol version = 2, send_recv buffer size = 32
2023/07/19 16:25:10.181 => Cancel Read Data
2023/07/19 16:25:10.181 => CloseSerial: mSerialFile=0x000004b4
2023/07/19 16:25:10.781 => CloseSerial: mSerialFile=0xffffffff
2023/07/19 16:25:10.781 => Prepare Open Serial: Com=\\.\COM11 BaudRate=115200
2023/07/19 16:25:10.782 => OpenSerial: Com=\\.\COM11 BaudRate=115200, Success=1, mSerialFile=0x000006a8
2023/07/19 16:25:10.789 => protocol version = 2, send_recv buffer size = 32
2023/07/19 16:25:10.952 => protocol version = 2, send_recv buffer size = 32
2023/07/19 16:25:10.960 => GetVersion Return: v1.5.7_0.0
2023/07/19 16:25:11.039 => ReadSetting_RadarOperatorConfig, result: Success
2023/07/19 16:25:12.788 => Start Realtime data show.
2023/07/19 16:25:12.795 => thread create success, thread handle=0x0000087c, id=18996, name=ReadData
2023/07/19 16:25:12.795 => thread information, name=ReadData, tid=18996(0x00004a34)
2023/07/19 16:25:12.795 => CRadarProtocolDevice::OpenCmdMode: CMDID(0x00FF) failed with:A002
2023/07/19 16:25:12.957 => protocol version = 2, send_recv buffer size = 32
2023/07/19 16:25:37.693 => prepare exit thread..., name=ReadData, tid=18996(0x00004a34)
2023/07/19 16:25:37.753 => CRadarProtocolDevice::OpenCmdMode: CMDID(0x00FF) failed with:A002
2023/07/19 16:25:37.921 => protocol version = 2, send_recv buffer size = 32
2023/07/19 16:25:37.938 => thread exit, name=ReadData, tid=18996(0x00004a34)
2023/07/19 16:25:37.938 => thread exit over, name=ReadData, tid=18996(0x00004a34)
2023/07/19 16:25:37.939 => Stop Realtime data show.
2023/07/19 16:25:38.749 => Stop Realtime data show.
2023/07/19 16:27:28.261 => CRadarProtocolDevice::OpenCmdMode: CMDID(0x00FF) failed with:A002
2023/07/19 16:27:28.418 => protocol version = 2, send_recv buffer size = 32
2023/07/19 16:27:28.534 => WriteSetting_RadarOperatorConfig, result: Success
2023/07/19 16:27:34.589 => CRadarProtocolDevice::OpenCmdMode: CMDID(0x00FF) failed with:A002
2023/07/19 16:27:34.756 => protocol version = 2, send_recv buffer size = 32
2023/07/19 16:27:34.873 => WriteSetting_RadarOperatorConfig, result: Success
2023/07/19 16:27:36.573 => CRadarProtocolDevice::OpenCmdMode: CMDID(0x00FF) failed with:A002
2023/07/19 16:27:36.732 => protocol version = 2, send_recv buffer size = 32
2023/07/19 16:27:36.811 => ReadSetting_RadarOperatorConfig, result: Success
2023/07/19 16:27:48.437 => CRadarProtocolDevice::OpenCmdMode: CMDID(0x00FF) failed with:A002
2023/07/19 16:27:48.595 => protocol version = 2, send_recv buffer size = 32
2023/07/19 16:27:48.711 => WriteSetting_RadarOperatorConfig, result: Success
2023/07/19 16:27:50.973 => CRadarProtocolDevice::OpenCmdMode: CMDID(0x00FF) failed with:A002
2023/07/19 16:27:51.139 => protocol version = 2, send_recv buffer size = 32
2023/07/19 16:27:51.217 => ReadSetting_RadarOperatorConfig, result: Success
2023/07/19 16:28:42.574 => Stop Noise scan.
2023/07/19 16:28:42.574 => Start Realtime data show.
2023/07/19 16:28:42.574 => thread create success, thread handle=0x000009ac, id=16440, name=ReadData
2023/07/19 16:28:42.574 => thread information, name=ReadData, tid=16440(0x00004038)
2023/07/19 16:28:42.574 => CRadarProtocolDevice::OpenCmdMode: CMDID(0x00FF) failed with:A002
2023/07/19 16:28:42.738 => protocol version = 2, send_recv buffer size = 32
2023/07/19 16:29:09.997 => prepare exit thread..., name=ReadData, tid=16440(0x00004038)
2023/07/19 16:29:12.704 => CRadarProtocolDevice::OpenCmdMode: CMDID(0x00FF) failed with:A001
2023/07/19 16:29:14.862 => CRadarProtocolDevice::OpenCmdMode: CMDID(0x00FF) failed with:A001
2023/07/19 16:29:16.872 => CRadarProtocolDevice::OpenCmdMode: CMDID(0x00FF) failed with:A001
2023/07/19 16:29:18.886 => CRadarProtocolDevice::OpenCmdMode: CMDID(0x00FF) failed with:A001
2023/07/19 16:29:20.892 => CRadarProtocolDevice::OpenCmdMode: CMDID(0x00FF) failed with:A001
2023/07/19 16:29:22.895 => CRadarProtocolDevice::SetDataTransferMode: CMDID(0x0012) failed with:A001
2023/07/19 16:29:23.554 => CRadarProtocolDevice::CloseCmdMode: CMDID(0x00FE) failed with:A002
2023/07/19 16:29:23.554 => thread exit, name=ReadData, tid=16440(0x00004038)
2023/07/19 16:29:23.554 => thread exit over, name=ReadData, tid=16440(0x00004038)
2023/07/19 16:29:23.556 => Stop Realtime data show.
2023/07/19 16:29:23.590 => Start Realtime data show.
2023/07/19 16:29:23.590 => thread create success, thread handle=0x00000a58, id=20204, name=ReadData
2023/07/19 16:29:23.590 => thread information, name=ReadData, tid=20204(0x00004eec)
2023/07/19 16:29:23.591 => CRadarProtocolDevice::OpenCmdMode: CMDID(0x00FF) failed with:A002
2023/07/19 16:29:23.593 => prepare exit thread..., name=ReadData, tid=20204(0x00004eec)
2023/07/19 16:29:23.762 => protocol version = 2, send_recv buffer size = 32
2023/07/19 16:29:23.786 => protocol version = 2, send_recv buffer size = 32
2023/07/19 16:29:23.949 => protocol version = 2, send_recv buffer size = 32
2023/07/19 16:29:23.966 => thread exit, name=ReadData, tid=20204(0x00004eec)
2023/07/19 16:29:23.966 => thread exit over, name=ReadData, tid=20204(0x00004eec)
2023/07/19 16:29:23.967 => Stop Realtime data show.
2023/07/19 16:29:23.968 => Stop Noise scan.
2023/07/19 16:29:26.189 => Stop Noise scan.
2023/07/19 16:29:26.190 => Start Realtime data show.
2023/07/19 16:29:26.190 => thread create success, thread handle=0x00000a5c, id=23160, name=ReadData
2023/07/19 16:29:26.190 => thread information, name=ReadData, tid=23160(0x00005a78)
2023/07/19 16:29:26.190 => CRadarProtocolDevice::OpenCmdMode: CMDID(0x00FF) failed with:A002
2023/07/19 16:29:26.360 => protocol version = 2, send_recv buffer size = 32
2023/07/19 16:31:06.725 => prepare exit thread..., name=ReadData, tid=23160(0x00005a78)
2023/07/19 16:31:06.731 => CRadarProtocolDevice::OpenCmdMode: CMDID(0x00FF) failed with:A002
2023/07/19 16:31:06.899 => protocol version = 2, send_recv buffer size = 32
2023/07/19 16:31:06.914 => thread exit, name=ReadData, tid=23160(0x00005a78)
2023/07/19 16:31:06.915 => thread exit over, name=ReadData, tid=23160(0x00005a78)
2023/07/19 16:31:06.916 => Stop Realtime data show.
2023/07/19 17:38:36.523 => Stop Realtime data show.
2023/07/19 17:38:36.523 => Stop Realtime data show.
2023/07/19 17:38:36.525 => Stop Noise scan.
2023/07/19 17:38:36.526 => CRadarProtocolDevice::OpenCmdMode: CMDID(0x00FF) failed with:A002
2023/07/19 17:38:36.685 => protocol version = 2, send_recv buffer size = 32
2023/07/19 17:38:36.702 => Cancel Read Data
2023/07/19 17:38:36.702 => CloseSerial: mSerialFile=0x000006a8
2023/07/19 17:38:36.702 => Cancel Read Data
2023/07/19 17:38:36.703 => CloseSerial: mSerialFile=0xffffffff
2023/07/19 17:38:36.703 => Cancel Read Data
2023/07/19 17:38:36.703 => CloseSerial: mSerialFile=0xffffffff
2023/07/19 17:38:36.703 => CloseSerial: mSerialFile=0xffffffff
