2023/07/07 16:46:37.660 => CloseSerial: mSerialFile=0xffffffff
2023/07/07 16:46:37.660 => Prepare Open Serial: Com=\\.\COM12 BaudRate=115200
2023/07/07 16:46:37.661 => OpenSerial: Com=\\.\COM12 BaudRate=115200, Success=1, mSerialFile=0x00000804
2023/07/07 16:46:37.669 => protocol version = 2, send_recv buffer size = 32
2023/07/07 16:46:37.842 => protocol version = 2, send_recv buffer size = 32
2023/07/07 16:46:37.849 => GetVersion Return: v1.5.5_0.0
2023/07/07 16:46:37.929 => ReadSetting_RadarOperatorConfig, result: Success
2023/07/07 16:46:38.877 => Start Realtime data show.
2023/07/07 16:46:38.877 => thread create success, thread handle=0x00000814, id=11060, name=ReadData
2023/07/07 16:46:38.877 => thread information, name=ReadData, tid=11060(0x00002b34)
2023/07/07 16:46:38.877 => CRadarProtocolDevice::OpenCmdMode: CMDID(0x00FF) failed with:A002
2023/07/07 16:46:39.039 => protocol version = 2, send_recv buffer size = 32
2023/07/07 16:46:40.924 => prepare exit thread..., name=ReadData, tid=11060(0x00002b34)
2023/07/07 16:46:40.952 => protocol version = 2, send_recv buffer size = 32
2023/07/07 16:46:41.119 => protocol version = 2, send_recv buffer size = 32
2023/07/07 16:46:41.136 => thread exit, name=ReadData, tid=11060(0x00002b34)
2023/07/07 16:46:41.136 => thread exit over, name=ReadData, tid=11060(0x00002b34)
2023/07/07 16:46:41.138 => Stop Realtime data show.
2023/07/07 16:46:41.901 => Stop Noise scan.
2023/07/07 16:46:41.902 => Start Realtime data show.
2023/07/07 16:46:41.902 => thread create success, thread handle=0x00000848, id=17592, name=ReadData
2023/07/07 16:46:41.902 => thread information, name=ReadData, tid=17592(0x000044b8)
2023/07/07 16:46:41.902 => CRadarProtocolDevice::OpenCmdMode: CMDID(0x00FF) failed with:A002
2023/07/07 16:46:42.069 => protocol version = 2, send_recv buffer size = 32
2023/07/07 16:58:32.029 => prepare exit thread..., name=ReadData, tid=17592(0x000044b8)
2023/07/07 16:58:32.138 => protocol version = 2, send_recv buffer size = 32
2023/07/07 16:58:32.303 => protocol version = 2, send_recv buffer size = 32
2023/07/07 16:58:32.320 => thread exit, name=ReadData, tid=17592(0x000044b8)
2023/07/07 16:58:32.320 => thread exit over, name=ReadData, tid=17592(0x000044b8)
2023/07/07 16:58:32.323 => Stop Realtime data show.
2023/07/07 16:58:32.323 => Stop Noise scan.
2023/07/07 16:58:32.331 => protocol version = 2, send_recv buffer size = 32
2023/07/07 16:58:32.501 => protocol version = 2, send_recv buffer size = 32
2023/07/07 16:58:32.518 => Cancel Read Data
2023/07/07 16:58:32.518 => CloseSerial: mSerialFile=0x00000804
2023/07/07 16:58:56.818 => Stop Realtime data show.
2023/07/07 16:58:56.818 => Stop Realtime data show.
2023/07/07 16:58:56.820 => Stop Noise scan.
2023/07/07 16:58:56.821 => Cancel Read Data
2023/07/07 16:58:56.821 => CloseSerial: mSerialFile=0xffffffff
2023/07/07 16:58:56.821 => Cancel Read Data
2023/07/07 16:58:56.821 => CloseSerial: mSerialFile=0xffffffff
2023/07/07 16:58:56.821 => CloseSerial: mSerialFile=0xffffffff
