2026/07/17 19:47:36.202 => CloseSerial: mSerialFile=0xffffffff
2026/07/17 19:47:36.202 => Prepare Open Serial: Com=\\.\COM3 BaudRate=115200
2026/07/17 19:47:36.202 => OpenSerial: Com=\\.\COM3 BaudRate=115200, Success=1, mSerialFile=0x00000668
2026/07/17 19:47:36.265 => CRadarProtocolDevice::OpenCmdMode: CMDID(0x00FF) failed with:A002
2026/07/17 19:47:36.473 => CRadarProtocolDevice::OpenCmdMode: CMDID(0x00FF) failed with:A002
2026/07/17 19:47:36.473 => CRadarProtocolDevice::OpenCmdMode: CMDID(0x00FF) failed with:A002
2026/07/17 19:47:36.473 => CRadarProtocolDevice::OpenCmdMode: CMDID(0x00FF) failed with:A002
2026/07/17 19:47:36.473 => CRadarProtocolDevice::OpenCmdMode: CMDID(0x00FF) failed with:A002
2026/07/17 19:47:36.473 => Cancel Read Data
2026/07/17 19:47:36.473 => CloseSerial: mSerialFile=0x00000668
2026/07/17 19:47:38.554 => CloseSerial: mSerialFile=0xffffffff
2026/07/17 19:47:38.554 => Prepare Open Serial: Com=\\.\COM3 BaudRate=115200
2026/07/17 19:47:38.554 => OpenSerial: Com=\\.\COM3 BaudRate=115200, Success=1, mSerialFile=0x0000067c
2026/07/17 19:47:38.599 => CRadarProtocolDevice::OpenCmdMode: CMDID(0x00FF) failed with:A002
2026/07/17 19:47:38.810 => CRadarProtocolDevice::OpenCmdMode: CMDID(0x00FF) failed with:A002
2026/07/17 19:47:38.810 => CRadarProtocolDevice::OpenCmdMode: CMDID(0x00FF) failed with:A002
2026/07/17 19:47:38.810 => CRadarProtocolDevice::OpenCmdMode: CMDID(0x00FF) failed with:A002
2026/07/17 19:47:38.810 => CRadarProtocolDevice::OpenCmdMode: CMDID(0x00FF) failed with:A002
2026/07/17 19:47:38.810 => Cancel Read Data
2026/07/17 19:47:38.810 => CloseSerial: mSerialFile=0x0000067c
2026/07/17 19:47:59.606 => CloseSerial: mSerialFile=0xffffffff
2026/07/17 19:47:59.606 => Prepare Open Serial: Com=\\.\COM3 BaudRate=115200
2026/07/17 19:47:59.606 => OpenSerial: Com=\\.\COM3 BaudRate=115200, Success=1, mSerialFile=0x00000640
2026/07/17 19:47:59.606 => CRadarProtocolDevice::OpenCmdMode: CMDID(0x00FF) failed with:A002
2026/07/17 19:47:59.812 => CRadarProtocolDevice::OpenCmdMode: CMDID(0x00FF) failed with:A002
2026/07/17 19:47:59.812 => CRadarProtocolDevice::OpenCmdMode: CMDID(0x00FF) failed with:A002
2026/07/17 19:47:59.812 => CRadarProtocolDevice::OpenCmdMode: CMDID(0x00FF) failed with:A002
2026/07/17 19:47:59.828 => CRadarProtocolDevice::OpenCmdMode: CMDID(0x00FF) failed with:A002
2026/07/17 19:47:59.828 => Cancel Read Data
2026/07/17 19:47:59.828 => CloseSerial: mSerialFile=0x00000640
2026/07/17 19:54:48.093 => CloseSerial: mSerialFile=0xffffffff
2026/07/17 19:54:48.093 => Prepare Open Serial: Com=\\.\COM3 BaudRate=115200
2026/07/17 19:54:48.096 => OpenSerial: Com=\\.\COM3 BaudRate=115200, Success=1, mSerialFile=0x00000688
2026/07/17 19:54:48.105 => protocol version = 2, send_recv buffer size = 32
2026/07/17 19:54:48.266 => protocol version = 2, send_recv buffer size = 32
2026/07/17 19:54:48.274 => GetVersion Return: v1.6.1_0.0
2026/07/17 19:54:48.359 => ReadSetting_RadarOperatorConfig, result: Success
2026/07/17 19:57:21.178 => Stop Realtime data show.
2026/07/17 19:57:21.178 => Stop Noise scan.
2026/07/17 19:57:21.178 => CRadarProtocolDevice::OpenCmdMode: CMDID(0x00FF) failed with:A002
2026/07/17 19:57:21.344 => protocol version = 2, send_recv buffer size = 32
2026/07/17 19:57:21.360 => Cancel Read Data
2026/07/17 19:57:21.360 => CloseSerial: mSerialFile=0x00000688
2026/07/17 21:49:53.186 => CloseSerial: mSerialFile=0xffffffff
2026/07/17 21:49:53.186 => Prepare Open Serial: Com=\\.\COM3 BaudRate=115200
2026/07/17 21:49:53.188 => OpenSerial: Com=\\.\COM3 BaudRate=115200, Success=1, mSerialFile=0x00000680
2026/07/17 21:49:53.198 => protocol version = 2, send_recv buffer size = 32
2026/07/17 21:49:53.370 => protocol version = 2, send_recv buffer size = 32
2026/07/17 21:49:53.379 => GetVersion Return: v1.6.1_0.0
2026/07/17 21:49:53.459 => ReadSetting_RadarOperatorConfig, result: Success
2026/07/17 21:54:04.953 => Start Realtime data show.
2026/07/17 21:54:04.953 => thread create success, thread handle=0x00000ee0, id=5100, name=ReadData
2026/07/17 21:54:04.953 => thread information, name=ReadData, tid=5100(0x000013ec)
2026/07/17 21:54:04.965 => CRadarProtocolDevice::OpenCmdMode: CMDID(0x00FF) failed with:A002
2026/07/17 21:54:05.140 => protocol version = 2, send_recv buffer size = 32
2026/07/17 21:54:32.058 => prepare exit thread..., name=ReadData, tid=5100(0x000013ec)
2026/07/17 21:54:35.080 => CRadarProtocolDevice::OpenCmdMode: CMDID(0x00FF) failed with:A001
2026/07/17 21:54:37.252 => CRadarProtocolDevice::OpenCmdMode: CMDID(0x00FF) failed with:A001
2026/07/17 21:54:39.264 => CRadarProtocolDevice::OpenCmdMode: CMDID(0x00FF) failed with:A001
2026/07/17 21:54:41.279 => CRadarProtocolDevice::OpenCmdMode: CMDID(0x00FF) failed with:A001
2026/07/17 21:54:43.289 => CRadarProtocolDevice::OpenCmdMode: CMDID(0x00FF) failed with:A001
2026/07/17 21:54:45.302 => CRadarProtocolDevice::SetDataTransferMode: CMDID(0x0012) failed with:A001
2026/07/17 21:54:47.311 => CRadarProtocolDevice::CloseCmdMode: CMDID(0x00FE) failed with:A001
2026/07/17 21:54:47.311 => thread exit, name=ReadData, tid=5100(0x000013ec)
2026/07/17 21:54:47.311 => thread exit over, name=ReadData, tid=5100(0x000013ec)
2026/07/17 21:54:47.311 => Stop Realtime data show.
2026/07/17 21:54:47.328 => Stop Noise scan.
2026/07/17 21:54:47.331 => Stop Noise scan.
2026/07/17 21:54:49.519 => Start Realtime data show.
2026/07/17 21:54:49.519 => thread create success, thread handle=0x0000108c, id=20808, name=ReadData
2026/07/17 21:54:49.519 => thread information, name=ReadData, tid=20808(0x00005148)
2026/07/17 21:54:51.525 => CRadarProtocolDevice::OpenCmdMode: CMDID(0x00FF) failed with:A001
2026/07/17 21:54:53.694 => CRadarProtocolDevice::OpenCmdMode: CMDID(0x00FF) failed with:A001
2026/07/17 21:54:55.695 => CRadarProtocolDevice::OpenCmdMode: CMDID(0x00FF) failed with:A001
2026/07/17 21:54:57.722 => CRadarProtocolDevice::OpenCmdMode: CMDID(0x00FF) failed with:A001
2026/07/17 21:54:59.737 => CRadarProtocolDevice::OpenCmdMode: CMDID(0x00FF) failed with:A001
2026/07/17 21:55:01.741 => CRadarProtocolDevice::SetABDMode: CMDID(0x0012) failed with:A001
2026/07/17 21:55:03.743 => CRadarProtocolDevice::CloseCmdMode: CMDID(0x00FE) failed with:A001
2026/07/17 21:55:41.581 => prepare exit thread..., name=ReadData, tid=20808(0x00005148)
2026/07/17 21:55:43.912 => CRadarProtocolDevice::OpenCmdMode: CMDID(0x00FF) failed with:A001
2026/07/17 21:55:46.082 => CRadarProtocolDevice::OpenCmdMode: CMDID(0x00FF) failed with:A001
2026/07/17 21:55:48.091 => CRadarProtocolDevice::OpenCmdMode: CMDID(0x00FF) failed with:A001
2026/07/17 21:55:50.097 => CRadarProtocolDevice::OpenCmdMode: CMDID(0x00FF) failed with:A001
2026/07/17 21:55:52.103 => CRadarProtocolDevice::OpenCmdMode: CMDID(0x00FF) failed with:A001
2026/07/17 21:55:54.105 => CRadarProtocolDevice::SetDataTransferMode: CMDID(0x0012) failed with:A001
2026/07/17 21:55:56.112 => CRadarProtocolDevice::CloseCmdMode: CMDID(0x00FE) failed with:A001
2026/07/17 21:55:56.112 => thread exit, name=ReadData, tid=20808(0x00005148)
2026/07/17 21:55:56.112 => thread exit over, name=ReadData, tid=20808(0x00005148)
2026/07/17 21:55:56.112 => Stop Realtime data show.
2026/07/17 21:55:56.112 => Stop Noise scan.
2026/07/17 21:55:58.122 => CRadarProtocolDevice::OpenCmdMode: CMDID(0x00FF) failed with:A001
2026/07/17 21:56:00.294 => CRadarProtocolDevice::OpenCmdMode: CMDID(0x00FF) failed with:A001
2026/07/17 21:56:02.301 => CRadarProtocolDevice::OpenCmdMode: CMDID(0x00FF) failed with:A001
2026/07/17 21:56:04.321 => CRadarProtocolDevice::OpenCmdMode: CMDID(0x00FF) failed with:A001
2026/07/17 21:56:06.336 => CRadarProtocolDevice::OpenCmdMode: CMDID(0x00FF) failed with:A001
2026/07/17 21:56:08.362 => CRadarProtocolDevice::SetParameter: CMDID(0x0012) failed with:A001
2026/07/17 21:56:10.363 => CRadarProtocolDevice::CloseCmdMode: CMDID(0x00FE) failed with:A001
2026/07/17 21:56:10.363 => Cancel Read Data
2026/07/17 21:56:10.363 => CloseSerial: mSerialFile=0x00000680
2026/07/17 21:56:15.332 => Stop Realtime data show.
2026/07/17 21:56:16.678 => CloseSerial: mSerialFile=0xffffffff
2026/07/17 21:56:16.678 => Prepare Open Serial: Com=\\.\COM3 BaudRate=115200
2026/07/17 21:56:16.678 => OpenSerial: Com=\\.\COM3 BaudRate=115200, Success=1, mSerialFile=0x00000684
2026/07/17 21:56:18.679 => CRadarProtocolDevice::OpenCmdMode: CMDID(0x00FF) failed with:A001
2026/07/17 21:56:20.854 => CRadarProtocolDevice::OpenCmdMode: CMDID(0x00FF) failed with:A001
2026/07/17 21:56:22.862 => CRadarProtocolDevice::OpenCmdMode: CMDID(0x00FF) failed with:A001
2026/07/17 21:56:24.872 => CRadarProtocolDevice::OpenCmdMode: CMDID(0x00FF) failed with:A001
2026/07/17 21:56:26.877 => CRadarProtocolDevice::OpenCmdMode: CMDID(0x00FF) failed with:A001
2026/07/17 21:56:26.877 => Cancel Read Data
2026/07/17 21:56:26.877 => CloseSerial: mSerialFile=0x00000684
2026/07/17 21:56:30.839 => Stop Realtime data show.
2026/07/17 21:56:30.839 => Stop Noise scan.
2026/07/17 21:56:30.839 => Cancel Read Data
2026/07/17 21:56:30.839 => CloseSerial: mSerialFile=0xffffffff
2026/07/17 21:56:30.839 => Cancel Read Data
2026/07/17 21:56:30.839 => CloseSerial: mSerialFile=0xffffffff
2026/07/17 21:56:30.839 => CloseSerial: mSerialFile=0xffffffff
