2023/12/12 14:38:57.198 => CloseSerial: mSerialFile=0xffffffff
2023/12/12 14:38:57.198 => Prepare Open Serial: Com=\\.\COM4 BaudRate=115200
2023/12/12 14:38:57.200 => OpenSerial: Com=\\.\COM4 BaudRate=115200, Success=1, mSerialFile=0x00000964
2023/12/12 14:38:57.208 => protocol version = 2, send_recv buffer size = 32
2023/12/12 14:38:57.372 => protocol version = 2, send_recv buffer size = 32
2023/12/12 14:38:57.379 => GetVersion Return: v1.5.8_0.0
2023/12/12 14:38:57.466 => ReadSetting_RadarOperatorConfig, result: Success
2023/12/12 14:38:58.305 => Stop Realtime data show.
2023/12/12 14:38:58.305 => Stop Noise scan.
2023/12/12 14:38:58.305 => CRadarProtocolDevice::OpenCmdMode: CMDID(0x00FF) failed with:A002
2023/12/12 14:38:58.477 => protocol version = 2, send_recv buffer size = 32
2023/12/12 14:38:58.494 => Cancel Read Data
2023/12/12 14:38:58.494 => CloseSerial: mSerialFile=0x00000964
2023/12/12 14:45:04.505 => CloseSerial: mSerialFile=0xffffffff
2023/12/12 14:45:04.505 => Prepare Open Serial: Com=\\.\COM4 BaudRate=115200
2023/12/12 14:45:04.506 => OpenSerial: Com=\\.\COM4 BaudRate=115200, Success=1, mSerialFile=0x00000980
2023/12/12 14:45:04.516 => protocol version = 2, send_recv buffer size = 32
2023/12/12 14:45:04.686 => protocol version = 2, send_recv buffer size = 32
2023/12/12 14:45:04.693 => GetVersion Return: v1.5.8_0.0
2023/12/12 14:45:04.780 => ReadSetting_RadarOperatorConfig, result: Success
2023/12/12 14:45:07.305 => CRadarProtocolDevice::OpenCmdMode: CMDID(0x00FF) failed with:A002
2023/12/12 14:45:07.472 => protocol version = 2, send_recv buffer size = 32
2023/12/12 14:45:07.549 => ReadSetting_RadarOperatorConfig, result: Success
2023/12/12 14:45:09.882 => Start Realtime data show.
2023/12/12 14:45:09.882 => thread create success, thread handle=0x0000085c, id=8824, name=ReadData
2023/12/12 14:45:09.882 => thread information, name=ReadData, tid=8824(0x00002278)
2023/12/12 14:45:09.882 => CRadarProtocolDevice::OpenCmdMode: CMDID(0x00FF) failed with:A002
2023/12/12 14:45:10.050 => protocol version = 2, send_recv buffer size = 32
2023/12/12 14:46:15.408 => prepare exit thread..., name=ReadData, tid=8824(0x00002278)
2023/12/12 14:46:15.466 => CRadarProtocolDevice::OpenCmdMode: CMDID(0x00FF) failed with:A002
2023/12/12 14:46:15.636 => protocol version = 2, send_recv buffer size = 32
2023/12/12 14:46:15.652 => thread exit, name=ReadData, tid=8824(0x00002278)
2023/12/12 14:46:15.653 => thread exit over, name=ReadData, tid=8824(0x00002278)
2023/12/12 14:46:15.664 => Stop Realtime data show.
2023/12/12 14:46:22.618 => Stop Realtime data show.
2023/12/12 14:46:22.618 => Stop Noise scan.
2023/12/12 14:46:22.618 => WriteOnePacket write 0 bytes, total need write 14, has write 0
2023/12/12 14:46:22.775 => WriteOnePacket write 0 bytes, total need write 14, has write 0
2023/12/12 14:46:22.775 => WriteOnePacket write 0 bytes, total need write 14, has write 0
2023/12/12 14:46:22.775 => WriteOnePacket write 0 bytes, total need write 14, has write 0
2023/12/12 14:46:22.775 => WriteOnePacket write 0 bytes, total need write 14, has write 0
2023/12/12 14:46:22.775 => WriteOnePacket write 0 bytes, total need write 18, has write 0
2023/12/12 14:46:22.775 => WriteOnePacket write 0 bytes, total need write 12, has write 0
2023/12/12 14:46:22.775 => Cancel Read Data
2023/12/12 14:46:22.775 => CloseSerial: mSerialFile=0x00000980
2023/12/12 14:46:24.785 => CloseSerial: mSerialFile=0xffffffff
2023/12/12 14:46:24.785 => Prepare Open Serial: Com=\\.\COM4 BaudRate=115200
2023/12/12 14:46:24.787 => OpenSerial: Com=\\.\COM4 BaudRate=115200, Success=1, mSerialFile=0x00000a58
2023/12/12 14:46:24.796 => protocol version = 2, send_recv buffer size = 32
2023/12/12 14:46:24.954 => protocol version = 2, send_recv buffer size = 32
2023/12/12 14:46:24.963 => GetVersion Return: v1.5.8_0.0
2023/12/12 14:46:25.043 => ReadSetting_RadarOperatorConfig, result: Success
2023/12/12 14:46:28.609 => Stop Realtime data show.
2023/12/12 14:46:29.569 => Start Realtime data show.
2023/12/12 14:46:29.569 => thread create success, thread handle=0x000009a4, id=27700, name=ReadData
2023/12/12 14:46:29.570 => thread information, name=ReadData, tid=27700(0x00006c34)
2023/12/12 14:46:29.570 => CRadarProtocolDevice::OpenCmdMode: CMDID(0x00FF) failed with:A002
2023/12/12 14:46:29.735 => protocol version = 2, send_recv buffer size = 32
2023/12/12 14:46:31.542 => prepare exit thread..., name=ReadData, tid=27700(0x00006c34)
2023/12/12 14:46:31.752 => thread exit, name=ReadData, tid=27700(0x00006c34)
2023/12/12 14:46:31.752 => thread exit over, name=ReadData, tid=27700(0x00006c34)
2023/12/12 14:46:31.753 => Stop Realtime data show.
2023/12/12 14:46:31.753 => Stop Realtime data show.
2023/12/12 14:46:31.754 => Stop Noise scan.
2023/12/12 14:46:31.755 => Cancel Read Data
2023/12/12 14:46:31.755 => CloseSerial: mSerialFile=0xffffffff
2023/12/12 14:46:31.755 => Cancel Read Data
2023/12/12 14:46:31.755 => CloseSerial: mSerialFile=0xffffffff
2023/12/12 14:46:31.755 => CloseSerial: mSerialFile=0xffffffff
