2023/12/01 16:50:55.603 => CloseSerial: mSerialFile=0xffffffff
2023/12/01 16:50:55.603 => Prepare Open Serial: Com=\\.\COM18 BaudRate=115200
2023/12/01 16:50:55.605 => OpenSerial: Com=\\.\COM18 BaudRate=115200, Success=1, mSerialFile=0x0000095c
2023/12/01 16:50:55.612 => protocol version = 2, send_recv buffer size = 32
2023/12/01 16:50:55.782 => protocol version = 2, send_recv buffer size = 32
2023/12/01 16:50:55.790 => GetVersion Return: v1.5.8_0.0
2023/12/01 16:50:55.876 => ReadSetting_RadarOperatorConfig, result: Success
2023/12/01 16:50:59.196 => CRadarProtocolDevice::OpenCmdMode: CMDID(0x00FF) failed with:A002
2023/12/01 16:50:59.363 => protocol version = 2, send_recv buffer size = 32
2023/12/01 16:50:59.442 => ReadSetting_RadarOperatorConfig, result: Success
2023/12/01 16:51:01.902 => Start Realtime data show.
2023/12/01 16:51:01.903 => thread create success, thread handle=0x00000968, id=14820, name=ReadData
2023/12/01 16:51:01.903 => thread information, name=ReadData, tid=14820(0x000039e4)
2023/12/01 16:51:01.903 => CRadarProtocolDevice::OpenCmdMode: CMDID(0x00FF) failed with:A002
2023/12/01 16:51:02.062 => protocol version = 2, send_recv buffer size = 32
2023/12/01 16:51:03.907 => prepare exit thread..., name=ReadData, tid=14820(0x000039e4)
2023/12/01 16:51:03.972 => CRadarProtocolDevice::OpenCmdMode: CMDID(0x00FF) failed with:A002
2023/12/01 16:51:04.136 => protocol version = 2, send_recv buffer size = 32
2023/12/01 16:51:04.152 => thread exit, name=ReadData, tid=14820(0x000039e4)
2023/12/01 16:51:04.152 => thread exit over, name=ReadData, tid=14820(0x000039e4)
2023/12/01 16:51:04.168 => Stop Realtime data show.
2023/12/01 17:15:52.526 => Stop Realtime data show.
2023/12/01 17:15:52.527 => Stop Realtime data show.
2023/12/01 17:15:52.528 => Stop Noise scan.
2023/12/01 17:15:52.529 => WriteOnePacket write 0 bytes, total need write 14, has write 0
2023/12/01 17:15:52.694 => WriteOnePacket write 0 bytes, total need write 14, has write 0
2023/12/01 17:15:52.694 => WriteOnePacket write 0 bytes, total need write 14, has write 0
2023/12/01 17:15:52.694 => WriteOnePacket write 0 bytes, total need write 14, has write 0
2023/12/01 17:15:52.694 => WriteOnePacket write 0 bytes, total need write 14, has write 0
2023/12/01 17:15:52.694 => WriteOnePacket write 0 bytes, total need write 18, has write 0
2023/12/01 17:15:52.694 => WriteOnePacket write 0 bytes, total need write 12, has write 0
2023/12/01 17:15:52.694 => Cancel Read Data
2023/12/01 17:15:52.694 => CloseSerial: mSerialFile=0x0000095c
2023/12/01 17:15:52.695 => Cancel Read Data
2023/12/01 17:15:52.695 => CloseSerial: mSerialFile=0xffffffff
2023/12/01 17:15:52.695 => Cancel Read Data
2023/12/01 17:15:52.696 => CloseSerial: mSerialFile=0xffffffff
2023/12/01 17:15:52.696 => CloseSerial: mSerialFile=0xffffffff
