2023/07/07 16:40:18.597 => CloseSerial: mSerialFile=0xffffffff
2023/07/07 16:40:18.597 => Prepare Open Serial: Com=\\.\COM12 BaudRate=115200
2023/07/07 16:40:18.598 => OpenSerial: Com=\\.\COM12 BaudRate=115200, Success=1, mSerialFile=0x00000804
2023/07/07 16:40:18.670 => CRadarProtocolDevice::OpenCmdMode: CMDID(0x00FF) failed with:A002
2023/07/07 16:40:18.881 => CRadarProtocolDevice::OpenCmdMode: CMDID(0x00FF) failed with:A002
2023/07/07 16:40:18.881 => CRadarProtocolDevice::OpenCmdMode: CMDID(0x00FF) failed with:A002
2023/07/07 16:40:18.881 => CRadarProtocolDevice::OpenCmdMode: CMDID(0x00FF) failed with:A002
2023/07/07 16:40:18.882 => CRadarProtocolDevice::OpenCmdMode: CMDID(0x00FF) failed with:A002
2023/07/07 16:40:18.882 => Cancel Read Data
2023/07/07 16:40:18.882 => CloseSerial: mSerialFile=0x00000804
2023/07/07 16:40:34.693 => CloseSerial: mSerialFile=0xffffffff
2023/07/07 16:40:34.693 => Prepare Open Serial: Com=\\.\COM12 BaudRate=115200
2023/07/07 16:40:34.694 => OpenSerial: Com=\\.\COM12 BaudRate=115200, Success=1, mSerialFile=0x00000818
2023/07/07 16:40:34.701 => protocol version = 2, send_recv buffer size = 32
2023/07/07 16:40:34.860 => protocol version = 2, send_recv buffer size = 32
2023/07/07 16:40:34.868 => GetVersion Return: v1.5.5_0.0
2023/07/07 16:40:34.947 => ReadSetting_RadarOperatorConfig, result: Success
2023/07/07 16:40:36.253 => Start Realtime data show.
2023/07/07 16:40:36.253 => thread create success, thread handle=0x00000688, id=19340, name=ReadData
2023/07/07 16:40:36.253 => thread information, name=ReadData, tid=19340(0x00004b8c)
2023/07/07 16:40:36.253 => CRadarProtocolDevice::OpenCmdMode: CMDID(0x00FF) failed with:A002
2023/07/07 16:40:36.420 => protocol version = 2, send_recv buffer size = 32
2023/07/07 16:40:50.860 => prepare exit thread..., name=ReadData, tid=19340(0x00004b8c)
2023/07/07 16:40:50.883 => CRadarProtocolDevice::OpenCmdMode: CMDID(0x00FF) failed with:A002
2023/07/07 16:40:51.052 => protocol version = 2, send_recv buffer size = 32
2023/07/07 16:40:51.069 => thread exit, name=ReadData, tid=19340(0x00004b8c)
2023/07/07 16:40:51.069 => thread exit over, name=ReadData, tid=19340(0x00004b8c)
2023/07/07 16:40:51.070 => Stop Realtime data show.
2023/07/07 16:40:51.070 => Stop Noise scan.
2023/07/07 16:40:51.078 => protocol version = 2, send_recv buffer size = 32
2023/07/07 16:40:51.235 => protocol version = 2, send_recv buffer size = 32
2023/07/07 16:40:51.251 => Cancel Read Data
2023/07/07 16:40:51.251 => CloseSerial: mSerialFile=0x00000818
2023/07/07 16:41:02.860 => CloseSerial: mSerialFile=0xffffffff
2023/07/07 16:41:02.860 => Prepare Open Serial: Com=\\.\COM12 BaudRate=115200
2023/07/07 16:41:02.861 => OpenSerial: Com=\\.\COM12 BaudRate=115200, Success=1, mSerialFile=0x00000820
2023/07/07 16:41:02.869 => protocol version = 2, send_recv buffer size = 32
2023/07/07 16:41:03.031 => protocol version = 2, send_recv buffer size = 32
2023/07/07 16:41:03.039 => GetVersion Return: v1.5.6_0.0
2023/07/07 16:41:03.117 => ReadSetting_RadarOperatorConfig, result: Success
2023/07/07 16:41:04.428 => Start Realtime data show.
2023/07/07 16:41:04.430 => thread create success, thread handle=0x00000830, id=15864, name=ReadData
2023/07/07 16:41:04.430 => thread information, name=ReadData, tid=15864(0x00003df8)
2023/07/07 16:41:04.430 => CRadarProtocolDevice::OpenCmdMode: CMDID(0x00FF) failed with:A002
2023/07/07 16:41:04.594 => protocol version = 2, send_recv buffer size = 32
2023/07/07 16:43:26.989 => prepare exit thread..., name=ReadData, tid=15864(0x00003df8)
2023/07/07 16:43:27.052 => CRadarProtocolDevice::OpenCmdMode: CMDID(0x00FF) failed with:A002
2023/07/07 16:43:27.220 => protocol version = 2, send_recv buffer size = 32
2023/07/07 16:43:27.236 => thread exit, name=ReadData, tid=15864(0x00003df8)
2023/07/07 16:43:27.236 => thread exit over, name=ReadData, tid=15864(0x00003df8)
2023/07/07 16:43:27.237 => Stop Realtime data show.
2023/07/07 16:43:28.557 => Stop Noise scan.
2023/07/07 16:43:28.557 => Start Realtime data show.
2023/07/07 16:43:28.557 => thread create success, thread handle=0x00000bbc, id=3228, name=ReadData
2023/07/07 16:43:28.557 => thread information, name=ReadData, tid=3228(0x00000c9c)
2023/07/07 16:43:28.557 => CRadarProtocolDevice::OpenCmdMode: CMDID(0x00FF) failed with:A002
2023/07/07 16:43:28.722 => protocol version = 2, send_recv buffer size = 32
2023/07/07 16:44:53.676 => prepare exit thread..., name=ReadData, tid=3228(0x00000c9c)
2023/07/07 16:44:53.758 => CRadarProtocolDevice::OpenCmdMode: CMDID(0x00FF) failed with:A002
2023/07/07 16:44:53.930 => protocol version = 2, send_recv buffer size = 32
2023/07/07 16:44:53.947 => thread exit, name=ReadData, tid=3228(0x00000c9c)
2023/07/07 16:44:53.947 => thread exit over, name=ReadData, tid=3228(0x00000c9c)
2023/07/07 16:44:53.948 => Stop Realtime data show.
2023/07/07 16:44:53.948 => Stop Noise scan.
2023/07/07 16:44:53.956 => protocol version = 2, send_recv buffer size = 32
2023/07/07 16:44:54.126 => protocol version = 2, send_recv buffer size = 32
2023/07/07 16:44:54.143 => Cancel Read Data
2023/07/07 16:44:54.143 => CloseSerial: mSerialFile=0x00000820
2023/07/07 16:45:06.204 => CloseSerial: mSerialFile=0xffffffff
2023/07/07 16:45:06.204 => Prepare Open Serial: Com=\\.\COM12 BaudRate=115200
2023/07/07 16:45:06.206 => OpenSerial: Com=\\.\COM12 BaudRate=115200, Success=1, mSerialFile=0x00000adc
2023/07/07 16:45:08.212 => CRadarProtocolDevice::OpenCmdMode: CMDID(0x00FF) failed with:A001
2023/07/07 16:45:10.378 => CRadarProtocolDevice::OpenCmdMode: CMDID(0x00FF) failed with:A001
2023/07/07 16:45:12.392 => CRadarProtocolDevice::OpenCmdMode: CMDID(0x00FF) failed with:A001
2023/07/07 16:45:14.393 => CRadarProtocolDevice::OpenCmdMode: CMDID(0x00FF) failed with:A001
2023/07/07 16:45:16.404 => CRadarProtocolDevice::OpenCmdMode: CMDID(0x00FF) failed with:A001
2023/07/07 16:45:16.404 => Cancel Read Data
2023/07/07 16:45:16.404 => CloseSerial: mSerialFile=0x00000adc
2023/07/07 16:45:43.853 => CloseSerial: mSerialFile=0xffffffff
2023/07/07 16:45:43.853 => Prepare Open Serial: Com=\\.\COM12 BaudRate=115200
2023/07/07 16:45:43.853 => Open \\.\COM12 failed:5
2023/07/07 16:45:43.853 => OpenSerial: Com=\\.\COM12 BaudRate=115200, Success=0, mSerialFile=0xffffffff
2023/07/07 16:45:43.853 => CloseSerial: mSerialFile=0xffffffff
2023/07/07 16:45:45.411 => Stop Realtime data show.
2023/07/07 16:45:45.411 => Stop Realtime data show.
2023/07/07 16:45:45.412 => Stop Noise scan.
2023/07/07 16:45:45.413 => Cancel Read Data
2023/07/07 16:45:45.413 => CloseSerial: mSerialFile=0xffffffff
2023/07/07 16:45:45.413 => Cancel Read Data
2023/07/07 16:45:45.413 => CloseSerial: mSerialFile=0xffffffff
2023/07/07 16:45:45.413 => CloseSerial: mSerialFile=0xffffffff
