2023/07/07 16:24:00.581 => Stop Noise scan.
2023/07/07 16:24:00.582 => Stop Realtime data show.
2023/07/07 16:24:04.109 => CloseSerial: mSerialFile=0xffffffff
2023/07/07 16:24:04.109 => Prepare Open Serial: Com=\\.\COM12 BaudRate=115200
2023/07/07 16:24:04.110 => OpenSerial: Com=\\.\COM12 BaudRate=115200, Success=1, mSerialFile=0x0000081c
2023/07/07 16:24:04.113 => CRadarProtocolDevice::OpenCmdMode: CMDID(0x00FF) failed with:A002
2023/07/07 16:24:04.270 => protocol version = 2, send_recv buffer size = 32
2023/07/07 16:24:04.278 => GetVersion Return: v1.5.5_0.0
2023/07/07 16:24:04.359 => ReadSetting_RadarOperatorConfig, result: Success
2023/07/07 16:24:05.005 => Start Realtime data show.
2023/07/07 16:24:05.011 => thread create success, thread handle=0x00000830, id=8732, name=ReadData
2023/07/07 16:24:05.011 => thread information, name=ReadData, tid=8732(0x0000221c)
2023/07/07 16:24:05.011 => CRadarProtocolDevice::OpenCmdMode: CMDID(0x00FF) failed with:A002
2023/07/07 16:24:05.180 => protocol version = 2, send_recv buffer size = 32
2023/07/07 16:24:49.028 => prepare exit thread..., name=ReadData, tid=8732(0x0000221c)
2023/07/07 16:24:49.105 => CRadarProtocolDevice::OpenCmdMode: CMDID(0x00FF) failed with:A002
2023/07/07 16:24:49.271 => protocol version = 2, send_recv buffer size = 32
2023/07/07 16:24:49.288 => thread exit, name=ReadData, tid=8732(0x0000221c)
2023/07/07 16:24:49.288 => thread exit over, name=ReadData, tid=8732(0x0000221c)
2023/07/07 16:24:49.289 => Stop Realtime data show.
2023/07/07 16:24:49.289 => Stop Noise scan.
2023/07/07 16:24:49.296 => protocol version = 2, send_recv buffer size = 32
2023/07/07 16:24:49.466 => protocol version = 2, send_recv buffer size = 32
2023/07/07 16:24:49.483 => Cancel Read Data
2023/07/07 16:24:49.483 => CloseSerial: mSerialFile=0x0000081c
2023/07/07 16:25:00.165 => CloseSerial: mSerialFile=0xffffffff
2023/07/07 16:25:00.165 => Prepare Open Serial: Com=\\.\COM12 BaudRate=115200
2023/07/07 16:25:00.166 => OpenSerial: Com=\\.\COM12 BaudRate=115200, Success=1, mSerialFile=0x00000810
2023/07/07 16:25:00.173 => protocol version = 2, send_recv buffer size = 32
2023/07/07 16:25:00.338 => protocol version = 2, send_recv buffer size = 32
2023/07/07 16:25:00.346 => GetVersion Return: v1.5.5_0.0
2023/07/07 16:25:00.425 => ReadSetting_RadarOperatorConfig, result: Success
2023/07/07 16:25:02.572 => Start Realtime data show.
2023/07/07 16:25:02.574 => thread create success, thread handle=0x00000974, id=5028, name=ReadData
2023/07/07 16:25:02.574 => thread information, name=ReadData, tid=5028(0x000013a4)
2023/07/07 16:25:02.574 => CRadarProtocolDevice::OpenCmdMode: CMDID(0x00FF) failed with:A002
2023/07/07 16:25:02.732 => protocol version = 2, send_recv buffer size = 32
2023/07/07 16:38:09.716 => prepare exit thread..., name=ReadData, tid=5028(0x000013a4)
2023/07/07 16:38:09.745 => CRadarProtocolDevice::OpenCmdMode: CMDID(0x00FF) failed with:A002
2023/07/07 16:38:09.912 => protocol version = 2, send_recv buffer size = 32
2023/07/07 16:38:09.929 => thread exit, name=ReadData, tid=5028(0x000013a4)
2023/07/07 16:38:09.929 => thread exit over, name=ReadData, tid=5028(0x000013a4)
2023/07/07 16:38:09.930 => Stop Realtime data show.
2023/07/07 16:38:10.573 => Stop Realtime data show.
2023/07/07 16:38:10.573 => Stop Noise scan.
2023/07/07 16:38:10.573 => CRadarProtocolDevice::OpenCmdMode: CMDID(0x00FF) failed with:A002
2023/07/07 16:38:10.730 => protocol version = 2, send_recv buffer size = 32
2023/07/07 16:38:10.747 => Cancel Read Data
2023/07/07 16:38:10.747 => CloseSerial: mSerialFile=0x00000810
2023/07/07 16:40:05.421 => CloseSerial: mSerialFile=0xffffffff
2023/07/07 16:40:05.421 => Prepare Open Serial: Com=\\.\COM12 BaudRate=115200
2023/07/07 16:40:05.422 => OpenSerial: Com=\\.\COM12 BaudRate=115200, Success=1, mSerialFile=0x0000081c
2023/07/07 16:40:05.468 => CRadarProtocolDevice::OpenCmdMode: CMDID(0x00FF) failed with:A002
2023/07/07 16:40:05.679 => CRadarProtocolDevice::OpenCmdMode: CMDID(0x00FF) failed with:A002
2023/07/07 16:40:05.679 => CRadarProtocolDevice::OpenCmdMode: CMDID(0x00FF) failed with:A002
2023/07/07 16:40:05.679 => CRadarProtocolDevice::OpenCmdMode: CMDID(0x00FF) failed with:A002
2023/07/07 16:40:05.680 => CRadarProtocolDevice::OpenCmdMode: CMDID(0x00FF) failed with:A002
2023/07/07 16:40:05.680 => Cancel Read Data
2023/07/07 16:40:05.680 => CloseSerial: mSerialFile=0x0000081c
2023/07/07 16:40:09.669 => CloseSerial: mSerialFile=0xffffffff
2023/07/07 16:40:09.669 => Prepare Open Serial: Com=\\.\COM12 BaudRate=115200
2023/07/07 16:40:09.670 => OpenSerial: Com=\\.\COM12 BaudRate=115200, Success=1, mSerialFile=0x00000810
2023/07/07 16:40:09.693 => CRadarProtocolDevice::OpenCmdMode: CMDID(0x00FF) failed with:A002
2023/07/07 16:40:09.903 => CRadarProtocolDevice::OpenCmdMode: CMDID(0x00FF) failed with:A002
2023/07/07 16:40:09.903 => CRadarProtocolDevice::OpenCmdMode: CMDID(0x00FF) failed with:A002
2023/07/07 16:40:09.903 => CRadarProtocolDevice::OpenCmdMode: CMDID(0x00FF) failed with:A002
2023/07/07 16:40:09.905 => CRadarProtocolDevice::OpenCmdMode: CMDID(0x00FF) failed with:A002
2023/07/07 16:40:09.905 => Cancel Read Data
2023/07/07 16:40:09.905 => CloseSerial: mSerialFile=0x00000810
2023/07/07 16:40:11.467 => Stop Realtime data show.
2023/07/07 16:40:11.468 => Stop Realtime data show.
2023/07/07 16:40:11.468 => Stop Noise scan.
2023/07/07 16:40:11.471 => Cancel Read Data
2023/07/07 16:40:11.471 => CloseSerial: mSerialFile=0xffffffff
2023/07/07 16:40:11.471 => Cancel Read Data
2023/07/07 16:40:11.471 => CloseSerial: mSerialFile=0xffffffff
2023/07/07 16:40:11.471 => CloseSerial: mSerialFile=0xffffffff
