2023/07/07 17:11:56.853 => CloseSerial: mSerialFile=0xffffffff
2023/07/07 17:11:56.853 => Prepare Open Serial: Com=\\.\COM12 BaudRate=115200
2023/07/07 17:11:56.853 => Open \\.\COM12 failed:5
2023/07/07 17:11:56.853 => OpenSerial: Com=\\.\COM12 BaudRate=115200, Success=0, mSerialFile=0xffffffff
2023/07/07 17:11:56.853 => CloseSerial: mSerialFile=0xffffffff
2023/07/07 17:12:04.165 => CloseSerial: mSerialFile=0xffffffff
2023/07/07 17:12:04.165 => Prepare Open Serial: Com=\\.\COM12 BaudRate=115200
2023/07/07 17:12:04.165 => Open \\.\COM12 failed:5
2023/07/07 17:12:04.165 => OpenSerial: Com=\\.\COM12 BaudRate=115200, Success=0, mSerialFile=0xffffffff
2023/07/07 17:12:04.165 => CloseSerial: mSerialFile=0xffffffff
2023/07/07 17:12:05.476 => CloseSerial: mSerialFile=0xffffffff
2023/07/07 17:12:05.476 => Prepare Open Serial: Com=\\.\COM12 BaudRate=115200
2023/07/07 17:12:05.476 => Open \\.\COM12 failed:5
2023/07/07 17:12:05.476 => OpenSerial: Com=\\.\COM12 BaudRate=115200, Success=0, mSerialFile=0xffffffff
2023/07/07 17:12:05.476 => CloseSerial: mSerialFile=0xffffffff
2023/07/07 17:12:08.237 => CloseSerial: mSerialFile=0xffffffff
2023/07/07 17:12:08.237 => Prepare Open Serial: Com=\\.\COM12 BaudRate=115200
2023/07/07 17:12:08.237 => Open \\.\COM12 failed:5
2023/07/07 17:12:08.237 => OpenSerial: Com=\\.\COM12 BaudRate=115200, Success=0, mSerialFile=0xffffffff
2023/07/07 17:12:08.237 => CloseSerial: mSerialFile=0xffffffff
2023/07/07 17:12:47.973 => CloseSerial: mSerialFile=0xffffffff
2023/07/07 17:12:47.973 => Prepare Open Serial: Com=\\.\COM12 BaudRate=115200
2023/07/07 17:12:47.973 => OpenSerial: Com=\\.\COM12 BaudRate=115200, Success=1, mSerialFile=0x00000804
2023/07/07 17:12:48.061 => CRadarProtocolDevice::OpenCmdMode: CMDID(0x00FF) failed with:A002
2023/07/07 17:12:48.272 => CRadarProtocolDevice::OpenCmdMode: CMDID(0x00FF) failed with:A002
2023/07/07 17:12:48.272 => CRadarProtocolDevice::OpenCmdMode: CMDID(0x00FF) failed with:A002
2023/07/07 17:12:48.272 => CRadarProtocolDevice::OpenCmdMode: CMDID(0x00FF) failed with:A002
2023/07/07 17:12:48.273 => CRadarProtocolDevice::OpenCmdMode: CMDID(0x00FF) failed with:A002
2023/07/07 17:12:48.273 => Cancel Read Data
2023/07/07 17:12:48.273 => CloseSerial: mSerialFile=0x00000804
2023/07/07 17:12:51.037 => CloseSerial: mSerialFile=0xffffffff
2023/07/07 17:12:51.037 => Prepare Open Serial: Com=\\.\COM12 BaudRate=115200
2023/07/07 17:12:51.037 => OpenSerial: Com=\\.\COM12 BaudRate=115200, Success=1, mSerialFile=0x00000814
2023/07/07 17:12:51.124 => CRadarProtocolDevice::OpenCmdMode: CMDID(0x00FF) failed with:A002
2023/07/07 17:12:51.335 => CRadarProtocolDevice::OpenCmdMode: CMDID(0x00FF) failed with:A002
2023/07/07 17:12:51.335 => CRadarProtocolDevice::OpenCmdMode: CMDID(0x00FF) failed with:A002
2023/07/07 17:12:51.335 => CRadarProtocolDevice::OpenCmdMode: CMDID(0x00FF) failed with:A002
2023/07/07 17:12:51.336 => CRadarProtocolDevice::OpenCmdMode: CMDID(0x00FF) failed with:A002
2023/07/07 17:12:51.336 => Cancel Read Data
2023/07/07 17:12:51.336 => CloseSerial: mSerialFile=0x00000814
2023/07/07 17:14:06.061 => CloseSerial: mSerialFile=0xffffffff
2023/07/07 17:14:06.061 => Prepare Open Serial: Com=\\.\COM12 BaudRate=115200
2023/07/07 17:14:06.062 => OpenSerial: Com=\\.\COM12 BaudRate=115200, Success=1, mSerialFile=0x00000674
2023/07/07 17:14:06.071 => protocol version = 2, send_recv buffer size = 32
2023/07/07 17:14:06.234 => protocol version = 2, send_recv buffer size = 32
2023/07/07 17:14:06.242 => GetVersion Return: v1.5.5_0.0
2023/07/07 17:14:06.322 => ReadSetting_RadarOperatorConfig, result: Success
2023/07/07 17:14:07.405 => Start Realtime data show.
2023/07/07 17:14:07.405 => thread create success, thread handle=0x00000820, id=8448, name=ReadData
2023/07/07 17:14:07.406 => thread information, name=ReadData, tid=8448(0x00002100)
2023/07/07 17:14:07.406 => CRadarProtocolDevice::OpenCmdMode: CMDID(0x00FF) failed with:A002
2023/07/07 17:14:07.568 => protocol version = 2, send_recv buffer size = 32
2023/07/07 17:14:10.214 => prepare exit thread..., name=ReadData, tid=8448(0x00002100)
2023/07/07 17:14:10.229 => CRadarProtocolDevice::OpenCmdMode: CMDID(0x00FF) failed with:A002
2023/07/07 17:14:10.388 => protocol version = 2, send_recv buffer size = 32
2023/07/07 17:14:10.404 => thread exit, name=ReadData, tid=8448(0x00002100)
2023/07/07 17:14:10.404 => thread exit over, name=ReadData, tid=8448(0x00002100)
2023/07/07 17:14:10.405 => Stop Realtime data show.
2023/07/07 17:14:10.894 => Start Realtime data show.
2023/07/07 17:14:10.894 => thread create success, thread handle=0x00000870, id=8064, name=ReadData
2023/07/07 17:14:10.894 => thread information, name=ReadData, tid=8064(0x00001f80)
2023/07/07 17:14:10.895 => CRadarProtocolDevice::OpenCmdMode: CMDID(0x00FF) failed with:A002
2023/07/07 17:14:11.066 => protocol version = 2, send_recv buffer size = 32
2023/07/07 17:14:19.813 => prepare exit thread..., name=ReadData, tid=8064(0x00001f80)
2023/07/07 17:14:19.840 => CRadarProtocolDevice::OpenCmdMode: CMDID(0x00FF) failed with:A002
2023/07/07 17:14:20.005 => protocol version = 2, send_recv buffer size = 32
2023/07/07 17:14:20.021 => thread exit, name=ReadData, tid=8064(0x00001f80)
2023/07/07 17:14:20.021 => thread exit over, name=ReadData, tid=8064(0x00001f80)
2023/07/07 17:14:20.022 => Stop Realtime data show.
2023/07/07 17:14:20.022 => Stop Noise scan.
2023/07/07 17:14:20.030 => protocol version = 2, send_recv buffer size = 32
2023/07/07 17:14:20.202 => protocol version = 2, send_recv buffer size = 32
2023/07/07 17:14:20.218 => Cancel Read Data
2023/07/07 17:14:20.218 => CloseSerial: mSerialFile=0x00000674
2023/07/07 17:20:03.085 => CloseSerial: mSerialFile=0xffffffff
2023/07/07 17:20:03.085 => Prepare Open Serial: Com=\\.\COM12 BaudRate=115200
2023/07/07 17:20:03.085 => Open \\.\COM12 failed:5
2023/07/07 17:20:03.085 => OpenSerial: Com=\\.\COM12 BaudRate=115200, Success=0, mSerialFile=0xffffffff
2023/07/07 17:20:03.085 => CloseSerial: mSerialFile=0xffffffff
2023/07/07 17:20:04.797 => CloseSerial: mSerialFile=0xffffffff
2023/07/07 17:20:04.797 => Prepare Open Serial: Com=\\.\COM12 BaudRate=115200
2023/07/07 17:20:04.797 => Open \\.\COM12 failed:5
2023/07/07 17:20:04.797 => OpenSerial: Com=\\.\COM12 BaudRate=115200, Success=0, mSerialFile=0xffffffff
2023/07/07 17:20:04.797 => CloseSerial: mSerialFile=0xffffffff
2023/07/07 17:20:06.677 => CloseSerial: mSerialFile=0xffffffff
2023/07/07 17:20:06.677 => Prepare Open Serial: Com=\\.\COM1 BaudRate=115200
2023/07/07 17:20:06.678 => OpenSerial: Com=\\.\COM1 BaudRate=115200, Success=1, mSerialFile=0x00000938
2023/07/07 17:20:08.684 => CRadarProtocolDevice::OpenCmdMode: CMDID(0x00FF) failed with:A001
2023/07/07 17:20:10.850 => CRadarProtocolDevice::OpenCmdMode: CMDID(0x00FF) failed with:A001
2023/07/07 17:20:12.864 => CRadarProtocolDevice::OpenCmdMode: CMDID(0x00FF) failed with:A001
2023/07/07 17:20:14.876 => CRadarProtocolDevice::OpenCmdMode: CMDID(0x00FF) failed with:A001
2023/07/07 17:20:16.877 => CRadarProtocolDevice::OpenCmdMode: CMDID(0x00FF) failed with:A001
2023/07/07 17:20:16.877 => Cancel Read Data
2023/07/07 17:20:16.877 => CloseSerial: mSerialFile=0x00000938
2023/07/07 17:21:10.285 => CloseSerial: mSerialFile=0xffffffff
2023/07/07 17:21:10.285 => Prepare Open Serial: Com=\\.\COM12 BaudRate=115200
2023/07/07 17:21:10.287 => OpenSerial: Com=\\.\COM12 BaudRate=115200, Success=1, mSerialFile=0x00000974
2023/07/07 17:21:10.294 => protocol version = 2, send_recv buffer size = 32
2023/07/07 17:21:10.455 => protocol version = 2, send_recv buffer size = 32
2023/07/07 17:21:10.464 => GetVersion Return: v1.5.5_0.0
2023/07/07 17:21:10.542 => ReadSetting_RadarOperatorConfig, result: Success
2023/07/07 17:21:11.429 => Start Realtime data show.
2023/07/07 17:21:11.430 => thread create success, thread handle=0x000009c0, id=2784, name=ReadData
2023/07/07 17:21:11.430 => thread information, name=ReadData, tid=2784(0x00000ae0)
2023/07/07 17:21:11.431 => CRadarProtocolDevice::OpenCmdMode: CMDID(0x00FF) failed with:A002
2023/07/07 17:21:11.590 => protocol version = 2, send_recv buffer size = 32
2023/07/07 17:21:16.685 => prepare exit thread..., name=ReadData, tid=2784(0x00000ae0)
2023/07/07 17:21:16.728 => CRadarProtocolDevice::OpenCmdMode: CMDID(0x00FF) failed with:A002
2023/07/07 17:21:16.900 => protocol version = 2, send_recv buffer size = 32
2023/07/07 17:21:16.916 => thread exit, name=ReadData, tid=2784(0x00000ae0)
2023/07/07 17:21:16.917 => thread exit over, name=ReadData, tid=2784(0x00000ae0)
2023/07/07 17:21:16.918 => Stop Realtime data show.
2023/07/07 17:21:16.918 => Stop Noise scan.
2023/07/07 17:21:16.926 => protocol version = 2, send_recv buffer size = 32
2023/07/07 17:21:17.095 => protocol version = 2, send_recv buffer size = 32
2023/07/07 17:21:17.112 => Cancel Read Data
2023/07/07 17:21:17.112 => CloseSerial: mSerialFile=0x00000974
2023/07/07 17:21:29.525 => CloseSerial: mSerialFile=0xffffffff
2023/07/07 17:21:29.525 => Prepare Open Serial: Com=\\.\COM12 BaudRate=115200
2023/07/07 17:21:29.526 => OpenSerial: Com=\\.\COM12 BaudRate=115200, Success=1, mSerialFile=0x000009bc
2023/07/07 17:21:29.530 => CRadarProtocolDevice::OpenCmdMode: CMDID(0x00FF) failed with:A002
2023/07/07 17:21:29.695 => protocol version = 2, send_recv buffer size = 32
2023/07/07 17:21:29.702 => GetVersion Return: v1.5.5_0.0
2023/07/07 17:21:29.782 => ReadSetting_RadarOperatorConfig, result: Success
2023/07/07 17:21:30.661 => Start Realtime data show.
2023/07/07 17:21:30.661 => thread create success, thread handle=0x000009c4, id=18984, name=ReadData
2023/07/07 17:21:30.661 => thread information, name=ReadData, tid=18984(0x00004a28)
2023/07/07 17:21:30.661 => CRadarProtocolDevice::OpenCmdMode: CMDID(0x00FF) failed with:A002
2023/07/07 17:21:30.829 => protocol version = 2, send_recv buffer size = 32
2023/07/07 17:21:34.413 => prepare exit thread..., name=ReadData, tid=18984(0x00004a28)
2023/07/07 17:21:34.496 => CRadarProtocolDevice::OpenCmdMode: CMDID(0x00FF) failed with:A002
2023/07/07 17:21:34.655 => protocol version = 2, send_recv buffer size = 32
2023/07/07 17:21:34.671 => thread exit, name=ReadData, tid=18984(0x00004a28)
2023/07/07 17:21:34.671 => thread exit over, name=ReadData, tid=18984(0x00004a28)
2023/07/07 17:21:34.673 => Stop Realtime data show.
2023/07/07 17:21:34.673 => Stop Noise scan.
2023/07/07 17:21:34.681 => protocol version = 2, send_recv buffer size = 32
2023/07/07 17:21:34.852 => protocol version = 2, send_recv buffer size = 32
2023/07/07 17:21:34.868 => Cancel Read Data
2023/07/07 17:21:34.868 => CloseSerial: mSerialFile=0x000009bc
2023/07/07 17:27:18.270 => Stop Realtime data show.
2023/07/07 17:27:18.271 => Stop Realtime data show.
2023/07/07 17:27:18.272 => Stop Noise scan.
2023/07/07 17:27:18.275 => Cancel Read Data
2023/07/07 17:27:18.275 => CloseSerial: mSerialFile=0xffffffff
2023/07/07 17:27:18.275 => Cancel Read Data
2023/07/07 17:27:18.275 => CloseSerial: mSerialFile=0xffffffff
2023/07/07 17:27:18.275 => CloseSerial: mSerialFile=0xffffffff
