2023/07/24 14:07:24.972 => Stop Noise scan.
2023/07/24 14:07:24.973 => Stop Realtime data show.
2023/07/24 14:07:25.998 => Stop Realtime data show.
2023/07/24 14:07:29.997 => CloseSerial: mSerialFile=0xffffffff
2023/07/24 14:07:29.997 => Prepare Open Serial: Com=\\.\COM12 BaudRate=115200
2023/07/24 14:07:29.997 => Open \\.\COM12 failed:5
2023/07/24 14:07:29.997 => OpenSerial: Com=\\.\COM12 BaudRate=115200, Success=0, mSerialFile=0xffffffff
2023/07/24 14:07:29.997 => CloseSerial: mSerialFile=0xffffffff
2023/07/24 14:07:33.595 => CloseSerial: mSerialFile=0xffffffff
2023/07/24 14:07:33.595 => Prepare Open Serial: Com=\\.\COM12 BaudRate=115200
2023/07/24 14:07:33.596 => OpenSerial: Com=\\.\COM12 BaudRate=115200, Success=1, mSerialFile=0x000006ac
2023/07/24 14:07:33.605 => protocol version = 2, send_recv buffer size = 32
2023/07/24 14:07:33.763 => protocol version = 2, send_recv buffer size = 32
2023/07/24 14:07:33.771 => GetVersion Return: v1.5.6_0.0
2023/07/24 14:07:33.851 => ReadSetting_RadarOperatorConfig, result: Success
2023/07/24 14:07:35.252 => Stop Noise scan.
2023/07/24 14:07:35.253 => Start Realtime data show.
2023/07/24 14:07:35.253 => thread create success, thread handle=0x00000828, id=18164, name=ReadData
2023/07/24 14:07:35.253 => thread information, name=ReadData, tid=18164(0x000046f4)
2023/07/24 14:07:35.253 => CRadarProtocolDevice::OpenCmdMode: CMDID(0x00FF) failed with:A002
2023/07/24 14:07:35.411 => protocol version = 2, send_recv buffer size = 32
2023/07/24 14:07:38.604 => prepare exit thread..., name=ReadData, tid=18164(0x000046f4)
2023/07/24 14:07:38.616 => CRadarProtocolDevice::OpenCmdMode: CMDID(0x00FF) failed with:A002
2023/07/24 14:07:38.774 => protocol version = 2, send_recv buffer size = 32
2023/07/24 14:07:38.790 => thread exit, name=ReadData, tid=18164(0x000046f4)
2023/07/24 14:07:38.791 => thread exit over, name=ReadData, tid=18164(0x000046f4)
2023/07/24 14:07:38.791 => Stop Realtime data show.
2023/07/24 14:07:39.461 => Stop Realtime data show.
2023/07/24 14:07:43.356 => Start Noise scan.
2023/07/24 14:07:43.374 => thread create success, thread handle=0x00000860, id=24764, name=ReadData
2023/07/24 14:07:43.375 => thread information, name=ReadData, tid=24764(0x000060bc)
2023/07/24 14:07:43.416 => CRadarProtocolDevice::OpenCmdMode: CMDID(0x00FF) failed with:A002
2023/07/24 14:07:43.575 => protocol version = 2, send_recv buffer size = 32
2023/07/24 14:07:45.036 => prepare exit thread..., name=ReadData, tid=24764(0x000060bc)
2023/07/24 14:07:45.058 => CRadarProtocolDevice::OpenCmdMode: CMDID(0x00FF) failed with:A002
2023/07/24 14:07:45.227 => protocol version = 2, send_recv buffer size = 32
2023/07/24 14:07:45.243 => thread exit, name=ReadData, tid=24764(0x000060bc)
2023/07/24 14:07:45.245 => thread exit over, name=ReadData, tid=24764(0x000060bc)
2023/07/24 14:07:45.248 => Stop Noise scan.
2023/07/24 14:07:45.248 => Stop Noise scan.
2023/07/24 14:07:47.653 => Stop Noise scan.
2023/07/24 14:07:47.653 => Start Realtime data show.
2023/07/24 14:07:47.653 => thread create success, thread handle=0x00000860, id=16076, name=ReadData
2023/07/24 14:07:47.653 => thread information, name=ReadData, tid=16076(0x00003ecc)
2023/07/24 14:07:47.654 => CRadarProtocolDevice::OpenCmdMode: CMDID(0x00FF) failed with:A002
2023/07/24 14:07:47.812 => protocol version = 2, send_recv buffer size = 32
2023/07/24 14:08:24.316 => prepare exit thread..., name=ReadData, tid=16076(0x00003ecc)
2023/07/24 14:08:24.346 => CRadarProtocolDevice::OpenCmdMode: CMDID(0x00FF) failed with:A002
2023/07/24 14:08:24.503 => protocol version = 2, send_recv buffer size = 32
2023/07/24 14:08:24.520 => thread exit, name=ReadData, tid=16076(0x00003ecc)
2023/07/24 14:08:24.520 => thread exit over, name=ReadData, tid=16076(0x00003ecc)
2023/07/24 14:08:24.523 => Stop Realtime data show.
2023/07/24 14:08:24.524 => Stop Noise scan.
2023/07/24 14:08:24.530 => protocol version = 2, send_recv buffer size = 32
2023/07/24 14:08:24.688 => protocol version = 2, send_recv buffer size = 32
2023/07/24 14:08:24.704 => Cancel Read Data
2023/07/24 14:08:24.704 => CloseSerial: mSerialFile=0x000006ac
2023/07/24 14:08:37.684 => CloseSerial: mSerialFile=0xffffffff
2023/07/24 14:08:37.684 => Prepare Open Serial: Com=\\.\COM12 BaudRate=115200
2023/07/24 14:08:37.685 => OpenSerial: Com=\\.\COM12 BaudRate=115200, Success=1, mSerialFile=0x000006a0
2023/07/24 14:08:37.693 => protocol version = 2, send_recv buffer size = 32
2023/07/24 14:08:37.851 => protocol version = 2, send_recv buffer size = 32
2023/07/24 14:08:37.859 => GetVersion Return: v1.5.6_0.0
2023/07/24 14:08:37.939 => ReadSetting_RadarOperatorConfig, result: Success
2023/07/24 14:08:39.764 => Start Realtime data show.
2023/07/24 14:08:39.765 => thread create success, thread handle=0x00000934, id=12680, name=ReadData
2023/07/24 14:08:39.765 => thread information, name=ReadData, tid=12680(0x00003188)
2023/07/24 14:08:39.765 => CRadarProtocolDevice::OpenCmdMode: CMDID(0x00FF) failed with:A002
2023/07/24 14:08:39.923 => protocol version = 2, send_recv buffer size = 32
2023/07/24 14:09:05.972 => prepare exit thread..., name=ReadData, tid=12680(0x00003188)
2023/07/24 14:09:06.046 => CRadarProtocolDevice::OpenCmdMode: CMDID(0x00FF) failed with:A002
2023/07/24 14:09:06.204 => protocol version = 2, send_recv buffer size = 32
2023/07/24 14:09:06.220 => thread exit, name=ReadData, tid=12680(0x00003188)
2023/07/24 14:09:06.221 => thread exit over, name=ReadData, tid=12680(0x00003188)
2023/07/24 14:09:06.222 => Stop Realtime data show.
2023/07/24 14:09:07.523 => CRadarProtocolDevice::OpenCmdMode: CMDID(0x00FF) failed with:A002
2023/07/24 14:09:07.682 => protocol version = 2, send_recv buffer size = 32
2023/07/24 14:09:07.760 => ReadSetting_RadarOperatorConfig, result: Success
2023/07/24 14:09:10.054 => Start Realtime data show.
2023/07/24 14:09:10.054 => thread create success, thread handle=0x00000878, id=22392, name=ReadData
2023/07/24 14:09:10.054 => thread information, name=ReadData, tid=22392(0x00005778)
2023/07/24 14:09:10.055 => CRadarProtocolDevice::OpenCmdMode: CMDID(0x00FF) failed with:A002
2023/07/24 14:09:10.213 => protocol version = 2, send_recv buffer size = 32
2023/07/24 14:10:34.557 => prepare exit thread..., name=ReadData, tid=22392(0x00005778)
2023/07/24 14:10:34.568 => protocol version = 2, send_recv buffer size = 32
2023/07/24 14:10:34.726 => protocol version = 2, send_recv buffer size = 32
2023/07/24 14:10:34.742 => thread exit, name=ReadData, tid=22392(0x00005778)
2023/07/24 14:10:34.743 => thread exit over, name=ReadData, tid=22392(0x00005778)
2023/07/24 14:10:34.744 => Stop Realtime data show.
2023/07/24 14:10:34.744 => Stop Noise scan.
2023/07/24 14:10:34.752 => protocol version = 2, send_recv buffer size = 32
2023/07/24 14:10:34.910 => protocol version = 2, send_recv buffer size = 32
2023/07/24 14:10:34.926 => Cancel Read Data
2023/07/24 14:10:34.926 => CloseSerial: mSerialFile=0x000006a0
2023/07/24 14:10:48.340 => CloseSerial: mSerialFile=0xffffffff
2023/07/24 14:10:48.340 => Prepare Open Serial: Com=\\.\COM12 BaudRate=115200
2023/07/24 14:10:48.341 => OpenSerial: Com=\\.\COM12 BaudRate=115200, Success=1, mSerialFile=0x000008b8
2023/07/24 14:10:48.349 => protocol version = 2, send_recv buffer size = 32
2023/07/24 14:10:48.506 => protocol version = 2, send_recv buffer size = 32
2023/07/24 14:10:48.515 => GetVersion Return: v1.5.6_0.0
2023/07/24 14:10:48.594 => ReadSetting_RadarOperatorConfig, result: Success
2023/07/24 14:10:51.548 => Start Realtime data show.
2023/07/24 14:10:51.549 => thread create success, thread handle=0x0000095c, id=31012, name=ReadData
2023/07/24 14:10:51.549 => thread information, name=ReadData, tid=31012(0x00007924)
2023/07/24 14:10:51.549 => CRadarProtocolDevice::OpenCmdMode: CMDID(0x00FF) failed with:A002
2023/07/24 14:10:51.707 => protocol version = 2, send_recv buffer size = 32
2023/07/24 14:10:56.398 => prepare exit thread..., name=ReadData, tid=31012(0x00007924)
2023/07/24 14:10:56.411 => CRadarProtocolDevice::OpenCmdMode: CMDID(0x00FF) failed with:A002
2023/07/24 14:10:56.569 => protocol version = 2, send_recv buffer size = 32
2023/07/24 14:10:56.585 => thread exit, name=ReadData, tid=31012(0x00007924)
2023/07/24 14:10:56.586 => thread exit over, name=ReadData, tid=31012(0x00007924)
2023/07/24 14:10:56.588 => Stop Realtime data show.
2023/07/24 14:10:56.589 => Start Realtime data show.
2023/07/24 14:10:56.589 => thread create success, thread handle=0x00000960, id=22948, name=ReadData
2023/07/24 14:10:56.589 => thread information, name=ReadData, tid=22948(0x000059a4)
2023/07/24 14:10:56.597 => protocol version = 2, send_recv buffer size = 32
2023/07/24 14:10:56.753 => protocol version = 2, send_recv buffer size = 32
2023/07/24 14:10:56.932 => prepare exit thread..., name=ReadData, tid=22948(0x000059a4)
2023/07/24 14:10:56.939 => CRadarProtocolDevice::OpenCmdMode: CMDID(0x00FF) failed with:A002
2023/07/24 14:10:57.096 => protocol version = 2, send_recv buffer size = 32
2023/07/24 14:10:57.113 => thread exit, name=ReadData, tid=22948(0x000059a4)
2023/07/24 14:10:57.113 => thread exit over, name=ReadData, tid=22948(0x000059a4)
2023/07/24 14:10:57.114 => Stop Realtime data show.
2023/07/24 14:10:58.052 => Stop Noise scan.
2023/07/24 14:10:58.055 => Start Realtime data show.
2023/07/24 14:10:58.055 => thread create success, thread handle=0x00000960, id=13824, name=ReadData
2023/07/24 14:10:58.055 => thread information, name=ReadData, tid=13824(0x00003600)
2023/07/24 14:10:58.055 => CRadarProtocolDevice::OpenCmdMode: CMDID(0x00FF) failed with:A002
2023/07/24 14:10:58.213 => protocol version = 2, send_recv buffer size = 32
2023/07/24 14:14:03.500 => prepare exit thread..., name=ReadData, tid=13824(0x00003600)
2023/07/24 14:14:03.553 => CRadarProtocolDevice::OpenCmdMode: CMDID(0x00FF) failed with:A002
2023/07/24 14:14:03.711 => protocol version = 2, send_recv buffer size = 32
2023/07/24 14:14:03.727 => thread exit, name=ReadData, tid=13824(0x00003600)
2023/07/24 14:14:03.728 => thread exit over, name=ReadData, tid=13824(0x00003600)
2023/07/24 14:14:03.729 => Stop Realtime data show.
2023/07/24 14:14:14.446 => Start Noise scan.
2023/07/24 14:14:14.448 => thread create success, thread handle=0x00000980, id=31000, name=ReadData
2023/07/24 14:14:14.448 => thread information, name=ReadData, tid=31000(0x00007918)
2023/07/24 14:14:14.462 => CRadarProtocolDevice::OpenCmdMode: CMDID(0x00FF) failed with:A002
2023/07/24 14:14:14.620 => protocol version = 2, send_recv buffer size = 32
2023/07/24 14:14:29.612 => prepare exit thread..., name=ReadData, tid=31000(0x00007918)
2023/07/24 14:14:29.640 => CRadarProtocolDevice::OpenCmdMode: CMDID(0x00FF) failed with:A002
2023/07/24 14:14:29.799 => protocol version = 2, send_recv buffer size = 32
2023/07/24 14:14:29.814 => thread exit, name=ReadData, tid=31000(0x00007918)
2023/07/24 14:14:29.815 => thread exit over, name=ReadData, tid=31000(0x00007918)
2023/07/24 14:14:29.819 => Stop Noise scan.
2023/07/24 14:14:29.819 => Stop Noise scan.
2023/07/24 14:14:30.516 => Start Noise scan.
2023/07/24 14:14:30.519 => thread create success, thread handle=0x00000864, id=6880, name=ReadData
2023/07/24 14:14:30.519 => thread information, name=ReadData, tid=6880(0x00001ae0)
2023/07/24 14:14:30.520 => CRadarProtocolDevice::OpenCmdMode: CMDID(0x00FF) failed with:A002
2023/07/24 14:14:30.678 => protocol version = 2, send_recv buffer size = 32
2023/07/24 14:14:42.724 => prepare exit thread..., name=ReadData, tid=6880(0x00001ae0)
2023/07/24 14:14:42.747 => CRadarProtocolDevice::OpenCmdMode: CMDID(0x00FF) failed with:A002
2023/07/24 14:14:42.905 => protocol version = 2, send_recv buffer size = 32
2023/07/24 14:14:42.921 => thread exit, name=ReadData, tid=6880(0x00001ae0)
2023/07/24 14:14:42.922 => thread exit over, name=ReadData, tid=6880(0x00001ae0)
2023/07/24 14:14:42.924 => Stop Noise scan.
2023/07/24 14:14:42.924 => Stop Noise scan.
2023/07/24 14:14:43.581 => Stop Noise scan.
2023/07/24 14:14:51.276 => CRadarProtocolDevice::OpenCmdMode: CMDID(0x00FF) failed with:A002
2023/07/24 14:14:51.434 => protocol version = 2, send_recv buffer size = 32
2023/07/24 14:14:51.551 => WriteSetting_RadarOperatorConfig, result: Success
2023/07/24 14:14:52.838 => CRadarProtocolDevice::OpenCmdMode: CMDID(0x00FF) failed with:A002
2023/07/24 14:14:53.005 => protocol version = 2, send_recv buffer size = 32
2023/07/24 14:14:53.083 => ReadSetting_RadarOperatorConfig, result: Success
2023/07/24 14:14:54.693 => Start Realtime data show.
2023/07/24 14:14:54.693 => thread create success, thread handle=0x0000096c, id=26696, name=ReadData
2023/07/24 14:14:54.693 => thread information, name=ReadData, tid=26696(0x00006848)
2023/07/24 14:14:54.693 => CRadarProtocolDevice::OpenCmdMode: CMDID(0x00FF) failed with:A002
2023/07/24 14:14:54.860 => protocol version = 2, send_recv buffer size = 32
2023/07/24 14:14:55.988 => prepare exit thread..., name=ReadData, tid=26696(0x00006848)
2023/07/24 14:14:56.042 => CRadarProtocolDevice::OpenCmdMode: CMDID(0x00FF) failed with:A002
2023/07/24 14:14:56.200 => protocol version = 2, send_recv buffer size = 32
2023/07/24 14:14:56.215 => thread exit, name=ReadData, tid=26696(0x00006848)
2023/07/24 14:14:56.216 => thread exit over, name=ReadData, tid=26696(0x00006848)
2023/07/24 14:14:56.220 => Stop Realtime data show.
2023/07/24 14:15:00.836 => Start Noise scan.
2023/07/24 14:15:00.839 => thread create success, thread handle=0x00000ac0, id=12152, name=ReadData
2023/07/24 14:15:00.839 => thread information, name=ReadData, tid=12152(0x00002f78)
2023/07/24 14:15:00.839 => CRadarProtocolDevice::OpenCmdMode: CMDID(0x00FF) failed with:A002
2023/07/24 14:15:00.996 => protocol version = 2, send_recv buffer size = 32
2023/07/24 14:15:22.148 => protocol version = 2, send_recv buffer size = 32
2023/07/24 14:15:22.306 => protocol version = 2, send_recv buffer size = 32
2023/07/24 14:15:22.321 => thread exit, name=ReadData, tid=12152(0x00002f78)
2023/07/24 14:15:22.321 => prepare exit thread..., name=ReadData, tid=12152(0x00002f78)
2023/07/24 14:15:22.322 => thread exit over, name=ReadData, tid=12152(0x00002f78)
2023/07/24 14:15:22.324 => Stop Noise scan.
2023/07/24 14:15:52.053 => Stop Realtime data show.
2023/07/24 14:15:52.053 => Stop Noise scan.
2023/07/24 14:15:52.053 => WriteOnePacket write 0 bytes, total need write 14, has write 0
2023/07/24 14:15:52.204 => WriteOnePacket write 0 bytes, total need write 14, has write 0
2023/07/24 14:15:52.204 => WriteOnePacket write 0 bytes, total need write 14, has write 0
2023/07/24 14:15:52.204 => WriteOnePacket write 0 bytes, total need write 14, has write 0
2023/07/24 14:15:52.204 => WriteOnePacket write 0 bytes, total need write 14, has write 0
2023/07/24 14:15:52.204 => WriteOnePacket write 0 bytes, total need write 18, has write 0
2023/07/24 14:15:52.204 => WriteOnePacket write 0 bytes, total need write 12, has write 0
2023/07/24 14:15:52.204 => Cancel Read Data
2023/07/24 14:15:52.204 => CloseSerial: mSerialFile=0x000008b8
2023/07/24 14:15:54.524 => CloseSerial: mSerialFile=0xffffffff
2023/07/24 14:15:54.524 => Prepare Open Serial: Com=\\.\COM12 BaudRate=115200
2023/07/24 14:15:54.526 => OpenSerial: Com=\\.\COM12 BaudRate=115200, Success=1, mSerialFile=0x00000ac0
2023/07/24 14:15:54.533 => protocol version = 2, send_recv buffer size = 32
2023/07/24 14:15:54.701 => protocol version = 2, send_recv buffer size = 32
2023/07/24 14:15:54.709 => GetVersion Return: v1.5.6_0.0
2023/07/24 14:15:54.791 => ReadSetting_RadarOperatorConfig, result: Success
2023/07/24 14:15:56.828 => Stop Noise scan.
2023/07/24 14:15:56.829 => Start Realtime data show.
2023/07/24 14:15:56.829 => thread create success, thread handle=0x00000a60, id=20448, name=ReadData
2023/07/24 14:15:56.829 => thread information, name=ReadData, tid=20448(0x00004fe0)
2023/07/24 14:15:56.829 => CRadarProtocolDevice::OpenCmdMode: CMDID(0x00FF) failed with:A002
2023/07/24 14:15:56.988 => protocol version = 2, send_recv buffer size = 32
2023/07/24 14:16:10.999 => prepare exit thread..., name=ReadData, tid=20448(0x00004fe0)
2023/07/24 14:16:10.999 => thread exit, name=ReadData, tid=20448(0x00004fe0)
2023/07/24 14:16:10.999 => thread exit over, name=ReadData, tid=20448(0x00004fe0)
2023/07/24 14:16:11.000 => Stop Realtime data show.
2023/07/24 14:16:11.000 => Stop Realtime data show.
2023/07/24 14:16:11.002 => Stop Noise scan.
2023/07/24 14:16:11.004 => Cancel Read Data
2023/07/24 14:16:11.004 => CloseSerial: mSerialFile=0xffffffff
2023/07/24 14:16:11.005 => Cancel Read Data
2023/07/24 14:16:11.005 => CloseSerial: mSerialFile=0xffffffff
2023/07/24 14:16:11.005 => CloseSerial: mSerialFile=0xffffffff
