2023/09/07 15:41:20.420 => CloseSerial: mSerialFile=0xffffffff
2023/09/07 15:41:20.420 => Prepare Open Serial: Com=\\.\COM19 BaudRate=115200
2023/09/07 15:41:20.421 => OpenSerial: Com=\\.\COM19 BaudRate=115200, Success=1, mSerialFile=0x0000095c
2023/09/07 15:41:20.431 => protocol version = 2, send_recv buffer size = 32
2023/09/07 15:41:20.599 => protocol version = 2, send_recv buffer size = 32
2023/09/07 15:41:20.607 => GetVersion Return: v1.5.7_0.0
2023/09/07 15:41:20.694 => ReadSetting_RadarOperatorConfig, result: Success
2023/09/07 15:41:30.496 => CRadarProtocolDevice::OpenCmdMode: CMDID(0x00FF) failed with:A002
2023/09/07 15:41:30.663 => protocol version = 2, send_recv buffer size = 32
2023/09/07 15:41:30.780 => WriteSetting_RadarOperatorConfig, result: Success
2023/09/07 15:41:32.856 => CRadarProtocolDevice::OpenCmdMode: CMDID(0x00FF) failed with:A002
2023/09/07 15:41:33.017 => protocol version = 2, send_recv buffer size = 32
2023/09/07 15:41:33.097 => ReadSetting_RadarOperatorConfig, result: Success
2023/09/07 15:41:43.320 => Stop Realtime data show.
2023/09/07 15:41:43.320 => Stop Noise scan.
2023/09/07 15:41:43.320 => CRadarProtocolDevice::OpenCmdMode: CMDID(0x00FF) failed with:A002
2023/09/07 15:41:43.492 => protocol version = 2, send_recv buffer size = 32
2023/09/07 15:41:43.509 => Cancel Read Data
2023/09/07 15:41:43.509 => CloseSerial: mSerialFile=0x0000095c
2023/09/07 15:42:53.848 => thread create success, thread handle=0x00000724, id=308208, name=Download
2023/09/07 15:42:53.848 => thread information, name=Download, tid=308208(0x0004b3f0)
2023/09/07 15:42:53.849 => CloseSerial: mSerialFile=0xffffffff
2023/09/07 15:42:53.849 => Prepare Open Serial: Com=\\.\COM19 BaudRate=115200
2023/09/07 15:42:53.856 => OpenSerial: Com=\\.\COM19 BaudRate=115200, Success=1, mSerialFile=0x00000570
2023/09/07 15:42:53.887 => protocol version = 2, send_recv buffer size = 32
2023/09/07 15:42:54.045 => protocol version = 2, send_recv buffer size = 32
2023/09/07 15:42:54.099 => Cancel Read Data
2023/09/07 15:42:54.099 => CloseSerial: mSerialFile=0x00000570
2023/09/07 15:42:54.099 => thread exit, name=Download, tid=308208(0x0004b3f0)
2023/09/07 15:43:02.232 => CloseSerial: mSerialFile=0xffffffff
2023/09/07 15:43:02.232 => Prepare Open Serial: Com=\\.\COM19 BaudRate=115200
2023/09/07 15:43:02.233 => OpenSerial: Com=\\.\COM19 BaudRate=115200, Success=1, mSerialFile=0x00000f38
2023/09/07 15:43:02.238 => CRadarProtocolDevice::OpenCmdMode: CMDID(0x00FF) failed with:A002
2023/09/07 15:43:02.404 => protocol version = 2, send_recv buffer size = 32
2023/09/07 15:43:02.412 => GetVersion Return: v1.5.7_0.0
2023/09/07 15:43:02.492 => ReadSetting_RadarOperatorConfig, result: Success
2023/09/07 15:43:05.944 => thread create success, thread handle=0x00000724, id=308068, name=Download
2023/09/07 15:43:05.944 => thread information, name=Download, tid=308068(0x0004b364)
2023/09/07 15:43:05.945 => CloseSerial: mSerialFile=0xffffffff
2023/09/07 15:43:05.945 => Prepare Open Serial: Com=\\.\COM19 BaudRate=115200
2023/09/07 15:43:05.945 => Open \\.\COM19 failed:5
2023/09/07 15:43:05.945 => OpenSerial: Com=\\.\COM19 BaudRate=115200, Success=0, mSerialFile=0xffffffff
2023/09/07 15:43:05.945 => CloseSerial: mSerialFile=0xffffffff
2023/09/07 15:43:07.116 => thread exit, name=Download, tid=308068(0x0004b364)
2023/09/07 15:43:07.785 => Stop Realtime data show.
2023/09/07 15:43:07.785 => Stop Noise scan.
2023/09/07 15:43:07.785 => CRadarProtocolDevice::OpenCmdMode: CMDID(0x00FF) failed with:A002
2023/09/07 15:43:07.952 => protocol version = 2, send_recv buffer size = 32
2023/09/07 15:43:07.969 => Cancel Read Data
2023/09/07 15:43:07.969 => CloseSerial: mSerialFile=0x00000f38
2023/09/07 15:43:08.815 => thread create success, thread handle=0x00000724, id=305372, name=Download
2023/09/07 15:43:08.815 => thread information, name=Download, tid=305372(0x0004a8dc)
2023/09/07 15:43:08.816 => CloseSerial: mSerialFile=0xffffffff
2023/09/07 15:43:08.816 => Prepare Open Serial: Com=\\.\COM19 BaudRate=115200
2023/09/07 15:43:08.817 => OpenSerial: Com=\\.\COM19 BaudRate=115200, Success=1, mSerialFile=0x00000fc0
2023/09/07 15:43:08.831 => protocol version = 2, send_recv buffer size = 32
2023/09/07 15:43:08.988 => protocol version = 2, send_recv buffer size = 32
2023/09/07 15:43:11.000 => CloseSerial: mSerialFile=0x00000fc0
2023/09/07 15:43:11.000 => Prepare Open Serial: Com=\\.\COM19 BaudRate=115200
2023/09/07 15:43:11.002 => OpenSerial: Com=\\.\COM19 BaudRate=115200, Success=1, mSerialFile=0x00000f38
2023/09/07 15:43:33.862 => Cancel Read Data
2023/09/07 15:43:33.862 => CloseSerial: mSerialFile=0x00000f38
2023/09/07 15:43:33.868 => thread exit, name=Download, tid=305372(0x0004a8dc)
2023/09/07 15:43:40.400 => Stop Realtime data show.
2023/09/07 15:43:41.513 => Stop Realtime data show.
2023/09/07 15:43:50.703 => CloseSerial: mSerialFile=0xffffffff
2023/09/07 15:43:50.703 => Prepare Open Serial: Com=\\.\COM19 BaudRate=115200
2023/09/07 15:43:50.705 => OpenSerial: Com=\\.\COM19 BaudRate=115200, Success=1, mSerialFile=0x00000d70
2023/09/07 15:43:50.714 => protocol version = 2, send_recv buffer size = 32
2023/09/07 15:43:50.875 => protocol version = 2, send_recv buffer size = 32
2023/09/07 15:43:50.883 => GetVersion Return: v1.5.8_0.0
2023/09/07 15:43:50.962 => ReadSetting_RadarOperatorConfig, result: Success
2023/09/07 15:43:51.888 => CRadarProtocolDevice::OpenCmdMode: CMDID(0x00FF) failed with:A002
2023/09/07 15:43:52.052 => protocol version = 2, send_recv buffer size = 32
2023/09/07 15:43:52.130 => ReadSetting_RadarOperatorConfig, result: Success
2023/09/07 15:43:58.855 => CRadarProtocolDevice::OpenCmdMode: CMDID(0x00FF) failed with:A002
2023/09/07 15:43:59.024 => protocol version = 2, send_recv buffer size = 32
2023/09/07 15:43:59.141 => WriteSetting_RadarOperatorConfig, result: Success
2023/09/07 15:44:00.696 => CRadarProtocolDevice::OpenCmdMode: CMDID(0x00FF) failed with:A002
2023/09/07 15:44:00.862 => protocol version = 2, send_recv buffer size = 32
2023/09/07 15:44:00.942 => ReadSetting_RadarOperatorConfig, result: Success
2023/09/07 15:44:28.583 => Stop Realtime data show.
2023/09/07 15:44:28.583 => Stop Noise scan.
2023/09/07 15:44:28.584 => CRadarProtocolDevice::OpenCmdMode: CMDID(0x00FF) failed with:A002
2023/09/07 15:44:28.747 => protocol version = 2, send_recv buffer size = 32
2023/09/07 15:44:28.763 => Cancel Read Data
2023/09/07 15:44:28.763 => CloseSerial: mSerialFile=0x00000d70
2023/09/07 15:45:11.568 => CloseSerial: mSerialFile=0xffffffff
2023/09/07 15:45:11.568 => Prepare Open Serial: Com=\\.\COM19 BaudRate=115200
2023/09/07 15:45:11.569 => OpenSerial: Com=\\.\COM19 BaudRate=115200, Success=1, mSerialFile=0x00000c14
2023/09/07 15:45:11.578 => protocol version = 2, send_recv buffer size = 32
2023/09/07 15:45:11.747 => protocol version = 2, send_recv buffer size = 32
2023/09/07 15:45:11.756 => GetVersion Return: v1.5.8_0.0
2023/09/07 15:45:11.837 => ReadSetting_RadarOperatorConfig, result: Success
2023/09/07 15:45:13.329 => CRadarProtocolDevice::OpenCmdMode: CMDID(0x00FF) failed with:A002
2023/09/07 15:45:13.492 => protocol version = 2, send_recv buffer size = 32
2023/09/07 15:45:13.570 => ReadSetting_RadarOperatorConfig, result: Success
2023/09/07 15:45:15.952 => CRadarProtocolDevice::OpenCmdMode: CMDID(0x00FF) failed with:A002
2023/09/07 15:45:16.112 => protocol version = 2, send_recv buffer size = 32
2023/09/07 15:45:16.192 => ReadSetting_RadarOperatorConfig, result: Success
2023/09/07 15:47:02.288 => Stop Realtime data show.
2023/09/07 15:47:02.288 => Stop Noise scan.
2023/09/07 15:47:02.288 => CRadarProtocolDevice::OpenCmdMode: CMDID(0x00FF) failed with:A002
2023/09/07 15:47:02.455 => protocol version = 2, send_recv buffer size = 32
2023/09/07 15:47:02.471 => Cancel Read Data
2023/09/07 15:47:02.471 => CloseSerial: mSerialFile=0x00000c14
2023/09/07 15:47:31.328 => CloseSerial: mSerialFile=0xffffffff
2023/09/07 15:47:31.328 => Prepare Open Serial: Com=\\.\COM19 BaudRate=115200
2023/09/07 15:47:31.329 => OpenSerial: Com=\\.\COM19 BaudRate=115200, Success=1, mSerialFile=0x00000a74
2023/09/07 15:47:31.338 => protocol version = 2, send_recv buffer size = 32
2023/09/07 15:47:31.503 => protocol version = 2, send_recv buffer size = 32
2023/09/07 15:47:31.511 => GetVersion Return: v1.5.8_0.0
2023/09/07 15:47:31.593 => ReadSetting_RadarOperatorConfig, result: Success
2023/09/07 15:47:33.399 => CRadarProtocolDevice::OpenCmdMode: CMDID(0x00FF) failed with:A002
2023/09/07 15:47:33.559 => protocol version = 2, send_recv buffer size = 32
2023/09/07 15:47:33.639 => ReadSetting_RadarOperatorConfig, result: Success
2023/09/07 15:47:44.607 => WriteOnePacket write 0 bytes, total need write 14, has write 0
2023/09/07 15:47:44.765 => WriteOnePacket write 0 bytes, total need write 14, has write 0
2023/09/07 15:47:44.765 => WriteOnePacket write 0 bytes, total need write 14, has write 0
2023/09/07 15:47:44.765 => WriteOnePacket write 0 bytes, total need write 14, has write 0
2023/09/07 15:47:44.765 => WriteOnePacket write 0 bytes, total need write 14, has write 0
2023/09/07 15:47:44.765 => WriteOnePacket write 0 bytes, total need write 22, has write 0
2023/09/07 15:47:44.765 => ReadSetting_RadarOperatorConfig, result: Failed.
2023/09/07 15:47:44.765 => WriteOnePacket write 0 bytes, total need write 12, has write 0
2023/09/07 15:47:46.960 => Stop Realtime data show.
2023/09/07 15:47:46.960 => Stop Noise scan.
2023/09/07 15:47:46.960 => WriteOnePacket write 0 bytes, total need write 14, has write 0
2023/09/07 15:47:47.120 => WriteOnePacket write 0 bytes, total need write 14, has write 0
2023/09/07 15:47:47.120 => WriteOnePacket write 0 bytes, total need write 14, has write 0
2023/09/07 15:47:47.120 => WriteOnePacket write 0 bytes, total need write 14, has write 0
2023/09/07 15:47:47.120 => WriteOnePacket write 0 bytes, total need write 14, has write 0
2023/09/07 15:47:47.120 => WriteOnePacket write 0 bytes, total need write 18, has write 0
2023/09/07 15:47:47.120 => WriteOnePacket write 0 bytes, total need write 12, has write 0
2023/09/07 15:47:47.120 => Cancel Read Data
2023/09/07 15:47:47.120 => CloseSerial: mSerialFile=0x00000a74
2023/09/07 15:48:00.448 => CloseSerial: mSerialFile=0xffffffff
2023/09/07 15:48:00.448 => Prepare Open Serial: Com=\\.\COM19 BaudRate=115200
2023/09/07 15:48:00.450 => OpenSerial: Com=\\.\COM19 BaudRate=115200, Success=1, mSerialFile=0x00000c04
2023/09/07 15:48:00.457 => protocol version = 2, send_recv buffer size = 32
2023/09/07 15:48:00.627 => protocol version = 2, send_recv buffer size = 32
2023/09/07 15:48:00.635 => GetVersion Return: v1.5.8_0.0
2023/09/07 15:48:00.716 => ReadSetting_RadarOperatorConfig, result: Success
2023/09/07 15:48:02.431 => CRadarProtocolDevice::OpenCmdMode: CMDID(0x00FF) failed with:A002
2023/09/07 15:48:02.592 => protocol version = 2, send_recv buffer size = 32
2023/09/07 15:48:02.670 => ReadSetting_RadarOperatorConfig, result: Success
2023/09/07 15:48:06.391 => Stop Realtime data show.
2023/09/07 15:48:06.391 => Stop Noise scan.
2023/09/07 15:48:06.392 => CRadarProtocolDevice::OpenCmdMode: CMDID(0x00FF) failed with:A002
2023/09/07 15:48:06.555 => protocol version = 2, send_recv buffer size = 32
2023/09/07 15:48:06.571 => Cancel Read Data
2023/09/07 15:48:06.571 => CloseSerial: mSerialFile=0x00000c04
2023/09/07 15:48:53.223 => CloseSerial: mSerialFile=0xffffffff
2023/09/07 15:48:53.223 => Prepare Open Serial: Com=\\.\COM19 BaudRate=115200
2023/09/07 15:48:53.224 => OpenSerial: Com=\\.\COM19 BaudRate=115200, Success=1, mSerialFile=0x00000a74
2023/09/07 15:48:53.233 => protocol version = 2, send_recv buffer size = 32
2023/09/07 15:48:53.396 => protocol version = 2, send_recv buffer size = 32
2023/09/07 15:48:53.404 => GetVersion Return: v1.5.8_0.0
2023/09/07 15:48:53.484 => ReadSetting_RadarOperatorConfig, result: Success
2023/09/07 15:49:01.320 => Stop Realtime data show.
2023/09/07 15:49:01.320 => Stop Noise scan.
2023/09/07 15:49:01.320 => CRadarProtocolDevice::OpenCmdMode: CMDID(0x00FF) failed with:A002
2023/09/07 15:49:01.488 => protocol version = 2, send_recv buffer size = 32
2023/09/07 15:49:01.505 => Cancel Read Data
2023/09/07 15:49:01.505 => CloseSerial: mSerialFile=0x00000a74
2023/09/07 15:49:09.944 => CloseSerial: mSerialFile=0xffffffff
2023/09/07 15:49:09.944 => Prepare Open Serial: Com=\\.\COM19 BaudRate=115200
2023/09/07 15:49:09.945 => OpenSerial: Com=\\.\COM19 BaudRate=115200, Success=1, mSerialFile=0x00000dcc
2023/09/07 15:49:09.953 => protocol version = 2, send_recv buffer size = 32
2023/09/07 15:49:10.113 => protocol version = 2, send_recv buffer size = 32
2023/09/07 15:49:10.121 => GetVersion Return: v1.5.8_0.0
2023/09/07 15:49:10.203 => ReadSetting_RadarOperatorConfig, result: Success
2023/09/07 15:49:11.561 => Stop Realtime data show.
2023/09/07 15:49:11.561 => Stop Noise scan.
2023/09/07 15:49:11.561 => CRadarProtocolDevice::OpenCmdMode: CMDID(0x00FF) failed with:A002
2023/09/07 15:49:11.728 => protocol version = 2, send_recv buffer size = 32
2023/09/07 15:49:11.744 => Cancel Read Data
2023/09/07 15:49:11.744 => CloseSerial: mSerialFile=0x00000dcc
2023/09/07 15:56:18.077 => Stop Realtime data show.
2023/09/07 15:56:18.078 => Stop Noise scan.
2023/09/07 15:56:18.084 => Cancel Read Data
2023/09/07 15:56:18.084 => CloseSerial: mSerialFile=0xffffffff
2023/09/07 15:56:18.085 => Cancel Read Data
2023/09/07 15:56:18.085 => CloseSerial: mSerialFile=0xffffffff
2023/09/07 15:56:18.085 => CloseSerial: mSerialFile=0xffffffff
