2023/12/12 14:47:21.749 => CloseSerial: mSerialFile=0xffffffff
2023/12/12 14:47:21.749 => Prepare Open Serial: Com=\\.\COM4 BaudRate=115200
2023/12/12 14:47:21.751 => OpenSerial: Com=\\.\COM4 BaudRate=115200, Success=1, mSerialFile=0x00000958
2023/12/12 14:47:21.760 => protocol version = 2, send_recv buffer size = 32
2023/12/12 14:47:21.922 => protocol version = 2, send_recv buffer size = 32
2023/12/12 14:47:21.930 => GetVersion Return: v1.5.8_0.0
2023/12/12 14:47:22.012 => ReadSetting_RadarOperatorConfig, result: Success
2023/12/12 14:47:23.346 => Start Realtime data show.
2023/12/12 14:47:23.346 => thread create success, thread handle=0x00000964, id=26800, name=ReadData
2023/12/12 14:47:23.346 => thread information, name=ReadData, tid=26800(0x000068b0)
2023/12/12 14:47:23.346 => CRadarProtocolDevice::OpenCmdMode: CMDID(0x00FF) failed with:A002
2023/12/12 14:47:23.516 => protocol version = 2, send_recv buffer size = 32
2023/12/12 14:47:33.689 => prepare exit thread..., name=ReadData, tid=26800(0x000068b0)
2023/12/12 14:47:33.764 => CRadarProtocolDevice::OpenCmdMode: CMDID(0x00FF) failed with:A002
2023/12/12 14:47:33.925 => protocol version = 2, send_recv buffer size = 32
2023/12/12 14:47:33.941 => thread exit, name=ReadData, tid=26800(0x000068b0)
2023/12/12 14:47:33.941 => thread exit over, name=ReadData, tid=26800(0x000068b0)
2023/12/12 14:47:33.943 => Stop Realtime data show.
2023/12/12 14:47:38.064 => Stop Realtime data show.
2023/12/12 14:47:38.064 => Stop Realtime data show.
2023/12/12 14:47:38.067 => Stop Noise scan.
2023/12/12 14:47:38.069 => CRadarProtocolDevice::OpenCmdMode: CMDID(0x00FF) failed with:A002
2023/12/12 14:47:38.228 => protocol version = 2, send_recv buffer size = 32
2023/12/12 14:47:38.244 => Cancel Read Data
2023/12/12 14:47:38.244 => CloseSerial: mSerialFile=0x00000958
2023/12/12 14:47:38.245 => Cancel Read Data
2023/12/12 14:47:38.245 => CloseSerial: mSerialFile=0xffffffff
2023/12/12 14:47:38.245 => Cancel Read Data
2023/12/12 14:47:38.245 => CloseSerial: mSerialFile=0xffffffff
2023/12/12 14:47:38.245 => CloseSerial: mSerialFile=0xffffffff
