2023/07/07 17:32:32.709 => CloseSerial: mSerialFile=0xffffffff
2023/07/07 17:32:32.709 => Prepare Open Serial: Com=\\.\COM12 BaudRate=115200
2023/07/07 17:32:32.709 => Open \\.\COM12 failed:5
2023/07/07 17:32:32.709 => OpenSerial: Com=\\.\COM12 BaudRate=115200, Success=0, mSerialFile=0xffffffff
2023/07/07 17:32:32.709 => CloseSerial: mSerialFile=0xffffffff
2023/07/07 17:32:40.597 => CloseSerial: mSerialFile=0xffffffff
2023/07/07 17:32:40.597 => Prepare Open Serial: Com=\\.\COM12 BaudRate=115200
2023/07/07 17:32:40.597 => Open \\.\COM12 failed:5
2023/07/07 17:32:40.597 => OpenSerial: Com=\\.\COM12 BaudRate=115200, Success=0, mSerialFile=0xffffffff
2023/07/07 17:32:40.597 => CloseSerial: mSerialFile=0xffffffff
2023/07/07 17:32:43.381 => CloseSerial: mSerialFile=0xffffffff
2023/07/07 17:32:43.381 => Prepare Open Serial: Com=\\.\COM12 BaudRate=115200
2023/07/07 17:32:43.381 => Open \\.\COM12 failed:5
2023/07/07 17:32:43.381 => OpenSerial: Com=\\.\COM12 BaudRate=115200, Success=0, mSerialFile=0xffffffff
2023/07/07 17:32:43.381 => CloseSerial: mSerialFile=0xffffffff
2023/07/07 17:33:31.173 => CloseSerial: mSerialFile=0xffffffff
2023/07/07 17:33:31.173 => Prepare Open Serial: Com=\\.\COM12 BaudRate=115200
2023/07/07 17:33:31.174 => OpenSerial: Com=\\.\COM12 BaudRate=115200, Success=1, mSerialFile=0x00000690
2023/07/07 17:33:31.182 => protocol version = 2, send_recv buffer size = 32
2023/07/07 17:33:31.344 => protocol version = 2, send_recv buffer size = 32
2023/07/07 17:33:31.351 => GetVersion Return: v1.5.5_0.0
2023/07/07 17:33:31.431 => ReadSetting_RadarOperatorConfig, result: Success
2023/07/07 17:33:32.861 => Start Realtime data show.
2023/07/07 17:33:32.861 => thread create success, thread handle=0x00000820, id=9128, name=ReadData
2023/07/07 17:33:32.862 => thread information, name=ReadData, tid=9128(0x000023a8)
2023/07/07 17:33:32.862 => CRadarProtocolDevice::OpenCmdMode: CMDID(0x00FF) failed with:A002
2023/07/07 17:33:33.029 => protocol version = 2, send_recv buffer size = 32
2023/07/07 17:33:33.797 => prepare exit thread..., name=ReadData, tid=9128(0x000023a8)
2023/07/07 17:33:33.860 => CRadarProtocolDevice::OpenCmdMode: CMDID(0x00FF) failed with:A002
2023/07/07 17:33:34.031 => protocol version = 2, send_recv buffer size = 32
2023/07/07 17:33:34.047 => thread exit, name=ReadData, tid=9128(0x000023a8)
2023/07/07 17:33:34.047 => thread exit over, name=ReadData, tid=9128(0x000023a8)
2023/07/07 17:33:34.048 => Stop Realtime data show.
2023/07/07 17:33:34.588 => Start Realtime data show.
2023/07/07 17:33:34.589 => thread create success, thread handle=0x00000888, id=15900, name=ReadData
2023/07/07 17:33:34.589 => thread information, name=ReadData, tid=15900(0x00003e1c)
2023/07/07 17:33:34.589 => CRadarProtocolDevice::OpenCmdMode: CMDID(0x00FF) failed with:A002
2023/07/07 17:33:34.761 => protocol version = 2, send_recv buffer size = 32
2023/07/07 17:33:42.437 => prepare exit thread..., name=ReadData, tid=15900(0x00003e1c)
2023/07/07 17:33:42.447 => protocol version = 2, send_recv buffer size = 32
2023/07/07 17:33:42.613 => protocol version = 2, send_recv buffer size = 32
2023/07/07 17:33:42.630 => thread exit, name=ReadData, tid=15900(0x00003e1c)
2023/07/07 17:33:42.630 => thread exit over, name=ReadData, tid=15900(0x00003e1c)
2023/07/07 17:33:42.631 => Stop Realtime data show.
2023/07/07 17:33:42.631 => Stop Noise scan.
2023/07/07 17:33:42.638 => protocol version = 2, send_recv buffer size = 32
2023/07/07 17:33:42.808 => protocol version = 2, send_recv buffer size = 32
2023/07/07 17:33:42.825 => Cancel Read Data
2023/07/07 17:33:42.825 => CloseSerial: mSerialFile=0x00000690
2023/07/07 17:33:44.365 => CloseSerial: mSerialFile=0xffffffff
2023/07/07 17:33:44.365 => Prepare Open Serial: Com=\\.\COM12 BaudRate=115200
2023/07/07 17:33:44.366 => OpenSerial: Com=\\.\COM12 BaudRate=115200, Success=1, mSerialFile=0x00000810
2023/07/07 17:33:44.375 => protocol version = 2, send_recv buffer size = 32
2023/07/07 17:33:44.535 => protocol version = 2, send_recv buffer size = 32
2023/07/07 17:33:44.543 => GetVersion Return: v1.5.5_0.0
2023/07/07 17:33:44.623 => ReadSetting_RadarOperatorConfig, result: Success
2023/07/07 17:33:45.397 => Stop Realtime data show.
2023/07/07 17:33:45.398 => Stop Noise scan.
2023/07/07 17:33:45.398 => CRadarProtocolDevice::OpenCmdMode: CMDID(0x00FF) failed with:A002
2023/07/07 17:33:45.563 => protocol version = 2, send_recv buffer size = 32
2023/07/07 17:33:45.580 => Cancel Read Data
2023/07/07 17:33:45.580 => CloseSerial: mSerialFile=0x00000810
2023/07/07 17:34:15.500 => Stop Realtime data show.
2023/07/07 17:34:15.500 => Stop Realtime data show.
2023/07/07 17:34:15.502 => Stop Noise scan.
2023/07/07 17:34:15.505 => Cancel Read Data
2023/07/07 17:34:15.505 => CloseSerial: mSerialFile=0xffffffff
2023/07/07 17:34:15.505 => Cancel Read Data
2023/07/07 17:34:15.505 => CloseSerial: mSerialFile=0xffffffff
2023/07/07 17:34:15.505 => CloseSerial: mSerialFile=0xffffffff
