2023/08/30 16:57:47.457 => Stop Realtime data show.
2023/08/31 10:22:06.620 => CloseSerial: mSerialFile=0xffffffff
2023/08/31 10:22:06.620 => Prepare Open Serial: Com=\\.\COM30 BaudRate=115200
2023/08/31 10:22:06.623 => OpenSerial: Com=\\.\COM30 BaudRate=115200, Success=1, mSerialFile=0x000009c0
2023/08/31 10:22:06.631 => protocol version = 2, send_recv buffer size = 32
2023/08/31 10:22:06.790 => protocol version = 2, send_recv buffer size = 32
2023/08/31 10:22:06.798 => GetVersion Return: v1.5.6_0.0
2023/08/31 10:22:06.883 => ReadSetting_RadarOperatorConfig, result: Success
2023/08/31 10:22:14.386 => Start Realtime data show.
2023/08/31 10:22:14.400 => thread create success, thread handle=0x00000994, id=142680, name=ReadData
2023/08/31 10:22:14.400 => thread information, name=ReadData, tid=142680(0x00022d58)
2023/08/31 10:22:14.400 => CRadarProtocolDevice::OpenCmdMode: CMDID(0x00FF) failed with:A002
2023/08/31 10:22:14.560 => protocol version = 2, send_recv buffer size = 32
2023/08/31 10:22:16.401 => prepare exit thread..., name=ReadData, tid=142680(0x00022d58)
2023/08/31 10:22:16.481 => CRadarProtocolDevice::OpenCmdMode: CMDID(0x00FF) failed with:A002
2023/08/31 10:22:16.639 => protocol version = 2, send_recv buffer size = 32
2023/08/31 10:22:16.655 => thread exit, name=ReadData, tid=142680(0x00022d58)
2023/08/31 10:22:16.656 => thread exit over, name=ReadData, tid=142680(0x00022d58)
2023/08/31 10:22:16.660 => Stop Realtime data show.
2023/08/31 10:22:22.608 => Start Noise scan.
2023/08/31 10:22:22.633 => thread create success, thread handle=0x00000a04, id=18244, name=ReadData
2023/08/31 10:22:22.633 => thread information, name=ReadData, tid=18244(0x00004744)
2023/08/31 10:22:22.639 => CRadarProtocolDevice::OpenCmdMode: CMDID(0x00FF) failed with:A002
2023/08/31 10:22:22.810 => protocol version = 2, send_recv buffer size = 32
2023/08/31 10:22:26.217 => prepare exit thread..., name=ReadData, tid=18244(0x00004744)
2023/08/31 10:22:26.225 => protocol version = 2, send_recv buffer size = 32
2023/08/31 10:22:26.398 => protocol version = 2, send_recv buffer size = 32
2023/08/31 10:22:26.414 => thread exit, name=ReadData, tid=18244(0x00004744)
2023/08/31 10:22:26.414 => thread exit over, name=ReadData, tid=18244(0x00004744)
2023/08/31 10:22:26.418 => Stop Noise scan.
2023/08/31 10:22:26.418 => Stop Noise scan.
2023/08/31 10:22:30.049 => Stop Realtime data show.
2023/08/31 10:22:30.049 => Stop Noise scan.
2023/08/31 10:22:30.050 => CRadarProtocolDevice::OpenCmdMode: CMDID(0x00FF) failed with:A002
2023/08/31 10:22:30.208 => protocol version = 2, send_recv buffer size = 32
2023/08/31 10:22:30.224 => Cancel Read Data
2023/08/31 10:22:30.224 => CloseSerial: mSerialFile=0x000009c0
2023/08/31 10:22:32.105 => Stop Noise scan.
2023/08/31 10:22:33.120 => thread create success, thread handle=0x000007bc, id=54432, name=Download
2023/08/31 10:22:33.120 => thread information, name=Download, tid=54432(0x0000d4a0)
2023/08/31 10:22:33.121 => CloseSerial: mSerialFile=0xffffffff
2023/08/31 10:22:33.121 => Prepare Open Serial: Com=\\.\COM30 BaudRate=115200
2023/08/31 10:22:33.122 => OpenSerial: Com=\\.\COM30 BaudRate=115200, Success=1, mSerialFile=0x00000a34
2023/08/31 10:22:33.159 => protocol version = 2, send_recv buffer size = 32
2023/08/31 10:22:33.331 => protocol version = 2, send_recv buffer size = 32
2023/08/31 10:22:33.377 => Cancel Read Data
2023/08/31 10:22:33.378 => CloseSerial: mSerialFile=0x00000a34
2023/08/31 10:22:33.378 => thread exit, name=Download, tid=54432(0x0000d4a0)
2023/08/31 10:23:06.289 => CloseSerial: mSerialFile=0xffffffff
2023/08/31 10:23:06.289 => Prepare Open Serial: Com=\\.\COM30 BaudRate=115200
2023/08/31 10:23:06.291 => OpenSerial: Com=\\.\COM30 BaudRate=115200, Success=1, mSerialFile=0x00000990
2023/08/31 10:23:06.299 => protocol version = 2, send_recv buffer size = 32
2023/08/31 10:23:06.463 => protocol version = 2, send_recv buffer size = 32
2023/08/31 10:23:06.470 => GetVersion Return: v1.5.6_0.0
2023/08/31 10:23:06.551 => ReadSetting_RadarOperatorConfig, result: Success
2023/08/31 10:23:24.900 => thread create success, thread handle=0x000007bc, id=24324, name=Download
2023/08/31 10:23:24.900 => thread information, name=Download, tid=24324(0x00005f04)
2023/08/31 10:23:24.901 => CloseSerial: mSerialFile=0xffffffff
2023/08/31 10:23:24.901 => Prepare Open Serial: Com=\\.\COM30 BaudRate=115200
2023/08/31 10:23:24.901 => Open \\.\COM30 failed:5
2023/08/31 10:23:24.901 => OpenSerial: Com=\\.\COM30 BaudRate=115200, Success=0, mSerialFile=0xffffffff
2023/08/31 10:23:24.901 => CloseSerial: mSerialFile=0xffffffff
2023/08/31 10:23:26.308 => thread exit, name=Download, tid=24324(0x00005f04)
2023/08/31 10:23:33.072 => thread create success, thread handle=0x000007bc, id=71992, name=Download
2023/08/31 10:23:33.072 => thread information, name=Download, tid=71992(0x00011938)
2023/08/31 10:23:33.073 => CloseSerial: mSerialFile=0xffffffff
2023/08/31 10:23:33.073 => Prepare Open Serial: Com=\\.\COM30 BaudRate=115200
2023/08/31 10:23:33.073 => Open \\.\COM30 failed:5
2023/08/31 10:23:33.073 => OpenSerial: Com=\\.\COM30 BaudRate=115200, Success=0, mSerialFile=0xffffffff
2023/08/31 10:23:33.073 => CloseSerial: mSerialFile=0xffffffff
2023/08/31 10:23:34.628 => thread exit, name=Download, tid=71992(0x00011938)
2023/08/31 10:23:39.177 => CRadarProtocolDevice::OpenCmdMode: CMDID(0x00FF) failed with:A002
2023/08/31 10:23:39.348 => protocol version = 2, send_recv buffer size = 32
2023/08/31 10:23:39.365 => Cancel Read Data
2023/08/31 10:23:39.365 => CloseSerial: mSerialFile=0x00000990
2023/08/31 10:23:43.640 => CloseSerial: mSerialFile=0xffffffff
2023/08/31 10:23:43.640 => Prepare Open Serial: Com=\\.\COM30 BaudRate=115200
2023/08/31 10:23:43.642 => OpenSerial: Com=\\.\COM30 BaudRate=115200, Success=1, mSerialFile=0x00000d34
2023/08/31 10:23:43.649 => protocol version = 2, send_recv buffer size = 32
2023/08/31 10:23:43.816 => protocol version = 2, send_recv buffer size = 32
2023/08/31 10:23:43.825 => GetVersion Return: v1.5.6_0.0
2023/08/31 10:23:43.906 => ReadSetting_RadarOperatorConfig, result: Success
2023/08/31 10:23:45.824 => thread create success, thread handle=0x000007bc, id=94724, name=Download
2023/08/31 10:23:45.824 => thread information, name=Download, tid=94724(0x00017204)
2023/08/31 10:23:45.825 => CloseSerial: mSerialFile=0xffffffff
2023/08/31 10:23:45.825 => Prepare Open Serial: Com=\\.\COM30 BaudRate=115200
2023/08/31 10:23:45.825 => Open \\.\COM30 failed:5
2023/08/31 10:23:45.825 => OpenSerial: Com=\\.\COM30 BaudRate=115200, Success=0, mSerialFile=0xffffffff
2023/08/31 10:23:45.825 => CloseSerial: mSerialFile=0xffffffff
2023/08/31 10:23:47.078 => thread exit, name=Download, tid=94724(0x00017204)
2023/08/31 10:23:48.820 => Stop Realtime data show.
2023/08/31 10:23:48.822 => Stop Noise scan.
2023/08/31 10:23:48.824 => CRadarProtocolDevice::OpenCmdMode: CMDID(0x00FF) failed with:A002
2023/08/31 10:23:48.991 => protocol version = 2, send_recv buffer size = 32
2023/08/31 10:23:49.008 => Cancel Read Data
2023/08/31 10:23:49.008 => CloseSerial: mSerialFile=0x00000d34
2023/08/31 10:23:49.009 => Cancel Read Data
2023/08/31 10:23:49.009 => CloseSerial: mSerialFile=0xffffffff
2023/08/31 10:23:49.009 => Cancel Read Data
2023/08/31 10:23:49.009 => CloseSerial: mSerialFile=0xffffffff
2023/08/31 10:23:49.009 => CloseSerial: mSerialFile=0xffffffff
