2026/08/17 23:47:32.147 => CloseSerial: mSerialFile=0xffffffff
2026/08/17 23:47:32.147 => Prepare Open Serial: Com=\\.\COM3 BaudRate=115200
2026/08/17 23:47:32.147 => OpenSerial: Com=\\.\COM3 BaudRate=115200, Success=1, mSerialFile=0x00000658
2026/08/17 23:47:32.179 => CRadarProtocolDevice::OpenCmdMode: CMDID(0x00FF) failed with:A002
2026/08/17 23:47:32.388 => CRadarProtocolDevice::OpenCmdMode: CMDID(0x00FF) failed with:A002
2026/08/17 23:47:32.483 => CRadarProtocolDevice::OpenCmdMode: CMDID(0x00FF) failed with:A002
2026/08/17 23:47:32.483 => CRadarProtocolDevice::OpenCmdMode: CMDID(0x00FF) failed with:A002
2026/08/17 23:47:32.580 => CRadarProtocolDevice::OpenCmdMode: CMDID(0x00FF) failed with:A002
2026/08/17 23:47:32.580 => Cancel Read Data
2026/08/17 23:47:32.580 => CloseSerial: mSerialFile=0x00000658
2026/08/17 23:47:49.219 => CloseSerial: mSerialFile=0xffffffff
2026/08/17 23:47:49.219 => Prepare Open Serial: Com=\\.\COM3 BaudRate=256000
2026/08/17 23:47:49.219 => OpenSerial: Com=\\.\COM3 BaudRate=256000, Success=1, mSerialFile=0x00000654
2026/08/17 23:47:49.219 => protocol version = 1, send_recv buffer size = 64
2026/08/17 23:47:49.379 => protocol version = 1, send_recv buffer size = 64
2026/08/17 23:47:49.379 => GetVersion Return: v1.4.4_32772.0
2026/08/17 23:47:51.413 => CRadarProtocolDevice::GetParameter: CMDID(0x0008) failed with:A001
2026/08/17 23:47:51.413 => ReadSetting_RadarOperatorConfig, result: Failed.
2026/08/17 23:47:53.414 => CRadarProtocolDevice::SetDataTransferMode: CMDID(0x0012) failed with:A001
2026/08/17 23:48:00.381 => Start Realtime data show.
2026/08/17 23:48:00.381 => thread create success, thread handle=0x0000068c, id=6248, name=ReadData
2026/08/17 23:48:00.381 => thread information, name=ReadData, tid=6248(0x00001868)
2026/08/17 23:48:00.381 => CRadarProtocolDevice::OpenCmdMode: CMDID(0x00FF) failed with:A002
2026/08/17 23:48:00.540 => protocol version = 1, send_recv buffer size = 64
2026/08/17 23:48:02.541 => CRadarProtocolDevice::SetABDMode: CMDID(0x0012) failed with:A001
2026/08/17 23:48:12.738 => prepare exit thread..., name=ReadData, tid=6248(0x00001868)
2026/08/17 23:48:12.802 => protocol version = 1, send_recv buffer size = 64
2026/08/17 23:48:12.962 => protocol version = 1, send_recv buffer size = 64
2026/08/17 23:48:14.976 => CRadarProtocolDevice::SetDataTransferMode: CMDID(0x0012) failed with:A001
2026/08/17 23:48:14.976 => thread exit, name=ReadData, tid=6248(0x00001868)
2026/08/17 23:48:14.976 => thread exit over, name=ReadData, tid=6248(0x00001868)
2026/08/17 23:48:14.976 => Stop Realtime data show.
2026/08/17 23:48:16.191 => Stop Noise scan.
2026/08/17 23:48:16.191 => CRadarProtocolDevice::OpenCmdMode: CMDID(0x00FF) failed with:A002
2026/08/17 23:48:16.351 => protocol version = 1, send_recv buffer size = 64
2026/08/17 23:48:18.367 => CRadarProtocolDevice::SetParameter: CMDID(0x0012) failed with:A001
2026/08/17 23:48:18.367 => Cancel Read Data
2026/08/17 23:48:18.367 => CloseSerial: mSerialFile=0x00000654
2026/08/17 23:48:22.693 => thread create success, thread handle=0x00000714, id=1488, name=Download
2026/08/17 23:48:22.693 => thread information, name=Download, tid=1488(0x000005d0)
2026/08/17 23:48:22.693 => CloseSerial: mSerialFile=0xffffffff
2026/08/17 23:48:22.693 => Prepare Open Serial: Com=\\.\COM3 BaudRate=256000
2026/08/17 23:48:22.693 => OpenSerial: Com=\\.\COM3 BaudRate=256000, Success=1, mSerialFile=0x000006f0
2026/08/17 23:48:22.709 => protocol version = 1, send_recv buffer size = 64
2026/08/17 23:48:22.869 => protocol version = 1, send_recv buffer size = 64
2026/08/17 23:48:24.874 => CRadarProtocolDevice::SendCommand: CMDID(0x0070) failed with:A001
2026/08/17 23:48:24.874 => Cancel Read Data
2026/08/17 23:48:24.874 => CloseSerial: mSerialFile=0x000006f0
2026/08/17 23:48:24.874 => thread exit, name=Download, tid=1488(0x000005d0)
2026/08/17 23:48:33.897 => CloseSerial: mSerialFile=0xffffffff
2026/08/17 23:48:33.897 => Prepare Open Serial: Com=\\.\COM3 BaudRate=256000
2026/08/17 23:48:33.913 => OpenSerial: Com=\\.\COM3 BaudRate=256000, Success=1, mSerialFile=0x00000664
2026/08/17 23:48:33.913 => protocol version = 1, send_recv buffer size = 64
2026/08/17 23:48:34.073 => protocol version = 1, send_recv buffer size = 64
2026/08/17 23:48:34.073 => GetVersion Return: v1.4.4_32772.0
2026/08/17 23:48:36.074 => CRadarProtocolDevice::GetParameter: CMDID(0x0008) failed with:A001
2026/08/17 23:48:36.074 => ReadSetting_RadarOperatorConfig, result: Failed.
2026/08/17 23:48:38.079 => CRadarProtocolDevice::SetDataTransferMode: CMDID(0x0012) failed with:A001
2026/08/17 23:51:37.951 => Stop Realtime data show.
2026/08/17 23:51:37.951 => Stop Noise scan.
2026/08/17 23:51:37.952 => CRadarProtocolDevice::OpenCmdMode: CMDID(0x00FF) failed with:A002
2026/08/17 23:51:38.113 => protocol version = 1, send_recv buffer size = 64
2026/08/17 23:51:40.115 => CRadarProtocolDevice::SetParameter: CMDID(0x0012) failed with:A001
2026/08/17 23:51:40.115 => Cancel Read Data
2026/08/17 23:51:40.115 => CloseSerial: mSerialFile=0x00000664
2026/08/17 23:51:51.403 => Stop Realtime data show.
2026/08/17 23:51:51.405 => Stop Noise scan.
2026/08/17 23:51:51.408 => Cancel Read Data
2026/08/17 23:51:51.408 => CloseSerial: mSerialFile=0xffffffff
2026/08/17 23:51:51.408 => Cancel Read Data
2026/08/17 23:51:51.408 => CloseSerial: mSerialFile=0xffffffff
2026/08/17 23:51:51.408 => CloseSerial: mSerialFile=0xffffffff
