2023/11/27 18:02:24.388 => CloseSerial: mSerialFile=0xffffffff
2023/11/27 18:02:24.388 => Prepare Open Serial: Com=\\.\COM18 BaudRate=115200
2023/11/27 18:02:24.390 => OpenSerial: Com=\\.\COM18 BaudRate=115200, Success=1, mSerialFile=0x00000958
2023/11/27 18:02:24.397 => protocol version = 2, send_recv buffer size = 32
2023/11/27 18:02:24.560 => protocol version = 2, send_recv buffer size = 32
2023/11/27 18:02:24.567 => GetVersion Return: v1.5.9_0.0
2023/11/27 18:02:24.649 => ReadSetting_RadarOperatorConfig, result: Success
2023/11/27 18:02:26.604 => Start Realtime data show.
2023/11/27 18:02:26.605 => thread create success, thread handle=0x00000954, id=21352, name=ReadData
2023/11/27 18:02:26.605 => thread information, name=ReadData, tid=21352(0x00005368)
2023/11/27 18:02:26.605 => CRadarProtocolDevice::OpenCmdMode: CMDID(0x00FF) failed with:A002
2023/11/27 18:02:26.772 => protocol version = 2, send_recv buffer size = 32
2023/11/27 18:05:09.980 => prepare exit thread..., name=ReadData, tid=21352(0x00005368)
2023/11/27 18:05:10.019 => CRadarProtocolDevice::OpenCmdMode: CMDID(0x00FF) failed with:A002
2023/11/27 18:05:10.182 => protocol version = 2, send_recv buffer size = 32
2023/11/27 18:05:10.199 => thread exit, name=ReadData, tid=21352(0x00005368)
2023/11/27 18:05:10.199 => thread exit over, name=ReadData, tid=21352(0x00005368)
2023/11/27 18:05:10.201 => Stop Realtime data show.
2023/11/27 18:06:15.388 => Stop Realtime data show.
2023/11/27 18:06:15.388 => Stop Noise scan.
2023/11/27 18:06:15.388 => WriteOnePacket write 0 bytes, total need write 14, has write 0
2023/11/27 18:06:15.547 => WriteOnePacket write 0 bytes, total need write 14, has write 0
2023/11/27 18:06:15.547 => WriteOnePacket write 0 bytes, total need write 14, has write 0
2023/11/27 18:06:15.547 => WriteOnePacket write 0 bytes, total need write 14, has write 0
2023/11/27 18:06:15.547 => WriteOnePacket write 0 bytes, total need write 14, has write 0
2023/11/27 18:06:15.547 => WriteOnePacket write 0 bytes, total need write 18, has write 0
2023/11/27 18:06:15.547 => WriteOnePacket write 0 bytes, total need write 12, has write 0
2023/11/27 18:06:15.547 => Cancel Read Data
2023/11/27 18:06:15.547 => CloseSerial: mSerialFile=0x00000958
2023/11/27 18:06:16.940 => CloseSerial: mSerialFile=0xffffffff
2023/11/27 18:06:16.940 => Prepare Open Serial: Com=\\.\COM18 BaudRate=115200
2023/11/27 18:06:16.941 => OpenSerial: Com=\\.\COM18 BaudRate=115200, Success=1, mSerialFile=0x00000960
2023/11/27 18:06:16.947 => CRadarProtocolDevice::OpenCmdMode: CMDID(0x00FF) failed with:A002
2023/11/27 18:06:17.115 => protocol version = 2, send_recv buffer size = 32
2023/11/27 18:06:17.122 => GetVersion Return: v1.5.9_0.0
2023/11/27 18:06:17.203 => ReadSetting_RadarOperatorConfig, result: Success
2023/11/27 18:06:28.683 => CRadarProtocolDevice::OpenCmdMode: CMDID(0x00FF) failed with:A002
2023/11/27 18:06:28.852 => protocol version = 2, send_recv buffer size = 32
2023/11/27 18:06:28.968 => WriteSetting_RadarOperatorConfig, result: Success
2023/11/27 18:06:30.355 => CRadarProtocolDevice::OpenCmdMode: CMDID(0x00FF) failed with:A002
2023/11/27 18:06:30.517 => protocol version = 2, send_recv buffer size = 32
2023/11/27 18:06:30.596 => ReadSetting_RadarOperatorConfig, result: Success
2023/11/27 18:07:04.389 => Stop Realtime data show.
2023/11/27 18:07:04.389 => Stop Noise scan.
2023/11/27 18:07:04.389 => CRadarProtocolDevice::OpenCmdMode: CMDID(0x00FF) failed with:A002
2023/11/27 18:07:04.557 => protocol version = 2, send_recv buffer size = 32
2023/11/27 18:07:04.573 => Cancel Read Data
2023/11/27 18:07:04.573 => CloseSerial: mSerialFile=0x00000960
2023/11/27 18:07:05.252 => CloseSerial: mSerialFile=0xffffffff
2023/11/27 18:07:05.252 => Prepare Open Serial: Com=\\.\COM18 BaudRate=115200
2023/11/27 18:07:05.254 => OpenSerial: Com=\\.\COM18 BaudRate=115200, Success=1, mSerialFile=0x00000980
2023/11/27 18:07:05.263 => protocol version = 2, send_recv buffer size = 32
2023/11/27 18:07:05.429 => protocol version = 2, send_recv buffer size = 32
2023/11/27 18:07:05.438 => GetVersion Return: v1.5.9_0.0
2023/11/27 18:07:05.518 => ReadSetting_RadarOperatorConfig, result: Success
2023/11/27 18:07:09.259 => CRadarProtocolDevice::OpenCmdMode: CMDID(0x00FF) failed with:A002
2023/11/27 18:07:09.430 => protocol version = 2, send_recv buffer size = 32
2023/11/27 18:07:09.548 => WriteSetting_RadarOperatorConfig, result: Success
2023/11/27 18:07:11.179 => CRadarProtocolDevice::OpenCmdMode: CMDID(0x00FF) failed with:A002
2023/11/27 18:07:11.341 => protocol version = 2, send_recv buffer size = 32
2023/11/27 18:07:11.419 => ReadSetting_RadarOperatorConfig, result: Success
2023/11/27 18:10:05.053 => Stop Realtime data show.
2023/11/27 18:10:05.055 => Stop Noise scan.
2023/11/27 18:10:05.057 => CRadarProtocolDevice::OpenCmdMode: CMDID(0x00FF) failed with:A002
2023/11/27 18:10:07.223 => CRadarProtocolDevice::OpenCmdMode: CMDID(0x00FF) failed with:A001
2023/11/27 18:10:07.223 => Cancel Read Data
2023/11/27 18:10:07.223 => CloseSerial: mSerialFile=0xffffffff
2023/11/27 18:10:07.223 => Cancel Read Data
2023/11/27 18:10:07.223 => CloseSerial: mSerialFile=0xffffffff
2023/11/27 18:10:07.223 => Cancel Read Data
2023/11/27 18:10:07.223 => CloseSerial: mSerialFile=0xffffffff
2023/11/27 18:10:07.223 => CloseSerial: mSerialFile=0xffffffff
