2023/07/24 15:12:03.972 => CloseSerial: mSerialFile=0xffffffff
2023/07/24 15:12:03.972 => Prepare Open Serial: Com=\\.\COM11 BaudRate=115200
2023/07/24 15:12:03.974 => OpenSerial: Com=\\.\COM11 BaudRate=115200, Success=1, mSerialFile=0x00000808
2023/07/24 15:12:03.982 => protocol version = 2, send_recv buffer size = 32
2023/07/24 15:12:04.144 => protocol version = 2, send_recv buffer size = 32
2023/07/24 15:12:04.152 => GetVersion Return: v1.5.7_0.0
2023/07/24 15:12:04.234 => ReadSetting_RadarOperatorConfig, result: Success
2023/07/24 15:12:04.891 => CRadarProtocolDevice::OpenCmdMode: CMDID(0x00FF) failed with:A002
2023/07/24 15:12:05.055 => protocol version = 2, send_recv buffer size = 32
2023/07/24 15:12:05.135 => ReadSetting_RadarOperatorConfig, result: Success
2023/07/24 15:12:06.419 => Start Realtime data show.
2023/07/24 15:12:06.419 => thread create success, thread handle=0x00000818, id=9708, name=ReadData
2023/07/24 15:12:06.419 => thread information, name=ReadData, tid=9708(0x000025ec)
2023/07/24 15:12:06.420 => CRadarProtocolDevice::OpenCmdMode: CMDID(0x00FF) failed with:A002
2023/07/24 15:12:06.586 => protocol version = 2, send_recv buffer size = 32
2023/07/24 15:12:29.939 => prepare exit thread..., name=ReadData, tid=9708(0x000025ec)
2023/07/24 15:12:29.988 => CRadarProtocolDevice::OpenCmdMode: CMDID(0x00FF) failed with:A002
2023/07/24 15:12:30.156 => protocol version = 2, send_recv buffer size = 32
2023/07/24 15:12:30.172 => thread exit, name=ReadData, tid=9708(0x000025ec)
2023/07/24 15:12:30.173 => thread exit over, name=ReadData, tid=9708(0x000025ec)
2023/07/24 15:12:30.177 => Stop Realtime data show.
2023/07/24 15:12:30.587 => Start Realtime data show.
2023/07/24 15:12:30.587 => thread create success, thread handle=0x00000820, id=2016, name=ReadData
2023/07/24 15:12:30.587 => thread information, name=ReadData, tid=2016(0x000007e0)
2023/07/24 15:12:30.587 => CRadarProtocolDevice::OpenCmdMode: CMDID(0x00FF) failed with:A002
2023/07/24 15:12:30.748 => protocol version = 2, send_recv buffer size = 32
2023/07/24 15:13:18.594 => prepare exit thread..., name=ReadData, tid=2016(0x000007e0)
2023/07/24 15:13:18.674 => CRadarProtocolDevice::OpenCmdMode: CMDID(0x00FF) failed with:A002
2023/07/24 15:13:18.843 => protocol version = 2, send_recv buffer size = 32
2023/07/24 15:13:18.858 => thread exit, name=ReadData, tid=2016(0x000007e0)
2023/07/24 15:13:18.859 => thread exit over, name=ReadData, tid=2016(0x000007e0)
2023/07/24 15:13:18.862 => Stop Realtime data show.
2023/07/24 15:13:19.867 => Start Realtime data show.
2023/07/24 15:13:19.867 => thread create success, thread handle=0x00000820, id=12708, name=ReadData
2023/07/24 15:13:19.867 => thread information, name=ReadData, tid=12708(0x000031a4)
2023/07/24 15:13:19.868 => CRadarProtocolDevice::OpenCmdMode: CMDID(0x00FF) failed with:A002
2023/07/24 15:13:20.035 => protocol version = 2, send_recv buffer size = 32
2023/07/24 15:22:01.675 => prepare exit thread..., name=ReadData, tid=12708(0x000031a4)
2023/07/24 15:22:01.747 => protocol version = 2, send_recv buffer size = 32
2023/07/24 15:22:01.917 => protocol version = 2, send_recv buffer size = 32
2023/07/24 15:22:01.934 => thread exit, name=ReadData, tid=12708(0x000031a4)
2023/07/24 15:22:01.934 => thread exit over, name=ReadData, tid=12708(0x000031a4)
2023/07/24 15:22:01.935 => Stop Realtime data show.
2023/07/24 15:22:01.935 => Stop Noise scan.
2023/07/24 15:22:01.943 => protocol version = 2, send_recv buffer size = 32
2023/07/24 15:22:02.102 => protocol version = 2, send_recv buffer size = 32
2023/07/24 15:22:02.119 => Cancel Read Data
2023/07/24 15:22:02.119 => CloseSerial: mSerialFile=0x00000808
2023/07/24 15:22:04.387 => CloseSerial: mSerialFile=0xffffffff
2023/07/24 15:22:04.387 => Prepare Open Serial: Com=\\.\COM11 BaudRate=115200
2023/07/24 15:22:04.388 => OpenSerial: Com=\\.\COM11 BaudRate=115200, Success=1, mSerialFile=0x00000810
2023/07/24 15:22:04.396 => protocol version = 2, send_recv buffer size = 32
2023/07/24 15:22:04.565 => protocol version = 2, send_recv buffer size = 32
2023/07/24 15:22:04.573 => GetVersion Return: v1.5.7_0.0
2023/07/24 15:22:04.654 => ReadSetting_RadarOperatorConfig, result: Success
2023/07/24 15:22:07.107 => Start Realtime data show.
2023/07/24 15:22:07.108 => thread create success, thread handle=0x00000b70, id=2588, name=ReadData
2023/07/24 15:22:07.108 => thread information, name=ReadData, tid=2588(0x00000a1c)
2023/07/24 15:22:07.108 => CRadarProtocolDevice::OpenCmdMode: CMDID(0x00FF) failed with:A002
2023/07/24 15:22:07.270 => protocol version = 2, send_recv buffer size = 32
2023/07/24 15:22:08.659 => prepare exit thread..., name=ReadData, tid=2588(0x00000a1c)
2023/07/24 15:22:08.700 => CRadarProtocolDevice::OpenCmdMode: CMDID(0x00FF) failed with:A002
2023/07/24 15:22:08.867 => protocol version = 2, send_recv buffer size = 32
2023/07/24 15:22:08.884 => thread exit, name=ReadData, tid=2588(0x00000a1c)
2023/07/24 15:22:08.884 => thread exit over, name=ReadData, tid=2588(0x00000a1c)
2023/07/24 15:22:08.886 => Stop Realtime data show.
2023/07/24 15:22:09.507 => Stop Realtime data show.
2023/07/24 15:22:33.787 => CRadarProtocolDevice::OpenCmdMode: CMDID(0x00FF) failed with:A002
2023/07/24 15:22:33.951 => protocol version = 2, send_recv buffer size = 32
2023/07/24 15:22:34.067 => WriteSetting_RadarOperatorConfig, result: Success
2023/07/24 15:22:35.114 => CRadarProtocolDevice::OpenCmdMode: CMDID(0x00FF) failed with:A002
2023/07/24 15:22:35.277 => protocol version = 2, send_recv buffer size = 32
2023/07/24 15:22:35.356 => ReadSetting_RadarOperatorConfig, result: Success
2023/07/24 15:22:36.347 => Start Realtime data show.
2023/07/24 15:22:36.347 => thread create success, thread handle=0x000009f8, id=728, name=ReadData
2023/07/24 15:22:36.347 => thread information, name=ReadData, tid=728(0x000002d8)
2023/07/24 15:22:36.348 => CRadarProtocolDevice::OpenCmdMode: CMDID(0x00FF) failed with:A002
2023/07/24 15:22:36.518 => protocol version = 2, send_recv buffer size = 32
2023/07/24 15:23:22.915 => prepare exit thread..., name=ReadData, tid=728(0x000002d8)
2023/07/24 15:23:23.024 => protocol version = 2, send_recv buffer size = 32
2023/07/24 15:23:23.191 => protocol version = 2, send_recv buffer size = 32
2023/07/24 15:23:23.209 => thread exit, name=ReadData, tid=728(0x000002d8)
2023/07/24 15:23:23.209 => thread exit over, name=ReadData, tid=728(0x000002d8)
2023/07/24 15:23:23.210 => Stop Realtime data show.
2023/07/24 15:23:23.210 => Stop Noise scan.
2023/07/24 15:23:23.218 => protocol version = 2, send_recv buffer size = 32
2023/07/24 15:23:23.391 => protocol version = 2, send_recv buffer size = 32
2023/07/24 15:23:23.407 => Cancel Read Data
2023/07/24 15:23:23.407 => CloseSerial: mSerialFile=0x00000810
2023/07/24 15:23:24.034 => CloseSerial: mSerialFile=0xffffffff
2023/07/24 15:23:24.034 => Prepare Open Serial: Com=\\.\COM11 BaudRate=115200
2023/07/24 15:23:24.035 => OpenSerial: Com=\\.\COM11 BaudRate=115200, Success=1, mSerialFile=0x00000820
2023/07/24 15:23:24.044 => protocol version = 2, send_recv buffer size = 32
2023/07/24 15:23:24.211 => protocol version = 2, send_recv buffer size = 32
2023/07/24 15:23:24.218 => GetVersion Return: v1.5.7_0.0
2023/07/24 15:23:24.299 => ReadSetting_RadarOperatorConfig, result: Success
2023/07/24 15:23:25.379 => Start Realtime data show.
2023/07/24 15:23:25.380 => thread create success, thread handle=0x00000940, id=6512, name=ReadData
2023/07/24 15:23:25.380 => thread information, name=ReadData, tid=6512(0x00001970)
2023/07/24 15:23:25.380 => CRadarProtocolDevice::OpenCmdMode: CMDID(0x00FF) failed with:A002
2023/07/24 15:23:25.544 => protocol version = 2, send_recv buffer size = 32
2023/07/24 15:57:33.578 => prepare exit thread..., name=ReadData, tid=6512(0x00001970)
2023/07/24 15:57:33.642 => CRadarProtocolDevice::OpenCmdMode: CMDID(0x00FF) failed with:A002
2023/07/24 15:57:33.815 => protocol version = 2, send_recv buffer size = 32
2023/07/24 15:57:33.830 => thread exit, name=ReadData, tid=6512(0x00001970)
2023/07/24 15:57:33.831 => thread exit over, name=ReadData, tid=6512(0x00001970)
2023/07/24 15:57:33.832 => Stop Realtime data show.
2023/07/24 15:57:34.195 => Stop Noise scan.
2023/07/24 15:57:34.195 => Start Realtime data show.
2023/07/24 15:57:34.195 => thread create success, thread handle=0x00000ae4, id=8736, name=ReadData
2023/07/24 15:57:34.195 => thread information, name=ReadData, tid=8736(0x00002220)
2023/07/24 15:57:34.195 => CRadarProtocolDevice::OpenCmdMode: CMDID(0x00FF) failed with:A002
2023/07/24 15:57:34.357 => protocol version = 2, send_recv buffer size = 32
2023/07/24 16:20:59.707 => prepare exit thread..., name=ReadData, tid=8736(0x00002220)
2023/07/24 16:20:59.743 => CRadarProtocolDevice::OpenCmdMode: CMDID(0x00FF) failed with:A002
2023/07/24 16:20:59.914 => protocol version = 2, send_recv buffer size = 32
2023/07/24 16:20:59.931 => thread exit, name=ReadData, tid=8736(0x00002220)
2023/07/24 16:20:59.931 => thread exit over, name=ReadData, tid=8736(0x00002220)
2023/07/24 16:20:59.933 => Stop Realtime data show.
2023/07/24 16:20:59.941 => protocol version = 2, send_recv buffer size = 32
2023/07/24 16:21:00.113 => protocol version = 2, send_recv buffer size = 32
2023/07/24 16:21:00.130 => Cancel Read Data
2023/07/24 16:21:00.130 => CloseSerial: mSerialFile=0x00000820
2023/07/24 16:21:46.634 => thread create success, thread handle=0x00000a2c, id=2068, name=Download
2023/07/24 16:21:46.634 => thread information, name=Download, tid=2068(0x00000814)
2023/07/24 16:21:46.635 => CloseSerial: mSerialFile=0xffffffff
2023/07/24 16:21:46.635 => Prepare Open Serial: Com=\\.\COM11 BaudRate=115200
2023/07/24 16:21:46.636 => OpenSerial: Com=\\.\COM11 BaudRate=115200, Success=1, mSerialFile=0x00000be8
2023/07/24 16:21:46.663 => protocol version = 2, send_recv buffer size = 32
2023/07/24 16:21:46.833 => protocol version = 2, send_recv buffer size = 32
2023/07/24 16:21:46.877 => Cancel Read Data
2023/07/24 16:21:46.877 => CloseSerial: mSerialFile=0x00000be8
2023/07/24 16:21:46.877 => thread exit, name=Download, tid=2068(0x00000814)
2023/07/24 16:21:47.842 => thread create success, thread handle=0x00000a2c, id=6596, name=Download
2023/07/24 16:21:47.842 => thread information, name=Download, tid=6596(0x000019c4)
2023/07/24 16:21:47.842 => CloseSerial: mSerialFile=0xffffffff
2023/07/24 16:21:47.842 => Prepare Open Serial: Com=\\.\COM11 BaudRate=115200
2023/07/24 16:21:47.844 => OpenSerial: Com=\\.\COM11 BaudRate=115200, Success=1, mSerialFile=0x00000be8
2023/07/24 16:21:47.853 => protocol version = 2, send_recv buffer size = 32
2023/07/24 16:21:48.016 => protocol version = 2, send_recv buffer size = 32
2023/07/24 16:21:50.022 => CloseSerial: mSerialFile=0x00000be8
2023/07/24 16:21:50.022 => Prepare Open Serial: Com=\\.\COM11 BaudRate=115200
2023/07/24 16:21:50.023 => OpenSerial: Com=\\.\COM11 BaudRate=115200, Success=1, mSerialFile=0x000009a8
2023/07/24 16:22:12.652 => Cancel Read Data
2023/07/24 16:22:12.652 => CloseSerial: mSerialFile=0x000009a8
2023/07/24 16:22:12.654 => thread exit, name=Download, tid=6596(0x000019c4)
2023/07/24 16:22:37.026 => CloseSerial: mSerialFile=0xffffffff
2023/07/24 16:22:37.026 => Prepare Open Serial: Com=\\.\COM11 BaudRate=115200
2023/07/24 16:22:37.027 => OpenSerial: Com=\\.\COM11 BaudRate=115200, Success=1, mSerialFile=0x000008f8
2023/07/24 16:22:39.042 => CRadarProtocolDevice::OpenCmdMode: CMDID(0x00FF) failed with:A001
2023/07/24 16:22:41.210 => CRadarProtocolDevice::OpenCmdMode: CMDID(0x00FF) failed with:A001
2023/07/24 16:22:43.222 => CRadarProtocolDevice::OpenCmdMode: CMDID(0x00FF) failed with:A001
2023/07/24 16:22:45.237 => CRadarProtocolDevice::OpenCmdMode: CMDID(0x00FF) failed with:A001
2023/07/24 16:22:47.243 => CRadarProtocolDevice::OpenCmdMode: CMDID(0x00FF) failed with:A001
2023/07/24 16:22:47.243 => Cancel Read Data
2023/07/24 16:22:47.243 => CloseSerial: mSerialFile=0x000008f8
2023/07/24 16:22:50.031 => Stop Realtime data show.
2023/07/24 16:22:50.033 => Stop Noise scan.
2023/07/24 16:22:50.034 => Cancel Read Data
2023/07/24 16:22:50.034 => CloseSerial: mSerialFile=0xffffffff
2023/07/24 16:22:50.034 => Cancel Read Data
2023/07/24 16:22:50.034 => CloseSerial: mSerialFile=0xffffffff
2023/07/24 16:22:50.034 => CloseSerial: mSerialFile=0xffffffff
