2023/07/07 15:31:49.612 => CloseSerial: mSerialFile=0xffffffff
2023/07/07 15:31:49.612 => Prepare Open Serial: Com=\\.\COM12 BaudRate=115200
2023/07/07 15:31:49.612 => OpenSerial: Com=\\.\COM12 BaudRate=115200, Success=1, mSerialFile=0x00000804
2023/07/07 15:31:49.620 => protocol version = 2, send_recv buffer size = 32
2023/07/07 15:31:49.779 => protocol version = 2, send_recv buffer size = 32
2023/07/07 15:31:49.787 => GetVersion Return: v1.5.5_0.0
2023/07/07 15:31:49.866 => ReadSetting_RadarOperatorConfig, result: Success
2023/07/07 15:31:51.069 => Start Realtime data show.
2023/07/07 15:31:51.069 => thread create success, thread handle=0x00000814, id=3404, name=ReadData
2023/07/07 15:31:51.069 => thread information, name=ReadData, tid=3404(0x00000d4c)
2023/07/07 15:31:51.069 => CRadarProtocolDevice::OpenCmdMode: CMDID(0x00FF) failed with:A002
2023/07/07 15:31:51.228 => protocol version = 2, send_recv buffer size = 32
2023/07/07 15:32:36.756 => prepare exit thread..., name=ReadData, tid=3404(0x00000d4c)
2023/07/07 15:32:36.817 => CRadarProtocolDevice::OpenCmdMode: CMDID(0x00FF) failed with:A002
2023/07/07 15:32:36.989 => protocol version = 2, send_recv buffer size = 32
2023/07/07 15:32:37.005 => thread exit, name=ReadData, tid=3404(0x00000d4c)
2023/07/07 15:32:37.005 => thread exit over, name=ReadData, tid=3404(0x00000d4c)
2023/07/07 15:32:37.006 => Stop Realtime data show.
2023/07/07 15:32:55.125 => Start Noise scan.
2023/07/07 15:32:55.189 => thread create success, thread handle=0x00000814, id=18548, name=ReadData
2023/07/07 15:32:55.189 => thread information, name=ReadData, tid=18548(0x00004874)
2023/07/07 15:32:55.190 => CRadarProtocolDevice::OpenCmdMode: CMDID(0x00FF) failed with:A002
2023/07/07 15:32:55.356 => protocol version = 2, send_recv buffer size = 32
2023/07/07 15:33:16.442 => protocol version = 2, send_recv buffer size = 32
2023/07/07 15:33:16.609 => protocol version = 2, send_recv buffer size = 32
2023/07/07 15:33:16.625 => thread exit, name=ReadData, tid=18548(0x00004874)
2023/07/07 15:33:16.625 => prepare exit thread..., name=ReadData, tid=18548(0x00004874)
2023/07/07 15:33:16.625 => thread exit over, name=ReadData, tid=18548(0x00004874)
2023/07/07 15:33:16.627 => Stop Noise scan.
2023/07/07 15:33:17.995 => Start Noise scan.
2023/07/07 15:33:17.997 => thread create success, thread handle=0x0000093c, id=2656, name=ReadData
2023/07/07 15:33:17.997 => thread information, name=ReadData, tid=2656(0x00000a60)
2023/07/07 15:33:17.998 => CRadarProtocolDevice::OpenCmdMode: CMDID(0x00FF) failed with:A002
2023/07/07 15:33:18.170 => protocol version = 2, send_recv buffer size = 32
2023/07/07 15:33:39.267 => protocol version = 2, send_recv buffer size = 32
2023/07/07 15:33:39.434 => protocol version = 2, send_recv buffer size = 32
2023/07/07 15:33:39.450 => thread exit, name=ReadData, tid=2656(0x00000a60)
2023/07/07 15:33:39.450 => prepare exit thread..., name=ReadData, tid=2656(0x00000a60)
2023/07/07 15:33:39.450 => thread exit over, name=ReadData, tid=2656(0x00000a60)
2023/07/07 15:33:39.452 => Stop Noise scan.
2023/07/07 15:33:44.772 => Stop Realtime data show.
2023/07/07 15:33:44.772 => Stop Noise scan.
2023/07/07 15:33:44.772 => CRadarProtocolDevice::OpenCmdMode: CMDID(0x00FF) failed with:A002
2023/07/07 15:33:44.939 => protocol version = 2, send_recv buffer size = 32
2023/07/07 15:33:44.956 => Cancel Read Data
2023/07/07 15:33:44.956 => CloseSerial: mSerialFile=0x00000804
2023/07/07 15:33:55.268 => CloseSerial: mSerialFile=0xffffffff
2023/07/07 15:33:55.268 => Prepare Open Serial: Com=\\.\COM12 BaudRate=115200
2023/07/07 15:33:55.269 => OpenSerial: Com=\\.\COM12 BaudRate=115200, Success=1, mSerialFile=0x0000080c
2023/07/07 15:33:55.277 => protocol version = 2, send_recv buffer size = 32
2023/07/07 15:33:55.439 => protocol version = 2, send_recv buffer size = 32
2023/07/07 15:33:55.447 => GetVersion Return: v1.5.5_0.0
2023/07/07 15:33:55.527 => ReadSetting_RadarOperatorConfig, result: Success
2023/07/07 15:33:59.044 => Start Noise scan.
2023/07/07 15:33:59.046 => thread create success, thread handle=0x000008d0, id=708, name=ReadData
2023/07/07 15:33:59.046 => thread information, name=ReadData, tid=708(0x000002c4)
2023/07/07 15:33:59.046 => CRadarProtocolDevice::OpenCmdMode: CMDID(0x00FF) failed with:A002
2023/07/07 15:33:59.216 => protocol version = 2, send_recv buffer size = 32
2023/07/07 15:34:20.345 => protocol version = 2, send_recv buffer size = 32
2023/07/07 15:34:20.512 => protocol version = 2, send_recv buffer size = 32
2023/07/07 15:34:20.528 => thread exit, name=ReadData, tid=708(0x000002c4)
2023/07/07 15:34:20.528 => prepare exit thread..., name=ReadData, tid=708(0x000002c4)
2023/07/07 15:34:20.528 => thread exit over, name=ReadData, tid=708(0x000002c4)
2023/07/07 15:34:20.530 => Stop Noise scan.
2023/07/07 15:34:37.077 => Stop Realtime data show.
2023/07/07 15:34:37.077 => Stop Noise scan.
2023/07/07 15:34:37.077 => CRadarProtocolDevice::OpenCmdMode: CMDID(0x00FF) failed with:A002
2023/07/07 15:34:37.236 => protocol version = 2, send_recv buffer size = 32
2023/07/07 15:34:37.252 => Cancel Read Data
2023/07/07 15:34:37.253 => CloseSerial: mSerialFile=0x0000080c
2023/07/07 15:34:46.029 => CloseSerial: mSerialFile=0xffffffff
2023/07/07 15:34:46.029 => Prepare Open Serial: Com=\\.\COM12 BaudRate=115200
2023/07/07 15:34:46.030 => OpenSerial: Com=\\.\COM12 BaudRate=115200, Success=1, mSerialFile=0x00000844
2023/07/07 15:34:46.038 => protocol version = 2, send_recv buffer size = 32
2023/07/07 15:34:46.202 => protocol version = 2, send_recv buffer size = 32
2023/07/07 15:34:46.210 => GetVersion Return: v1.5.5_0.0
2023/07/07 15:34:46.288 => ReadSetting_RadarOperatorConfig, result: Success
2023/07/07 15:34:48.020 => Start Noise scan.
2023/07/07 15:34:48.021 => thread create success, thread handle=0x000009c0, id=3444, name=ReadData
2023/07/07 15:34:48.022 => thread information, name=ReadData, tid=3444(0x00000d74)
2023/07/07 15:34:48.032 => CRadarProtocolDevice::OpenCmdMode: CMDID(0x00FF) failed with:A002
2023/07/07 15:34:48.199 => protocol version = 2, send_recv buffer size = 32
2023/07/07 15:35:09.366 => protocol version = 2, send_recv buffer size = 32
2023/07/07 15:35:09.533 => protocol version = 2, send_recv buffer size = 32
2023/07/07 15:35:09.549 => thread exit, name=ReadData, tid=3444(0x00000d74)
2023/07/07 15:35:09.549 => prepare exit thread..., name=ReadData, tid=3444(0x00000d74)
2023/07/07 15:35:09.549 => thread exit over, name=ReadData, tid=3444(0x00000d74)
2023/07/07 15:35:09.550 => Stop Noise scan.
2023/07/07 15:35:33.844 => Start Noise scan.
2023/07/07 15:35:33.846 => thread create success, thread handle=0x000008e8, id=728, name=ReadData
2023/07/07 15:35:33.846 => thread information, name=ReadData, tid=728(0x000002d8)
2023/07/07 15:35:33.847 => CRadarProtocolDevice::OpenCmdMode: CMDID(0x00FF) failed with:A002
2023/07/07 15:35:34.007 => protocol version = 2, send_recv buffer size = 32
2023/07/07 15:35:55.084 => protocol version = 2, send_recv buffer size = 32
2023/07/07 15:35:55.250 => protocol version = 2, send_recv buffer size = 32
2023/07/07 15:35:55.266 => thread exit, name=ReadData, tid=728(0x000002d8)
2023/07/07 15:35:55.266 => prepare exit thread..., name=ReadData, tid=728(0x000002d8)
2023/07/07 15:35:55.266 => thread exit over, name=ReadData, tid=728(0x000002d8)
2023/07/07 15:35:55.267 => Stop Noise scan.
2023/07/07 15:35:58.068 => Stop Realtime data show.
2023/07/07 15:35:58.068 => Stop Noise scan.
2023/07/07 15:35:58.068 => CRadarProtocolDevice::OpenCmdMode: CMDID(0x00FF) failed with:A002
2023/07/07 15:35:58.234 => protocol version = 2, send_recv buffer size = 32
2023/07/07 15:35:58.250 => Cancel Read Data
2023/07/07 15:35:58.250 => CloseSerial: mSerialFile=0x00000844
2023/07/07 15:36:04.148 => CloseSerial: mSerialFile=0xffffffff
2023/07/07 15:36:04.148 => Prepare Open Serial: Com=\\.\COM12 BaudRate=115200
2023/07/07 15:36:04.148 => OpenSerial: Com=\\.\COM12 BaudRate=115200, Success=1, mSerialFile=0x00000940
2023/07/07 15:36:04.157 => CRadarProtocolDevice::OpenCmdMode: CMDID(0x00FF) failed with:A002
2023/07/07 15:36:04.317 => protocol version = 2, send_recv buffer size = 32
2023/07/07 15:36:04.325 => GetVersion Return: v1.5.5_0.0
2023/07/07 15:36:04.404 => ReadSetting_RadarOperatorConfig, result: Success
2023/07/07 15:36:06.595 => Start Noise scan.
2023/07/07 15:36:06.597 => thread create success, thread handle=0x00000690, id=1404, name=ReadData
2023/07/07 15:36:06.597 => thread information, name=ReadData, tid=1404(0x0000057c)
2023/07/07 15:36:06.597 => CRadarProtocolDevice::OpenCmdMode: CMDID(0x00FF) failed with:A002
2023/07/07 15:36:06.760 => protocol version = 2, send_recv buffer size = 32
2023/07/07 15:36:20.724 => prepare exit thread..., name=ReadData, tid=1404(0x0000057c)
2023/07/07 15:36:20.741 => CRadarProtocolDevice::OpenCmdMode: CMDID(0x00FF) failed with:A002
2023/07/07 15:36:20.907 => protocol version = 2, send_recv buffer size = 32
2023/07/07 15:36:20.923 => thread exit, name=ReadData, tid=1404(0x0000057c)
2023/07/07 15:36:20.923 => thread exit over, name=ReadData, tid=1404(0x0000057c)
2023/07/07 15:36:20.924 => Stop Noise scan.
2023/07/07 15:36:20.925 => Stop Noise scan.
2023/07/07 15:36:21.116 => Start Noise scan.
2023/07/07 15:36:21.118 => thread create success, thread handle=0x0000092c, id=8232, name=ReadData
2023/07/07 15:36:21.118 => thread information, name=ReadData, tid=8232(0x00002028)
2023/07/07 15:36:21.118 => CRadarProtocolDevice::OpenCmdMode: CMDID(0x00FF) failed with:A002
2023/07/07 15:36:21.284 => protocol version = 2, send_recv buffer size = 32
2023/07/07 15:36:25.452 => prepare exit thread..., name=ReadData, tid=8232(0x00002028)
2023/07/07 15:36:25.493 => CRadarProtocolDevice::OpenCmdMode: CMDID(0x00FF) failed with:A002
2023/07/07 15:36:25.655 => protocol version = 2, send_recv buffer size = 32
2023/07/07 15:36:25.671 => thread exit, name=ReadData, tid=8232(0x00002028)
2023/07/07 15:36:25.672 => thread exit over, name=ReadData, tid=8232(0x00002028)
2023/07/07 15:36:25.673 => Stop Noise scan.
2023/07/07 15:36:25.673 => Stop Noise scan.
2023/07/07 15:36:26.260 => Stop Noise scan.
2023/07/07 15:36:26.260 => Start Realtime data show.
2023/07/07 15:36:26.260 => thread create success, thread handle=0x00000690, id=19244, name=ReadData
2023/07/07 15:36:26.261 => thread information, name=ReadData, tid=19244(0x00004b2c)
2023/07/07 15:36:26.261 => CRadarProtocolDevice::OpenCmdMode: CMDID(0x00FF) failed with:A002
2023/07/07 15:36:26.426 => protocol version = 2, send_recv buffer size = 32
2023/07/07 15:36:28.356 => prepare exit thread..., name=ReadData, tid=19244(0x00004b2c)
2023/07/07 15:36:28.375 => protocol version = 2, send_recv buffer size = 32
2023/07/07 15:36:28.543 => protocol version = 2, send_recv buffer size = 32
2023/07/07 15:36:28.558 => thread exit, name=ReadData, tid=19244(0x00004b2c)
2023/07/07 15:36:28.558 => thread exit over, name=ReadData, tid=19244(0x00004b2c)
2023/07/07 15:36:28.563 => Stop Realtime data show.
2023/07/07 15:36:29.147 => Start Realtime data show.
2023/07/07 15:36:29.149 => thread create success, thread handle=0x000009f0, id=15324, name=ReadData
2023/07/07 15:36:29.149 => thread information, name=ReadData, tid=15324(0x00003bdc)
2023/07/07 15:36:29.149 => CRadarProtocolDevice::OpenCmdMode: CMDID(0x00FF) failed with:A002
2023/07/07 15:36:29.313 => protocol version = 2, send_recv buffer size = 32
2023/07/07 15:36:33.187 => prepare exit thread..., name=ReadData, tid=15324(0x00003bdc)
2023/07/07 15:36:33.203 => CRadarProtocolDevice::OpenCmdMode: CMDID(0x00FF) failed with:A002
2023/07/07 15:36:33.375 => protocol version = 2, send_recv buffer size = 32
2023/07/07 15:36:33.391 => thread exit, name=ReadData, tid=15324(0x00003bdc)
2023/07/07 15:36:33.391 => thread exit over, name=ReadData, tid=15324(0x00003bdc)
2023/07/07 15:36:33.392 => Stop Realtime data show.
2023/07/07 15:36:34.109 => Stop Realtime data show.
2023/07/07 15:36:35.188 => Start Noise scan.
2023/07/07 15:36:35.189 => thread create success, thread handle=0x000008ec, id=3768, name=ReadData
2023/07/07 15:36:35.189 => thread information, name=ReadData, tid=3768(0x00000eb8)
2023/07/07 15:36:35.199 => CRadarProtocolDevice::OpenCmdMode: CMDID(0x00FF) failed with:A002
2023/07/07 15:36:35.358 => protocol version = 2, send_recv buffer size = 32
2023/07/07 15:36:56.467 => protocol version = 2, send_recv buffer size = 32
2023/07/07 15:36:56.635 => protocol version = 2, send_recv buffer size = 32
2023/07/07 15:36:56.651 => thread exit, name=ReadData, tid=3768(0x00000eb8)
2023/07/07 15:36:56.651 => prepare exit thread..., name=ReadData, tid=3768(0x00000eb8)
2023/07/07 15:36:56.651 => thread exit over, name=ReadData, tid=3768(0x00000eb8)
2023/07/07 15:36:56.653 => Stop Noise scan.
2023/07/07 15:37:01.460 => Stop Realtime data show.
2023/07/07 15:37:01.460 => Stop Noise scan.
2023/07/07 15:37:01.460 => WriteOnePacket write 0 bytes, total need write 14, has write 0
2023/07/07 15:37:01.611 => WriteOnePacket write 0 bytes, total need write 14, has write 0
2023/07/07 15:37:01.611 => WriteOnePacket write 0 bytes, total need write 14, has write 0
2023/07/07 15:37:01.611 => WriteOnePacket write 0 bytes, total need write 14, has write 0
2023/07/07 15:37:01.611 => WriteOnePacket write 0 bytes, total need write 14, has write 0
2023/07/07 15:37:01.611 => WriteOnePacket write 0 bytes, total need write 18, has write 0
2023/07/07 15:37:01.611 => WriteOnePacket write 0 bytes, total need write 12, has write 0
2023/07/07 15:37:01.611 => Cancel Read Data
2023/07/07 15:37:01.611 => CloseSerial: mSerialFile=0x00000940
2023/07/07 15:37:03.764 => CloseSerial: mSerialFile=0xffffffff
2023/07/07 15:37:03.764 => Prepare Open Serial: Com=\\.\COM12 BaudRate=115200
2023/07/07 15:37:03.764 => Open \\.\COM12 failed:5
2023/07/07 15:37:03.764 => OpenSerial: Com=\\.\COM12 BaudRate=115200, Success=0, mSerialFile=0xffffffff
2023/07/07 15:37:03.764 => CloseSerial: mSerialFile=0xffffffff
2023/07/07 15:37:14.164 => CloseSerial: mSerialFile=0xffffffff
2023/07/07 15:37:14.164 => Prepare Open Serial: Com=\\.\COM12 BaudRate=115200
2023/07/07 15:37:14.164 => Open \\.\COM12 failed:5
2023/07/07 15:37:14.164 => OpenSerial: Com=\\.\COM12 BaudRate=115200, Success=0, mSerialFile=0xffffffff
2023/07/07 15:37:14.164 => CloseSerial: mSerialFile=0xffffffff
2023/07/07 15:37:15.836 => CloseSerial: mSerialFile=0xffffffff
2023/07/07 15:37:15.836 => Prepare Open Serial: Com=\\.\COM12 BaudRate=115200
2023/07/07 15:37:15.836 => Open \\.\COM12 failed:5
2023/07/07 15:37:15.836 => OpenSerial: Com=\\.\COM12 BaudRate=115200, Success=0, mSerialFile=0xffffffff
2023/07/07 15:37:15.836 => CloseSerial: mSerialFile=0xffffffff
2023/07/07 15:37:18.500 => CloseSerial: mSerialFile=0xffffffff
2023/07/07 15:37:18.500 => Prepare Open Serial: Com=\\.\COM12 BaudRate=115200
2023/07/07 15:37:18.500 => Open \\.\COM12 failed:5
2023/07/07 15:37:18.500 => OpenSerial: Com=\\.\COM12 BaudRate=115200, Success=0, mSerialFile=0xffffffff
2023/07/07 15:37:18.500 => CloseSerial: mSerialFile=0xffffffff
2023/07/07 15:37:20.252 => Stop Noise scan.
2023/07/07 15:37:21.268 => CloseSerial: mSerialFile=0xffffffff
2023/07/07 15:37:21.268 => Prepare Open Serial: Com=\\.\COM12 BaudRate=115200
2023/07/07 15:37:21.268 => Open \\.\COM12 failed:5
2023/07/07 15:37:21.268 => OpenSerial: Com=\\.\COM12 BaudRate=115200, Success=0, mSerialFile=0xffffffff
2023/07/07 15:37:21.268 => CloseSerial: mSerialFile=0xffffffff
2023/07/07 15:37:57.029 => Stop Realtime data show.
2023/07/07 15:38:00.700 => CloseSerial: mSerialFile=0xffffffff
2023/07/07 15:38:00.700 => Prepare Open Serial: Com=\\.\COM12 BaudRate=115200
2023/07/07 15:38:00.701 => OpenSerial: Com=\\.\COM12 BaudRate=115200, Success=1, mSerialFile=0x00000a44
2023/07/07 15:38:00.709 => protocol version = 2, send_recv buffer size = 32
2023/07/07 15:38:00.881 => protocol version = 2, send_recv buffer size = 32
2023/07/07 15:38:00.888 => GetVersion Return: v1.5.5_0.0
2023/07/07 15:38:00.968 => ReadSetting_RadarOperatorConfig, result: Success
2023/07/07 15:38:02.756 => Stop Realtime data show.
2023/07/07 15:38:05.668 => Start Noise scan.
2023/07/07 15:38:05.669 => thread create success, thread handle=0x00000960, id=18040, name=ReadData
2023/07/07 15:38:05.669 => thread information, name=ReadData, tid=18040(0x00004678)
2023/07/07 15:38:05.669 => CRadarProtocolDevice::OpenCmdMode: CMDID(0x00FF) failed with:A002
2023/07/07 15:38:05.827 => protocol version = 2, send_recv buffer size = 32
2023/07/07 15:38:26.913 => protocol version = 2, send_recv buffer size = 32
2023/07/07 15:38:27.078 => protocol version = 2, send_recv buffer size = 32
2023/07/07 15:38:27.095 => thread exit, name=ReadData, tid=18040(0x00004678)
2023/07/07 15:38:27.095 => prepare exit thread..., name=ReadData, tid=18040(0x00004678)
2023/07/07 15:38:27.095 => thread exit over, name=ReadData, tid=18040(0x00004678)
2023/07/07 15:38:27.096 => Stop Noise scan.
2023/07/07 15:38:37.455 => Stop Noise scan.
2023/07/07 15:38:37.455 => Start Noise scan.
2023/07/07 15:38:37.456 => thread create success, thread handle=0x00000ce0, id=11504, name=ReadData
2023/07/07 15:38:37.457 => thread information, name=ReadData, tid=11504(0x00002cf0)
2023/07/07 15:38:37.459 => CRadarProtocolDevice::OpenCmdMode: CMDID(0x00FF) failed with:A002
2023/07/07 15:38:37.622 => protocol version = 2, send_recv buffer size = 32
2023/07/07 15:38:37.638 => thread exit, name=ReadData, tid=11504(0x00002cf0)
2023/07/07 15:38:37.638 => prepare exit thread..., name=ReadData, tid=11504(0x00002cf0)
2023/07/07 15:38:37.638 => thread exit over, name=ReadData, tid=11504(0x00002cf0)
2023/07/07 15:38:37.640 => Stop Noise scan.
2023/07/07 15:38:39.811 => Stop Noise scan.
2023/07/07 15:38:39.811 => Start Noise scan.
2023/07/07 15:38:39.812 => thread create success, thread handle=0x00000ebc, id=17100, name=ReadData
2023/07/07 15:38:39.813 => thread information, name=ReadData, tid=17100(0x000042cc)
2023/07/07 15:38:39.815 => CRadarProtocolDevice::OpenCmdMode: CMDID(0x00FF) failed with:A002
2023/07/07 15:38:39.982 => protocol version = 2, send_recv buffer size = 32
2023/07/07 15:38:39.998 => thread exit, name=ReadData, tid=17100(0x000042cc)
2023/07/07 15:38:39.998 => prepare exit thread..., name=ReadData, tid=17100(0x000042cc)
2023/07/07 15:38:39.998 => thread exit over, name=ReadData, tid=17100(0x000042cc)
2023/07/07 15:38:40.001 => Stop Noise scan.
2023/07/07 15:38:41.723 => Stop Noise scan.
2023/07/07 15:38:41.723 => Start Noise scan.
2023/07/07 15:38:41.724 => thread create success, thread handle=0x00000dec, id=1408, name=ReadData
2023/07/07 15:38:41.725 => thread information, name=ReadData, tid=1408(0x00000580)
2023/07/07 15:38:41.725 => CRadarProtocolDevice::OpenCmdMode: CMDID(0x00FF) failed with:A002
2023/07/07 15:38:41.886 => protocol version = 2, send_recv buffer size = 32
2023/07/07 15:38:41.902 => thread exit, name=ReadData, tid=1408(0x00000580)
2023/07/07 15:38:41.902 => prepare exit thread..., name=ReadData, tid=1408(0x00000580)
2023/07/07 15:38:41.902 => thread exit over, name=ReadData, tid=1408(0x00000580)
2023/07/07 15:38:41.904 => Stop Noise scan.
2023/07/07 15:38:43.585 => Stop Noise scan.
2023/07/07 15:38:43.585 => Start Noise scan.
2023/07/07 15:38:43.587 => thread create success, thread handle=0x00000e90, id=16112, name=ReadData
2023/07/07 15:38:43.587 => thread information, name=ReadData, tid=16112(0x00003ef0)
2023/07/07 15:38:43.590 => CRadarProtocolDevice::OpenCmdMode: CMDID(0x00FF) failed with:A002
2023/07/07 15:38:43.753 => protocol version = 2, send_recv buffer size = 32
2023/07/07 15:38:43.769 => thread exit, name=ReadData, tid=16112(0x00003ef0)
2023/07/07 15:38:43.769 => prepare exit thread..., name=ReadData, tid=16112(0x00003ef0)
2023/07/07 15:38:43.769 => thread exit over, name=ReadData, tid=16112(0x00003ef0)
2023/07/07 15:38:43.770 => Stop Noise scan.
2023/07/07 15:38:45.238 => Stop Noise scan.
2023/07/07 15:38:45.238 => Start Noise scan.
2023/07/07 15:38:45.240 => thread create success, thread handle=0x00000ea4, id=1644, name=ReadData
2023/07/07 15:38:45.240 => thread information, name=ReadData, tid=1644(0x0000066c)
2023/07/07 15:38:45.243 => CRadarProtocolDevice::OpenCmdMode: CMDID(0x00FF) failed with:A002
2023/07/07 15:38:45.414 => protocol version = 2, send_recv buffer size = 32
2023/07/07 15:38:45.431 => thread exit, name=ReadData, tid=1644(0x0000066c)
2023/07/07 15:38:45.432 => prepare exit thread..., name=ReadData, tid=1644(0x0000066c)
2023/07/07 15:38:45.432 => thread exit over, name=ReadData, tid=1644(0x0000066c)
2023/07/07 15:38:45.435 => Stop Noise scan.
2023/07/07 15:38:47.228 => Stop Noise scan.
2023/07/07 15:38:47.228 => Start Noise scan.
2023/07/07 15:38:47.229 => thread create success, thread handle=0x00000f14, id=15748, name=ReadData
2023/07/07 15:38:47.229 => thread information, name=ReadData, tid=15748(0x00003d84)
2023/07/07 15:38:47.232 => CRadarProtocolDevice::OpenCmdMode: CMDID(0x00FF) failed with:A002
2023/07/07 15:38:47.397 => protocol version = 2, send_recv buffer size = 32
2023/07/07 15:38:47.412 => thread exit, name=ReadData, tid=15748(0x00003d84)
2023/07/07 15:38:47.412 => prepare exit thread..., name=ReadData, tid=15748(0x00003d84)
2023/07/07 15:38:47.413 => thread exit over, name=ReadData, tid=15748(0x00003d84)
2023/07/07 15:38:47.415 => Stop Noise scan.
2023/07/07 15:38:49.835 => Start Noise scan.
2023/07/07 15:38:49.838 => thread create success, thread handle=0x00000e9c, id=12184, name=ReadData
2023/07/07 15:38:49.838 => thread information, name=ReadData, tid=12184(0x00002f98)
2023/07/07 15:38:49.838 => CRadarProtocolDevice::OpenCmdMode: CMDID(0x00FF) failed with:A002
2023/07/07 15:38:50.005 => protocol version = 2, send_recv buffer size = 32
2023/07/07 15:39:11.165 => protocol version = 2, send_recv buffer size = 32
2023/07/07 15:39:11.331 => protocol version = 2, send_recv buffer size = 32
2023/07/07 15:39:11.347 => thread exit, name=ReadData, tid=12184(0x00002f98)
2023/07/07 15:39:11.347 => prepare exit thread..., name=ReadData, tid=12184(0x00002f98)
2023/07/07 15:39:11.347 => thread exit over, name=ReadData, tid=12184(0x00002f98)
2023/07/07 15:39:11.349 => Stop Noise scan.
2023/07/07 15:39:15.365 => Stop Realtime data show.
2023/07/07 15:39:15.365 => Stop Noise scan.
2023/07/07 15:39:15.365 => WriteOnePacket write 0 bytes, total need write 14, has write 0
2023/07/07 15:39:15.516 => WriteOnePacket write 0 bytes, total need write 14, has write 0
2023/07/07 15:39:15.516 => WriteOnePacket write 0 bytes, total need write 14, has write 0
2023/07/07 15:39:15.516 => WriteOnePacket write 0 bytes, total need write 14, has write 0
2023/07/07 15:39:15.516 => WriteOnePacket write 0 bytes, total need write 14, has write 0
2023/07/07 15:39:15.516 => WriteOnePacket write 0 bytes, total need write 18, has write 0
2023/07/07 15:39:15.516 => WriteOnePacket write 0 bytes, total need write 12, has write 0
2023/07/07 15:39:15.516 => Cancel Read Data
2023/07/07 15:39:15.516 => CloseSerial: mSerialFile=0x00000a44
2023/07/07 15:39:52.019 => CloseSerial: mSerialFile=0xffffffff
2023/07/07 15:39:52.019 => Prepare Open Serial: Com=\\.\COM12 BaudRate=115200
2023/07/07 15:39:52.020 => OpenSerial: Com=\\.\COM12 BaudRate=115200, Success=1, mSerialFile=0x00000c14
2023/07/07 15:39:52.028 => protocol version = 2, send_recv buffer size = 32
2023/07/07 15:39:52.190 => protocol version = 2, send_recv buffer size = 32
2023/07/07 15:39:52.198 => GetVersion Return: v1.5.5_0.0
2023/07/07 15:39:52.277 => ReadSetting_RadarOperatorConfig, result: Success
2023/07/07 15:39:54.308 => Start Noise scan.
2023/07/07 15:39:54.310 => thread create success, thread handle=0x00000f48, id=11696, name=ReadData
2023/07/07 15:39:54.310 => thread information, name=ReadData, tid=11696(0x00002db0)
2023/07/07 15:39:54.310 => CRadarProtocolDevice::OpenCmdMode: CMDID(0x00FF) failed with:A002
2023/07/07 15:39:54.480 => protocol version = 2, send_recv buffer size = 32
2023/07/07 15:40:15.616 => protocol version = 2, send_recv buffer size = 32
2023/07/07 15:40:15.783 => protocol version = 2, send_recv buffer size = 32
2023/07/07 15:40:15.799 => thread exit, name=ReadData, tid=11696(0x00002db0)
2023/07/07 15:40:15.799 => prepare exit thread..., name=ReadData, tid=11696(0x00002db0)
2023/07/07 15:40:15.799 => thread exit over, name=ReadData, tid=11696(0x00002db0)
2023/07/07 15:40:15.801 => Stop Noise scan.
2023/07/07 15:40:19.988 => Start Noise scan.
2023/07/07 15:40:19.989 => thread create success, thread handle=0x00000ddc, id=9544, name=ReadData
2023/07/07 15:40:19.989 => thread information, name=ReadData, tid=9544(0x00002548)
2023/07/07 15:40:19.999 => CRadarProtocolDevice::OpenCmdMode: CMDID(0x00FF) failed with:A002
2023/07/07 15:40:20.158 => protocol version = 2, send_recv buffer size = 32
2023/07/07 15:40:41.282 => protocol version = 2, send_recv buffer size = 32
2023/07/07 15:40:41.448 => protocol version = 2, send_recv buffer size = 32
2023/07/07 15:40:41.464 => thread exit, name=ReadData, tid=9544(0x00002548)
2023/07/07 15:40:41.464 => prepare exit thread..., name=ReadData, tid=9544(0x00002548)
2023/07/07 15:40:41.465 => thread exit over, name=ReadData, tid=9544(0x00002548)
2023/07/07 15:40:41.467 => Stop Noise scan.
2023/07/07 15:40:46.605 => Stop Realtime data show.
2023/07/07 15:40:46.605 => Stop Noise scan.
2023/07/07 15:40:46.605 => CRadarProtocolDevice::OpenCmdMode: CMDID(0x00FF) failed with:A002
2023/07/07 15:40:46.765 => protocol version = 2, send_recv buffer size = 32
2023/07/07 15:40:46.780 => Cancel Read Data
2023/07/07 15:40:46.780 => CloseSerial: mSerialFile=0x00000c14
2023/07/07 15:40:53.188 => CloseSerial: mSerialFile=0xffffffff
2023/07/07 15:40:53.188 => Prepare Open Serial: Com=\\.\COM12 BaudRate=115200
2023/07/07 15:40:53.189 => OpenSerial: Com=\\.\COM12 BaudRate=115200, Success=1, mSerialFile=0x00000dd0
2023/07/07 15:40:53.196 => CRadarProtocolDevice::OpenCmdMode: CMDID(0x00FF) failed with:A002
2023/07/07 15:40:53.366 => protocol version = 2, send_recv buffer size = 32
2023/07/07 15:40:53.374 => GetVersion Return: v1.5.5_0.0
2023/07/07 15:40:53.453 => ReadSetting_RadarOperatorConfig, result: Success
2023/07/07 15:40:55.155 => Start Noise scan.
2023/07/07 15:40:55.158 => thread create success, thread handle=0x00000e94, id=556, name=ReadData
2023/07/07 15:40:55.158 => thread information, name=ReadData, tid=556(0x0000022c)
2023/07/07 15:40:55.159 => CRadarProtocolDevice::OpenCmdMode: CMDID(0x00FF) failed with:A002
2023/07/07 15:40:55.320 => protocol version = 2, send_recv buffer size = 32
2023/07/07 15:41:16.454 => protocol version = 2, send_recv buffer size = 32
2023/07/07 15:41:16.621 => protocol version = 2, send_recv buffer size = 32
2023/07/07 15:41:16.637 => thread exit, name=ReadData, tid=556(0x0000022c)
2023/07/07 15:41:16.637 => prepare exit thread..., name=ReadData, tid=556(0x0000022c)
2023/07/07 15:41:16.637 => thread exit over, name=ReadData, tid=556(0x0000022c)
2023/07/07 15:41:16.639 => Stop Noise scan.
2023/07/07 15:41:20.460 => Start Noise scan.
2023/07/07 15:41:20.463 => thread create success, thread handle=0x00000eac, id=1428, name=ReadData
2023/07/07 15:41:20.463 => thread information, name=ReadData, tid=1428(0x00000594)
2023/07/07 15:41:20.463 => CRadarProtocolDevice::OpenCmdMode: CMDID(0x00FF) failed with:A002
2023/07/07 15:41:20.627 => protocol version = 2, send_recv buffer size = 32
2023/07/07 15:41:41.692 => protocol version = 2, send_recv buffer size = 32
2023/07/07 15:41:41.858 => protocol version = 2, send_recv buffer size = 32
2023/07/07 15:41:41.874 => thread exit, name=ReadData, tid=1428(0x00000594)
2023/07/07 15:41:41.874 => prepare exit thread..., name=ReadData, tid=1428(0x00000594)
2023/07/07 15:41:41.874 => thread exit over, name=ReadData, tid=1428(0x00000594)
2023/07/07 15:41:41.876 => Stop Noise scan.
2023/07/07 15:41:44.300 => Stop Realtime data show.
2023/07/07 15:41:44.300 => Stop Noise scan.
2023/07/07 15:41:44.300 => CRadarProtocolDevice::OpenCmdMode: CMDID(0x00FF) failed with:A002
2023/07/07 15:41:44.466 => protocol version = 2, send_recv buffer size = 32
2023/07/07 15:41:44.483 => Cancel Read Data
2023/07/07 15:41:44.483 => CloseSerial: mSerialFile=0x00000dd0
2023/07/07 15:41:51.867 => CloseSerial: mSerialFile=0xffffffff
2023/07/07 15:41:51.867 => Prepare Open Serial: Com=\\.\COM12 BaudRate=115200
2023/07/07 15:41:51.868 => OpenSerial: Com=\\.\COM12 BaudRate=115200, Success=1, mSerialFile=0x00000e2c
2023/07/07 15:41:51.876 => protocol version = 2, send_recv buffer size = 32
2023/07/07 15:41:52.037 => protocol version = 2, send_recv buffer size = 32
2023/07/07 15:41:52.045 => GetVersion Return: v1.5.5_0.0
2023/07/07 15:41:52.124 => ReadSetting_RadarOperatorConfig, result: Success
2023/07/07 15:41:54.372 => Start Noise scan.
2023/07/07 15:41:54.374 => thread create success, thread handle=0x000008b0, id=8216, name=ReadData
2023/07/07 15:41:54.374 => thread information, name=ReadData, tid=8216(0x00002018)
2023/07/07 15:41:54.374 => CRadarProtocolDevice::OpenCmdMode: CMDID(0x00FF) failed with:A002
2023/07/07 15:41:54.542 => protocol version = 2, send_recv buffer size = 32
2023/07/07 15:42:15.679 => protocol version = 2, send_recv buffer size = 32
2023/07/07 15:42:15.845 => protocol version = 2, send_recv buffer size = 32
2023/07/07 15:42:15.861 => thread exit, name=ReadData, tid=8216(0x00002018)
2023/07/07 15:42:15.861 => prepare exit thread..., name=ReadData, tid=8216(0x00002018)
2023/07/07 15:42:15.861 => thread exit over, name=ReadData, tid=8216(0x00002018)
2023/07/07 15:42:15.862 => Stop Noise scan.
2023/07/07 15:42:19.958 => Stop Realtime data show.
2023/07/07 15:42:19.960 => Stop Noise scan.
2023/07/07 15:42:19.960 => Stop Noise scan.
2023/07/07 15:42:19.962 => CRadarProtocolDevice::OpenCmdMode: CMDID(0x00FF) failed with:A002
2023/07/07 15:42:20.129 => protocol version = 2, send_recv buffer size = 32
2023/07/07 15:42:20.145 => Cancel Read Data
2023/07/07 15:42:20.145 => CloseSerial: mSerialFile=0x00000e2c
2023/07/07 15:42:20.146 => Cancel Read Data
2023/07/07 15:42:20.146 => CloseSerial: mSerialFile=0xffffffff
2023/07/07 15:42:20.146 => Cancel Read Data
2023/07/07 15:42:20.146 => CloseSerial: mSerialFile=0xffffffff
2023/07/07 15:42:20.146 => CloseSerial: mSerialFile=0xffffffff
