2023/11/27 16:32:50.876 => CloseSerial: mSerialFile=0xffffffff
2023/11/27 16:32:50.876 => Prepare Open Serial: Com=\\.\COM18 BaudRate=115200
2023/11/27 16:32:50.878 => OpenSerial: Com=\\.\COM18 BaudRate=115200, Success=1, mSerialFile=0x00000970
2023/11/27 16:32:50.887 => protocol version = 2, send_recv buffer size = 32
2023/11/27 16:32:51.058 => protocol version = 2, send_recv buffer size = 32
2023/11/27 16:32:51.066 => GetVersion Return: v1.5.9_0.0
2023/11/27 16:32:51.147 => ReadSetting_RadarOperatorConfig, result: Success
2023/11/27 16:33:06.596 => CRadarProtocolDevice::OpenCmdMode: CMDID(0x00FF) failed with:A002
2023/11/27 16:33:06.758 => protocol version = 2, send_recv buffer size = 32
2023/11/27 16:33:06.875 => WriteSetting_RadarOperatorConfig, result: Success
2023/11/27 16:33:08.429 => CRadarProtocolDevice::OpenCmdMode: CMDID(0x00FF) failed with:A002
2023/11/27 16:33:08.602 => protocol version = 2, send_recv buffer size = 32
2023/11/27 16:33:08.681 => ReadSetting_RadarOperatorConfig, result: Success
2023/11/27 16:33:10.479 => Start Realtime data show.
2023/11/27 16:33:10.479 => thread create success, thread handle=0x00000984, id=15408, name=ReadData
2023/11/27 16:33:10.479 => thread information, name=ReadData, tid=15408(0x00003c30)
2023/11/27 16:33:10.479 => CRadarProtocolDevice::OpenCmdMode: CMDID(0x00FF) failed with:A002
2023/11/27 16:33:10.640 => protocol version = 2, send_recv buffer size = 32
2023/11/27 16:33:53.037 => prepare exit thread..., name=ReadData, tid=15408(0x00003c30)
2023/11/27 16:33:53.119 => CRadarProtocolDevice::OpenCmdMode: CMDID(0x00FF) failed with:A002
2023/11/27 16:33:53.284 => protocol version = 2, send_recv buffer size = 32
2023/11/27 16:33:53.300 => thread exit, name=ReadData, tid=15408(0x00003c30)
2023/11/27 16:33:53.300 => thread exit over, name=ReadData, tid=15408(0x00003c30)
2023/11/27 16:33:53.304 => Stop Realtime data show.
2023/11/27 16:33:59.613 => CRadarProtocolDevice::OpenCmdMode: CMDID(0x00FF) failed with:A002
2023/11/27 16:33:59.779 => protocol version = 2, send_recv buffer size = 32
2023/11/27 16:33:59.896 => WriteSetting_RadarOperatorConfig, result: Success
2023/11/27 16:34:01.189 => CRadarProtocolDevice::OpenCmdMode: CMDID(0x00FF) failed with:A002
2023/11/27 16:34:01.346 => protocol version = 2, send_recv buffer size = 32
2023/11/27 16:34:01.426 => ReadSetting_RadarOperatorConfig, result: Success
2023/11/27 16:34:02.990 => Start Realtime data show.
2023/11/27 16:34:02.990 => thread create success, thread handle=0x00000a98, id=24484, name=ReadData
2023/11/27 16:34:02.990 => thread information, name=ReadData, tid=24484(0x00005fa4)
2023/11/27 16:34:02.990 => CRadarProtocolDevice::OpenCmdMode: CMDID(0x00FF) failed with:A002
2023/11/27 16:34:03.153 => protocol version = 2, send_recv buffer size = 32
2023/11/27 16:34:48.557 => prepare exit thread..., name=ReadData, tid=24484(0x00005fa4)
2023/11/27 16:34:48.566 => CRadarProtocolDevice::OpenCmdMode: CMDID(0x00FF) failed with:A002
2023/11/27 16:34:48.726 => protocol version = 2, send_recv buffer size = 32
2023/11/27 16:34:48.743 => thread exit, name=ReadData, tid=24484(0x00005fa4)
2023/11/27 16:34:48.743 => thread exit over, name=ReadData, tid=24484(0x00005fa4)
2023/11/27 16:34:48.744 => Stop Realtime data show.
2023/11/27 16:34:52.685 => CRadarProtocolDevice::OpenCmdMode: CMDID(0x00FF) failed with:A002
2023/11/27 16:34:52.848 => protocol version = 2, send_recv buffer size = 32
2023/11/27 16:34:52.966 => WriteSetting_RadarOperatorConfig, result: Success
2023/11/27 16:34:57.293 => CRadarProtocolDevice::OpenCmdMode: CMDID(0x00FF) failed with:A002
2023/11/27 16:34:57.461 => protocol version = 2, send_recv buffer size = 32
2023/11/27 16:34:57.578 => WriteSetting_RadarOperatorConfig, result: Success
2023/11/27 16:34:59.198 => Start Realtime data show.
2023/11/27 16:34:59.199 => thread create success, thread handle=0x00001178, id=21168, name=ReadData
2023/11/27 16:34:59.199 => thread information, name=ReadData, tid=21168(0x000052b0)
2023/11/27 16:34:59.199 => CRadarProtocolDevice::OpenCmdMode: CMDID(0x00FF) failed with:A002
2023/11/27 16:34:59.363 => protocol version = 2, send_recv buffer size = 32
2023/11/27 16:35:28.780 => prepare exit thread..., name=ReadData, tid=21168(0x000052b0)
2023/11/27 16:35:28.804 => CRadarProtocolDevice::OpenCmdMode: CMDID(0x00FF) failed with:A002
2023/11/27 16:35:28.969 => protocol version = 2, send_recv buffer size = 32
2023/11/27 16:35:28.985 => thread exit, name=ReadData, tid=21168(0x000052b0)
2023/11/27 16:35:28.985 => thread exit over, name=ReadData, tid=21168(0x000052b0)
2023/11/27 16:35:28.987 => Stop Realtime data show.
2023/11/27 16:36:44.468 => CRadarProtocolDevice::OpenCmdMode: CMDID(0x00FF) failed with:A002
2023/11/27 16:36:44.635 => protocol version = 2, send_recv buffer size = 32
2023/11/27 16:36:44.751 => WriteSetting_RadarOperatorConfig, result: Success
2023/11/27 16:36:46.548 => CRadarProtocolDevice::OpenCmdMode: CMDID(0x00FF) failed with:A002
2023/11/27 16:36:46.707 => protocol version = 2, send_recv buffer size = 32
2023/11/27 16:36:46.787 => ReadSetting_RadarOperatorConfig, result: Success
2023/11/27 16:36:48.285 => Start Realtime data show.
2023/11/27 16:36:48.285 => thread create success, thread handle=0x00000a1c, id=25988, name=ReadData
2023/11/27 16:36:48.285 => thread information, name=ReadData, tid=25988(0x00006584)
2023/11/27 16:36:48.285 => CRadarProtocolDevice::OpenCmdMode: CMDID(0x00FF) failed with:A002
2023/11/27 16:36:48.445 => protocol version = 2, send_recv buffer size = 32
2023/11/27 16:38:38.116 => prepare exit thread..., name=ReadData, tid=25988(0x00006584)
2023/11/27 16:38:38.169 => CRadarProtocolDevice::OpenCmdMode: CMDID(0x00FF) failed with:A002
2023/11/27 16:38:38.335 => protocol version = 2, send_recv buffer size = 32
2023/11/27 16:38:38.351 => thread exit, name=ReadData, tid=25988(0x00006584)
2023/11/27 16:38:38.352 => thread exit over, name=ReadData, tid=25988(0x00006584)
2023/11/27 16:38:38.353 => Stop Realtime data show.
2023/11/27 16:38:47.109 => CRadarProtocolDevice::OpenCmdMode: CMDID(0x00FF) failed with:A002
2023/11/27 16:38:47.274 => protocol version = 2, send_recv buffer size = 32
2023/11/27 16:38:47.391 => WriteSetting_RadarOperatorConfig, result: Success
2023/11/27 16:38:49.053 => CRadarProtocolDevice::OpenCmdMode: CMDID(0x00FF) failed with:A002
2023/11/27 16:38:49.219 => protocol version = 2, send_recv buffer size = 32
2023/11/27 16:38:49.298 => ReadSetting_RadarOperatorConfig, result: Success
2023/11/27 16:38:53.253 => Start Realtime data show.
2023/11/27 16:38:53.253 => thread create success, thread handle=0x00000f8c, id=25840, name=ReadData
2023/11/27 16:38:53.254 => thread information, name=ReadData, tid=25840(0x000064f0)
2023/11/27 16:38:53.254 => CRadarProtocolDevice::OpenCmdMode: CMDID(0x00FF) failed with:A002
2023/11/27 16:38:53.413 => protocol version = 2, send_recv buffer size = 32
2023/11/27 16:38:58.157 => prepare exit thread..., name=ReadData, tid=25840(0x000064f0)
2023/11/27 16:38:58.235 => CRadarProtocolDevice::OpenCmdMode: CMDID(0x00FF) failed with:A002
2023/11/27 16:38:58.404 => protocol version = 2, send_recv buffer size = 32
2023/11/27 16:38:58.420 => thread exit, name=ReadData, tid=25840(0x000064f0)
2023/11/27 16:38:58.420 => thread exit over, name=ReadData, tid=25840(0x000064f0)
2023/11/27 16:38:58.422 => Stop Realtime data show.
2023/11/27 16:39:08.892 => CRadarProtocolDevice::OpenCmdMode: CMDID(0x00FF) failed with:A002
2023/11/27 16:39:09.054 => protocol version = 2, send_recv buffer size = 32
2023/11/27 16:39:09.171 => WriteSetting_RadarOperatorConfig, result: Success
2023/11/27 16:39:10.365 => CRadarProtocolDevice::OpenCmdMode: CMDID(0x00FF) failed with:A002
2023/11/27 16:39:10.527 => protocol version = 2, send_recv buffer size = 32
2023/11/27 16:39:10.607 => ReadSetting_RadarOperatorConfig, result: Success
2023/11/27 16:39:11.917 => Start Realtime data show.
2023/11/27 16:39:11.917 => thread create success, thread handle=0x000011ec, id=4268, name=ReadData
2023/11/27 16:39:11.918 => thread information, name=ReadData, tid=4268(0x000010ac)
2023/11/27 16:39:11.918 => CRadarProtocolDevice::OpenCmdMode: CMDID(0x00FF) failed with:A002
2023/11/27 16:39:12.078 => protocol version = 2, send_recv buffer size = 32
2023/11/27 16:50:55.452 => prepare exit thread..., name=ReadData, tid=4268(0x000010ac)
2023/11/27 16:50:55.456 => CRadarProtocolDevice::OpenCmdMode: CMDID(0x00FF) failed with:A002
2023/11/27 16:50:55.623 => protocol version = 2, send_recv buffer size = 32
2023/11/27 16:50:55.640 => thread exit, name=ReadData, tid=4268(0x000010ac)
2023/11/27 16:50:55.641 => thread exit over, name=ReadData, tid=4268(0x000010ac)
2023/11/27 16:50:55.642 => Stop Realtime data show.
2023/11/27 16:51:08.237 => CRadarProtocolDevice::OpenCmdMode: CMDID(0x00FF) failed with:A002
2023/11/27 16:51:08.402 => protocol version = 2, send_recv buffer size = 32
2023/11/27 16:51:08.519 => WriteSetting_RadarOperatorConfig, result: Success
2023/11/27 16:51:10.196 => CRadarProtocolDevice::OpenCmdMode: CMDID(0x00FF) failed with:A002
2023/11/27 16:51:10.355 => protocol version = 2, send_recv buffer size = 32
2023/11/27 16:51:10.435 => ReadSetting_RadarOperatorConfig, result: Success
2023/11/27 16:51:46.750 => Start Realtime data show.
2023/11/27 16:51:46.750 => thread create success, thread handle=0x00000a28, id=5736, name=ReadData
2023/11/27 16:51:46.751 => thread information, name=ReadData, tid=5736(0x00001668)
2023/11/27 16:51:46.751 => CRadarProtocolDevice::OpenCmdMode: CMDID(0x00FF) failed with:A002
2023/11/27 16:51:46.916 => protocol version = 2, send_recv buffer size = 32
2023/11/27 16:51:47.701 => prepare exit thread..., name=ReadData, tid=5736(0x00001668)
2023/11/27 16:51:47.735 => CRadarProtocolDevice::OpenCmdMode: CMDID(0x00FF) failed with:A002
2023/11/27 16:51:47.902 => protocol version = 2, send_recv buffer size = 32
2023/11/27 16:51:47.918 => thread exit, name=ReadData, tid=5736(0x00001668)
2023/11/27 16:51:47.919 => thread exit over, name=ReadData, tid=5736(0x00001668)
2023/11/27 16:51:47.921 => Stop Realtime data show.
2023/11/27 16:57:15.788 => Stop Realtime data show.
2023/11/27 16:57:15.788 => Stop Noise scan.
2023/11/27 16:57:15.788 => WriteOnePacket write 0 bytes, total need write 14, has write 0
2023/11/27 16:57:15.942 => WriteOnePacket write 0 bytes, total need write 14, has write 0
2023/11/27 16:57:15.942 => WriteOnePacket write 0 bytes, total need write 14, has write 0
2023/11/27 16:57:15.942 => WriteOnePacket write 0 bytes, total need write 14, has write 0
2023/11/27 16:57:15.942 => WriteOnePacket write 0 bytes, total need write 14, has write 0
2023/11/27 16:57:15.942 => WriteOnePacket write 0 bytes, total need write 18, has write 0
2023/11/27 16:57:15.942 => WriteOnePacket write 0 bytes, total need write 12, has write 0
2023/11/27 16:57:15.942 => Cancel Read Data
2023/11/27 16:57:15.942 => CloseSerial: mSerialFile=0x00000970
2023/11/27 16:57:18.093 => CloseSerial: mSerialFile=0xffffffff
2023/11/27 16:57:18.093 => Prepare Open Serial: Com=\\.\COM18 BaudRate=115200
2023/11/27 16:57:18.094 => OpenSerial: Com=\\.\COM18 BaudRate=115200, Success=1, mSerialFile=0x00000978
2023/11/27 16:57:18.103 => protocol version = 2, send_recv buffer size = 32
2023/11/27 16:57:18.275 => protocol version = 2, send_recv buffer size = 32
2023/11/27 16:57:18.283 => GetVersion Return: v1.5.9_0.0
2023/11/27 16:57:18.364 => ReadSetting_RadarOperatorConfig, result: Success
2023/11/27 16:58:22.692 => CRadarProtocolDevice::OpenCmdMode: CMDID(0x00FF) failed with:A002
2023/11/27 16:58:22.851 => protocol version = 2, send_recv buffer size = 32
2023/11/27 16:58:22.967 => WriteSetting_RadarOperatorConfig, result: Success
2023/11/27 16:58:24.372 => CRadarProtocolDevice::OpenCmdMode: CMDID(0x00FF) failed with:A002
2023/11/27 16:58:24.539 => protocol version = 2, send_recv buffer size = 32
2023/11/27 16:58:24.620 => ReadSetting_RadarOperatorConfig, result: Success
2023/11/27 17:01:26.029 => Stop Realtime data show.
2023/11/27 17:01:26.029 => Stop Noise scan.
2023/11/27 17:01:26.029 => WriteOnePacket write 0 bytes, total need write 14, has write 0
2023/11/27 17:01:26.182 => WriteOnePacket write 0 bytes, total need write 14, has write 0
2023/11/27 17:01:26.182 => WriteOnePacket write 0 bytes, total need write 14, has write 0
2023/11/27 17:01:26.182 => WriteOnePacket write 0 bytes, total need write 14, has write 0
2023/11/27 17:01:26.182 => WriteOnePacket write 0 bytes, total need write 14, has write 0
2023/11/27 17:01:26.182 => WriteOnePacket write 0 bytes, total need write 18, has write 0
2023/11/27 17:01:26.182 => WriteOnePacket write 0 bytes, total need write 12, has write 0
2023/11/27 17:01:26.182 => Cancel Read Data
2023/11/27 17:01:26.182 => CloseSerial: mSerialFile=0x00000978
2023/11/27 17:01:27.852 => CloseSerial: mSerialFile=0xffffffff
2023/11/27 17:01:27.852 => Prepare Open Serial: Com=\\.\COM18 BaudRate=115200
2023/11/27 17:01:27.854 => OpenSerial: Com=\\.\COM18 BaudRate=115200, Success=1, mSerialFile=0x00000990
2023/11/27 17:01:27.862 => protocol version = 2, send_recv buffer size = 32
2023/11/27 17:01:28.024 => protocol version = 2, send_recv buffer size = 32
2023/11/27 17:01:28.032 => GetVersion Return: v1.5.9_0.0
2023/11/27 17:01:28.113 => ReadSetting_RadarOperatorConfig, result: Success
2023/11/27 17:02:30.524 => CRadarProtocolDevice::OpenCmdMode: CMDID(0x00FF) failed with:A002
2023/11/27 17:02:30.683 => protocol version = 2, send_recv buffer size = 32
2023/11/27 17:02:30.800 => WriteSetting_RadarOperatorConfig, result: Success
2023/11/27 17:02:44.462 => Start Realtime data show.
2023/11/27 17:02:44.462 => thread create success, thread handle=0x000010f0, id=12404, name=ReadData
2023/11/27 17:02:44.462 => thread information, name=ReadData, tid=12404(0x00003074)
2023/11/27 17:02:44.463 => CRadarProtocolDevice::OpenCmdMode: CMDID(0x00FF) failed with:A002
2023/11/27 17:02:44.627 => protocol version = 2, send_recv buffer size = 32
2023/11/27 17:04:24.054 => thread exit, name=ReadData, tid=12404(0x00003074)
2023/11/27 17:04:24.054 => prepare exit thread..., name=ReadData, tid=12404(0x00003074)
2023/11/27 17:04:24.054 => thread exit over, name=ReadData, tid=12404(0x00003074)
2023/11/27 17:04:24.055 => Stop Realtime data show.
2023/11/27 17:04:38.548 => CloseSerial: mSerialFile=0xffffffff
2023/11/27 17:04:38.548 => Prepare Open Serial: Com=\\.\COM18 BaudRate=115200
2023/11/27 17:04:38.549 => OpenSerial: Com=\\.\COM18 BaudRate=115200, Success=1, mSerialFile=0x00000970
2023/11/27 17:04:38.559 => protocol version = 2, send_recv buffer size = 32
2023/11/27 17:04:38.726 => protocol version = 2, send_recv buffer size = 32
2023/11/27 17:04:38.733 => GetVersion Return: v1.5.9_0.0
2023/11/27 17:04:38.813 => ReadSetting_RadarOperatorConfig, result: Success
2023/11/27 17:04:56.093 => Stop Realtime data show.
2023/11/27 17:04:56.094 => Stop Noise scan.
2023/11/27 17:04:56.094 => WriteOnePacket write 0 bytes, total need write 14, has write 0
2023/11/27 17:04:56.259 => WriteOnePacket write 0 bytes, total need write 14, has write 0
2023/11/27 17:04:56.259 => WriteOnePacket write 0 bytes, total need write 14, has write 0
2023/11/27 17:04:56.259 => WriteOnePacket write 0 bytes, total need write 14, has write 0
2023/11/27 17:04:56.259 => WriteOnePacket write 0 bytes, total need write 14, has write 0
2023/11/27 17:04:56.259 => WriteOnePacket write 0 bytes, total need write 18, has write 0
2023/11/27 17:04:56.259 => WriteOnePacket write 0 bytes, total need write 12, has write 0
2023/11/27 17:04:56.259 => Cancel Read Data
2023/11/27 17:04:56.259 => CloseSerial: mSerialFile=0x00000970
2023/11/27 17:04:58.204 => CloseSerial: mSerialFile=0xffffffff
2023/11/27 17:04:58.204 => Prepare Open Serial: Com=\\.\COM18 BaudRate=115200
2023/11/27 17:04:58.206 => OpenSerial: Com=\\.\COM18 BaudRate=115200, Success=1, mSerialFile=0x0000100c
2023/11/27 17:04:58.215 => protocol version = 2, send_recv buffer size = 32
2023/11/27 17:04:58.383 => protocol version = 2, send_recv buffer size = 32
2023/11/27 17:04:58.390 => GetVersion Return: v1.5.9_0.0
2023/11/27 17:04:58.471 => ReadSetting_RadarOperatorConfig, result: Success
2023/11/27 17:05:57.076 => Stop Realtime data show.
2023/11/27 17:05:57.076 => Stop Noise scan.
2023/11/27 17:05:57.076 => CRadarProtocolDevice::OpenCmdMode: CMDID(0x00FF) failed with:A002
2023/11/27 17:05:57.242 => protocol version = 2, send_recv buffer size = 32
2023/11/27 17:05:57.257 => Cancel Read Data
2023/11/27 17:05:57.257 => CloseSerial: mSerialFile=0x0000100c
2023/11/27 17:05:57.884 => CloseSerial: mSerialFile=0xffffffff
2023/11/27 17:05:57.884 => Prepare Open Serial: Com=\\.\COM18 BaudRate=115200
2023/11/27 17:05:57.885 => OpenSerial: Com=\\.\COM18 BaudRate=115200, Success=1, mSerialFile=0x00001078
2023/11/27 17:05:57.895 => protocol version = 2, send_recv buffer size = 32
2023/11/27 17:05:58.058 => protocol version = 2, send_recv buffer size = 32
2023/11/27 17:05:58.068 => GetVersion Return: v1.5.9_0.0
2023/11/27 17:05:58.146 => ReadSetting_RadarOperatorConfig, result: Success
2023/11/27 17:06:46.948 => CRadarProtocolDevice::OpenCmdMode: CMDID(0x00FF) failed with:A002
2023/11/27 17:06:47.111 => protocol version = 2, send_recv buffer size = 32
2023/11/27 17:06:47.227 => WriteSetting_RadarOperatorConfig, result: Success
2023/11/27 17:06:48.900 => CRadarProtocolDevice::OpenCmdMode: CMDID(0x00FF) failed with:A002
2023/11/27 17:06:49.067 => protocol version = 2, send_recv buffer size = 32
2023/11/27 17:06:49.146 => ReadSetting_RadarOperatorConfig, result: Success
2023/11/27 17:06:55.782 => Start Realtime data show.
2023/11/27 17:06:55.782 => thread create success, thread handle=0x00000c08, id=23156, name=ReadData
2023/11/27 17:06:55.782 => thread information, name=ReadData, tid=23156(0x00005a74)
2023/11/27 17:06:55.783 => CRadarProtocolDevice::OpenCmdMode: CMDID(0x00FF) failed with:A002
2023/11/27 17:06:55.942 => protocol version = 2, send_recv buffer size = 32
2023/11/27 17:07:02.612 => prepare exit thread..., name=ReadData, tid=23156(0x00005a74)
2023/11/27 17:07:02.612 => thread exit, name=ReadData, tid=23156(0x00005a74)
2023/11/27 17:07:02.613 => thread exit over, name=ReadData, tid=23156(0x00005a74)
2023/11/27 17:07:02.615 => Stop Realtime data show.
2023/11/27 17:07:06.036 => CloseSerial: mSerialFile=0xffffffff
2023/11/27 17:07:06.036 => Prepare Open Serial: Com=\\.\COM18 BaudRate=115200
2023/11/27 17:07:06.038 => OpenSerial: Com=\\.\COM18 BaudRate=115200, Success=1, mSerialFile=0x00000974
2023/11/27 17:07:06.045 => protocol version = 2, send_recv buffer size = 32
2023/11/27 17:07:06.212 => protocol version = 2, send_recv buffer size = 32
2023/11/27 17:07:06.219 => GetVersion Return: v1.5.9_0.0
2023/11/27 17:07:06.300 => ReadSetting_RadarOperatorConfig, result: Success
2023/11/27 17:07:07.868 => Stop Realtime data show.
2023/11/27 17:07:07.868 => Stop Noise scan.
2023/11/27 17:07:07.868 => CRadarProtocolDevice::OpenCmdMode: CMDID(0x00FF) failed with:A002
2023/11/27 17:07:08.028 => protocol version = 2, send_recv buffer size = 32
2023/11/27 17:07:08.045 => Cancel Read Data
2023/11/27 17:07:08.045 => CloseSerial: mSerialFile=0x00000974
2023/11/27 17:07:08.732 => CloseSerial: mSerialFile=0xffffffff
2023/11/27 17:07:08.732 => Prepare Open Serial: Com=\\.\COM18 BaudRate=115200
2023/11/27 17:07:08.734 => OpenSerial: Com=\\.\COM18 BaudRate=115200, Success=1, mSerialFile=0x00000c08
2023/11/27 17:07:08.742 => protocol version = 2, send_recv buffer size = 32
2023/11/27 17:07:08.902 => protocol version = 2, send_recv buffer size = 32
2023/11/27 17:07:08.910 => GetVersion Return: v1.5.9_0.0
2023/11/27 17:07:08.992 => ReadSetting_RadarOperatorConfig, result: Success
2023/11/27 17:07:09.972 => CRadarProtocolDevice::OpenCmdMode: CMDID(0x00FF) failed with:A002
2023/11/27 17:07:10.144 => protocol version = 2, send_recv buffer size = 32
2023/11/27 17:07:10.260 => WriteSetting_RadarOperatorConfig, result: Success
2023/11/27 17:07:12.245 => Start Realtime data show.
2023/11/27 17:07:12.245 => thread create success, thread handle=0x00000c8c, id=9516, name=ReadData
2023/11/27 17:07:12.245 => thread information, name=ReadData, tid=9516(0x0000252c)
2023/11/27 17:07:12.245 => CRadarProtocolDevice::OpenCmdMode: CMDID(0x00F