2023/07/24 14:16:27.581 => CloseSerial: mSerialFile=0xffffffff
2023/07/24 14:16:27.581 => Prepare Open Serial: Com=\\.\COM12 BaudRate=115200
2023/07/24 14:16:27.582 => OpenSerial: Com=\\.\COM12 BaudRate=115200, Success=1, mSerialFile=0x0000082c
2023/07/24 14:16:27.590 => protocol version = 2, send_recv buffer size = 32
2023/07/24 14:16:27.748 => protocol version = 2, send_recv buffer size = 32
2023/07/24 14:16:27.756 => GetVersion Return: v1.5.6_0.0
2023/07/24 14:16:27.840 => ReadSetting_RadarOperatorConfig, result: Success
2023/07/24 14:16:28.685 => Start Realtime data show.
2023/07/24 14:16:28.685 => thread create success, thread handle=0x0000084c, id=30608, name=ReadData
2023/07/24 14:16:28.685 => thread information, name=ReadData, tid=30608(0x00007790)
2023/07/24 14:16:28.685 => CRadarProtocolDevice::OpenCmdMode: CMDID(0x00FF) failed with:A002
2023/07/24 14:16:28.843 => protocol version = 2, send_recv buffer size = 32
2023/07/24 14:17:00.236 => prepare exit thread..., name=ReadData, tid=30608(0x00007790)
2023/07/24 14:17:00.252 => CRadarProtocolDevice::OpenCmdMode: CMDID(0x00FF) failed with:A002
2023/07/24 14:17:00.410 => protocol version = 2, send_recv buffer size = 32
2023/07/24 14:17:00.426 => thread exit, name=ReadData, tid=30608(0x00007790)
2023/07/24 14:17:00.426 => thread exit over, name=ReadData, tid=30608(0x00007790)
2023/07/24 14:17:00.432 => Stop Realtime data show.
2023/07/24 14:17:06.796 => CRadarProtocolDevice::OpenCmdMode: CMDID(0x00FF) failed with:A002
2023/07/24 14:17:06.954 => protocol version = 2, send_recv buffer size = 32
2023/07/24 14:17:07.070 => WriteSetting_RadarOperatorConfig, result: Success
2023/07/24 14:17:08.413 => CRadarProtocolDevice::OpenCmdMode: CMDID(0x00FF) failed with:A002
2023/07/24 14:17:08.580 => protocol version = 2, send_recv buffer size = 32
2023/07/24 14:17:08.658 => ReadSetting_RadarOperatorConfig, result: Success
2023/07/24 14:17:10.414 => Start Realtime data show.
2023/07/24 14:17:10.414 => thread create success, thread handle=0x00000870, id=19428, name=ReadData
2023/07/24 14:17:10.414 => thread information, name=ReadData, tid=19428(0x00004be4)
2023/07/24 14:17:10.414 => CRadarProtocolDevice::OpenCmdMode: CMDID(0x00FF) failed with:A002
2023/07/24 14:17:10.572 => protocol version = 2, send_recv buffer size = 32
2023/07/24 14:17:13.332 => prepare exit thread..., name=ReadData, tid=19428(0x00004be4)
2023/07/24 14:17:13.348 => CRadarProtocolDevice::OpenCmdMode: CMDID(0x00FF) failed with:A002
2023/07/24 14:17:13.507 => protocol version = 2, send_recv buffer size = 32
2023/07/24 14:17:13.522 => thread exit, name=ReadData, tid=19428(0x00004be4)
2023/07/24 14:17:13.523 => thread exit over, name=ReadData, tid=19428(0x00004be4)
2023/07/24 14:17:13.524 => Stop Realtime data show.
2023/07/24 14:17:16.596 => Start Noise scan.
2023/07/24 14:17:16.604 => thread create success, thread handle=0x000004bc, id=26988, name=ReadData
2023/07/24 14:17:16.604 => thread information, name=ReadData, tid=26988(0x0000696c)
2023/07/24 14:17:16.605 => CRadarProtocolDevice::OpenCmdMode: CMDID(0x00FF) failed with:A002
2023/07/24 14:17:16.763 => protocol version = 2, send_recv buffer size = 32
2023/07/24 14:17:37.869 => protocol version = 2, send_recv buffer size = 32
2023/07/24 14:17:38.027 => protocol version = 2, send_recv buffer size = 32
2023/07/24 14:17:38.043 => thread exit, name=ReadData, tid=26988(0x0000696c)
2023/07/24 14:17:38.043 => prepare exit thread..., name=ReadData, tid=26988(0x0000696c)
2023/07/24 14:17:38.044 => thread exit over, name=ReadData, tid=26988(0x0000696c)
2023/07/24 14:17:38.046 => Stop Noise scan.
2023/07/24 14:24:41.205 => Stop Realtime data show.
2023/07/24 14:24:41.205 => Stop Noise scan.
2023/07/24 14:24:41.205 => WriteOnePacket write 0 bytes, total need write 14, has write 0
2023/07/24 14:24:41.355 => WriteOnePacket write 0 bytes, total need write 14, has write 0
2023/07/24 14:24:41.355 => WriteOnePacket write 0 bytes, total need write 14, has write 0
2023/07/24 14:24:41.355 => WriteOnePacket write 0 bytes, total need write 14, has write 0
2023/07/24 14:24:41.355 => WriteOnePacket write 0 bytes, total need write 14, has write 0
2023/07/24 14:24:41.355 => WriteOnePacket write 0 bytes, total need write 18, has write 0
2023/07/24 14:24:41.355 => WriteOnePacket write 0 bytes, total need write 12, has write 0
2023/07/24 14:24:41.355 => Cancel Read Data
2023/07/24 14:24:41.355 => CloseSerial: mSerialFile=0x0000082c
2023/07/24 14:24:42.940 => CloseSerial: mSerialFile=0xffffffff
2023/07/24 14:24:42.940 => Prepare Open Serial: Com=\\.\COM11 BaudRate=115200
2023/07/24 14:24:42.941 => OpenSerial: Com=\\.\COM11 BaudRate=115200, Success=1, mSerialFile=0x0000087c
2023/07/24 14:24:42.949 => protocol version = 2, send_recv buffer size = 32
2023/07/24 14:24:43.107 => protocol version = 2, send_recv buffer size = 32
2023/07/24 14:24:43.115 => GetVersion Return: v1.5.7_0.0
2023/07/24 14:24:43.196 => ReadSetting_RadarOperatorConfig, result: Success
2023/07/24 14:24:45.741 => Stop Noise scan.
2023/07/24 14:24:45.742 => Start Realtime data show.
2023/07/24 14:24:45.742 => thread create success, thread handle=0x00000840, id=24292, name=ReadData
2023/07/24 14:24:45.743 => thread information, name=ReadData, tid=24292(0x00005ee4)
2023/07/24 14:24:45.743 => CRadarProtocolDevice::OpenCmdMode: CMDID(0x00FF) failed with:A002
2023/07/24 14:24:45.902 => protocol version = 2, send_recv buffer size = 32
2023/07/24 14:25:14.494 => prepare exit thread..., name=ReadData, tid=24292(0x00005ee4)
2023/07/24 14:25:14.562 => CRadarProtocolDevice::OpenCmdMode: CMDID(0x00FF) failed with:A002
2023/07/24 14:25:14.720 => protocol version = 2, send_recv buffer size = 32
2023/07/24 14:25:14.736 => thread exit, name=ReadData, tid=24292(0x00005ee4)
2023/07/24 14:25:14.737 => thread exit over, name=ReadData, tid=24292(0x00005ee4)
2023/07/24 14:25:14.738 => Stop Realtime data show.
2023/07/24 14:25:15.900 => CRadarProtocolDevice::OpenCmdMode: CMDID(0x00FF) failed with:A002
2023/07/24 14:25:16.059 => protocol version = 2, send_recv buffer size = 32
2023/07/24 14:25:16.137 => ReadSetting_RadarOperatorConfig, result: Success
2023/07/24 14:25:23.660 => CRadarProtocolDevice::OpenCmdMode: CMDID(0x00FF) failed with:A002
2023/07/24 14:25:23.818 => protocol version = 2, send_recv buffer size = 32
2023/07/24 14:25:23.934 => WriteSetting_RadarOperatorConfig, result: Success
2023/07/24 14:25:25.228 => CRadarProtocolDevice::OpenCmdMode: CMDID(0x00FF) failed with:A002
2023/07/24 14:25:25.397 => protocol version = 2, send_recv buffer size = 32
2023/07/24 14:25:25.476 => ReadSetting_RadarOperatorConfig, result: Success
2023/07/24 14:25:26.565 => Start Realtime data show.
2023/07/24 14:25:26.565 => thread create success, thread handle=0x00000840, id=9136, name=ReadData
2023/07/24 14:25:26.566 => thread information, name=ReadData, tid=9136(0x000023b0)
2023/07/24 14:25:26.566 => CRadarProtocolDevice::OpenCmdMode: CMDID(0x00FF) failed with:A002
2023/07/24 14:25:26.734 => protocol version = 2, send_recv buffer size = 32
2023/07/24 14:26:34.733 => prepare exit thread..., name=ReadData, tid=9136(0x000023b0)
2023/07/24 14:26:34.826 => CRadarProtocolDevice::OpenCmdMode: CMDID(0x00FF) failed with:A002
2023/07/24 14:26:34.985 => protocol version = 2, send_recv buffer size = 32
2023/07/24 14:26:35.000 => thread exit, name=ReadData, tid=9136(0x000023b0)
2023/07/24 14:26:35.001 => thread exit over, name=ReadData, tid=9136(0x000023b0)
2023/07/24 14:26:35.002 => Stop Realtime data show.
2023/07/24 14:26:41.261 => Start Noise scan.
2023/07/24 14:26:41.263 => thread create success, thread handle=0x00000840, id=22772, name=ReadData
2023/07/24 14:26:41.263 => thread information, name=ReadData, tid=22772(0x000058f4)
2023/07/24 14:26:41.638 => CRadarProtocolDevice::OpenCmdMode: CMDID(0x00FF) failed with:A002
2023/07/24 14:26:41.798 => protocol version = 2, send_recv buffer size = 32
2023/07/24 14:27:02.939 => protocol version = 2, send_recv buffer size = 32
2023/07/24 14:27:03.097 => protocol version = 2, send_recv buffer size = 32
2023/07/24 14:27:03.113 => thread exit, name=ReadData, tid=22772(0x000058f4)
2023/07/24 14:27:03.113 => prepare exit thread..., name=ReadData, tid=22772(0x000058f4)
2023/07/24 14:27:03.114 => thread exit over, name=ReadData, tid=22772(0x000058f4)
2023/07/24 14:27:03.118 => Stop Noise scan.
2023/07/24 14:27:18.189 => Stop Noise scan.
2023/07/24 14:27:19.116 => CRadarProtocolDevice::OpenCmdMode: CMDID(0x00FF) failed with:A002
2023/07/24 14:27:19.274 => protocol version = 2, send_recv buffer size = 32
2023/07/24 14:27:19.392 => WriteSetting_RadarOperatorConfig, result: Success
2023/07/24 14:27:20.749 => CRadarProtocolDevice::OpenCmdMode: CMDID(0x00FF) failed with:A002
2023/07/24 14:27:20.907 => protocol version = 2, send_recv buffer size = 32
2023/07/24 14:27:20.987 => ReadSetting_RadarOperatorConfig, result: Success
2023/07/24 14:27:25.757 => CRadarProtocolDevice::OpenCmdMode: CMDID(0x00FF) failed with:A002
2023/07/24 14:27:25.915 => protocol version = 2, send_recv buffer size = 32
2023/07/24 14:27:26.032 => WriteSetting_RadarOperatorConfig, result: Success
2023/07/24 14:27:27.716 => CRadarProtocolDevice::OpenCmdMode: CMDID(0x00FF) failed with:A002
2023/07/24 14:27:27.875 => protocol version = 2, send_recv buffer size = 32
2023/07/24 14:27:27.954 => ReadSetting_RadarOperatorConfig, result: Success
2023/07/24 14:27:31.341 => Start Realtime data show.
2023/07/24 14:27:31.341 => thread create success, thread handle=0x000008e8, id=32252, name=ReadData
2023/07/24 14:27:31.341 => thread information, name=ReadData, tid=32252(0x00007dfc)
2023/07/24 14:27:31.342 => CRadarProtocolDevice::OpenCmdMode: CMDID(0x00FF) failed with:A002
2023/07/24 14:27:31.500 => protocol version = 2, send_recv buffer size = 32
2023/07/24 14:27:32.694 => prepare exit thread..., name=ReadData, tid=32252(0x00007dfc)
2023/07/24 14:27:32.701 => CRadarProtocolDevice::OpenCmdMode: CMDID(0x00FF) failed with:A002
2023/07/24 14:27:32.860 => protocol version = 2, send_recv buffer size = 32
2023/07/24 14:27:32.875 => thread exit, name=ReadData, tid=32252(0x00007dfc)
2023/07/24 14:27:32.877 => thread exit over, name=ReadData, tid=32252(0x00007dfc)
2023/07/24 14:27:32.878 => Stop Realtime data show.
2023/07/24 14:27:35.024 => Stop Noise scan.
2023/07/24 14:27:37.485 => CRadarProtocolDevice::OpenCmdMode: CMDID(0x00FF) failed with:A002
2023/07/24 14:27:37.643 => protocol version = 2, send_recv buffer size = 32
2023/07/24 14:27:37.721 => ReadSetting_RadarOperatorConfig, result: Success
2023/07/24 14:27:46.653 => CRadarProtocolDevice::OpenCmdMode: CMDID(0x00FF) failed with:A002
2023/07/24 14:27:46.811 => protocol version = 2, send_recv buffer size = 32
2023/07/24 14:27:46.928 => WriteSetting_RadarOperatorConfig, result: Success
2023/07/24 14:27:48.189 => CRadarProtocolDevice::OpenCmdMode: CMDID(0x00FF) failed with:A002
2023/07/24 14:27:48.347 => protocol version = 2, send_recv buffer size = 32
2023/07/24 14:27:48.425 => ReadSetting_RadarOperatorConfig, result: Success
2023/07/24 14:27:52.678 => CRadarProtocolDevice::OpenCmdMode: CMDID(0x00FF) failed with:A002
2023/07/24 14:27:52.835 => protocol version = 2, send_recv buffer size = 32
2023/07/24 14:27:52.952 => WriteSetting_RadarOperatorConfig, result: Success
2023/07/24 14:27:54.165 => CRadarProtocolDevice::OpenCmdMode: CMDID(0x00FF) failed with:A002
2023/07/24 14:27:54.323 => protocol version = 2, send_recv buffer size = 32
2023/07/24 14:27:54.402 => ReadSetting_RadarOperatorConfig, result: Success
2023/07/24 14:27:55.839 => Start Realtime data show.
2023/07/24 14:27:55.839 => thread create success, thread handle=0x00000890, id=27028, name=ReadData
2023/07/24 14:27:55.839 => thread information, name=ReadData, tid=27028(0x00006994)
2023/07/24 14:27:55.839 => CRadarProtocolDevice::OpenCmdMode: CMDID(0x00FF) failed with:A002
2023/07/24 14:27:56.007 => protocol version = 2, send_recv buffer size = 32
2023/07/24 14:28:02.061 => prepare exit thread..., name=ReadData, tid=27028(0x00006994)
2023/07/24 14:28:02.080 => protocol version = 2, send_recv buffer size = 32
2023/07/24 14:28:02.239 => protocol version = 2, send_recv buffer size = 32
2023/07/24 14:28:02.254 => thread exit, name=ReadData, tid=27028(0x00006994)
2023/07/24 14:28:02.255 => thread exit over, name=ReadData, tid=27028(0x00006994)
2023/07/24 14:28:02.257 => Stop Realtime data show.
2023/07/24 14:28:05.829 => Stop Noise scan.
2023/07/24 14:28:11.493 => CRadarProtocolDevice::OpenCmdMode: CMDID(0x00FF) failed with:A002
2023/07/24 14:28:11.651 => protocol version = 2, send_recv buffer size = 32
2023/07/24 14:28:11.767 => WriteSetting_RadarOperatorConfig, result: Success
2023/07/24 14:28:12.821 => CRadarProtocolDevice::OpenCmdMode: CMDID(0x00FF) failed with:A002
2023/07/24 14:28:12.989 => protocol version = 2, send_recv buffer size = 32
2023/07/24 14:28:13.068 => ReadSetting_RadarOperatorConfig, result: Success
2023/07/24 14:28:14.221 => Start Realtime data show.
2023/07/24 14:28:14.221 => thread create success, thread handle=0x000008c4, id=27276, name=ReadData
2023/07/24 14:28:14.221 => thread information, name=ReadData, tid=27276(0x00006a8c)
2023/07/24 14:28:14.222 => CRadarProtocolDevice::OpenCmdMode: CMDID(0x00FF) failed with:A002
2023/07/24 14:28:14.380 => protocol version = 2, send_recv buffer size = 32
2023/07/24 14:28:15.285 => prepare exit thread..., name=ReadData, tid=27276(0x00006a8c)
2023/07/24 14:28:15.367 => CRadarProtocolDevice::OpenCmdMode: CMDID(0x00FF) failed with:A002
2023/07/24 14:28:15.527 => protocol version = 2, send_recv buffer size = 32
2023/07/24 14:28:15.542 => thread exit, name=ReadData, tid=27276(0x00006a8c)
2023/07/24 14:28:15.543 => thread exit over, name=ReadData, tid=27276(0x00006a8c)
2023/07/24 14:28:15.544 => Stop Realtime data show.
2023/07/24 14:28:18.181 => Start Noise scan.
2023/07/24 14:28:18.183 => thread create success, thread handle=0x000008c0, id=29852, name=ReadData
2023/07/24 14:28:18.183 => thread information, name=ReadData, tid=29852(0x0000749c)
2023/07/24 14:28:18.183 => CRadarProtocolDevice::OpenCmdMode: CMDID(0x00FF) failed with:A002
2023/07/24 14:28:18.342 => protocol version = 2, send_recv buffer size = 32
2023/07/24 14:28:39.468 => protocol version = 2, send_recv buffer size = 32
2023/07/24 14:28:39.626 => protocol version = 2, send_recv buffer size = 32
2023/07/24 14:28:39.642 => thread exit, name=ReadData, tid=29852(0x0000749c)
2023/07/24 14:28:39.642 => prepare exit thread..., name=ReadData, tid=29852(0x0000749c)
2023/07/24 14:28:39.643 => thread exit over, name=ReadData, tid=29852(0x0000749c)
2023/07/24 14:28:39.653 => Stop Noise scan.
2023/07/24 14:29:32.830 => Stop Noise scan.
2023/07/24 14:29:32.830 => Start Realtime data show.
2023/07/24 14:29:32.830 => thread create success, thread handle=0x000008c4, id=23820, name=ReadData
2023/07/24 14:29:32.830 => thread information, name=ReadData, tid=23820(0x00005d0c)
2023/07/24 14:29:32.830 => CRadarProtocolDevice::OpenCmdMode: CMDID(0x00FF) failed with:A002
2023/07/24 14:29:32.989 => protocol version = 2, send_recv buffer size = 32
2023/07/24 14:29:34.797 => prepare exit thread..., name=ReadData, tid=23820(0x00005d0c)
2023/07/24 14:29:34.807 => protocol version = 2, send_recv buffer size = 32
2023/07/24 14:29:34.965 => protocol version = 2, send_recv buffer size = 32
2023/07/24 14:29:34.980 => thread exit, name=ReadData, tid=23820(0x00005d0c)
2023/07/24 14:29:34.980 => thread exit over, name=ReadData, tid=23820(0x00005d0c)
2023/07/24 14:29:34.982 => Stop Realtime data show.
2023/07/24 14:29:51.820 => CRadarProtocolDevice::OpenCmdMode: CMDID(0x00FF) failed with:A002
2023/07/24 14:29:51.979 => protocol version = 2, send_recv buffer size = 32
2023/07/24 14:29:52.095 => WriteSetting_RadarOperatorConfig, result: Success
2023/07/24 14:29:53.382 => CRadarProtocolDevice::OpenCmdMode: CMDID(0x00FF) failed with:A002
2023/07/24 14:29:53.548 => protocol version = 2, send_recv buffer size = 32
2023/07/24 14:29:53.629 => ReadSetting_RadarOperatorConfig, result: Success
2023/07/24 14:29:54.774 => Start Realtime data show.
2023/07/24 14:29:54.775 => thread create success, thread handle=0x000008c4, id=31920, name=ReadData
2023/07/24 14:29:54.775 => thread information, name=ReadData, tid=31920(0x00007cb0)
2023/07/24 14:29:54.775 => CRadarProtocolDevice::OpenCmdMode: CMDID(0x00FF) failed with:A002
2023/07/24 14:29:54.931 => protocol version = 2, send_recv buffer size = 32
2023/07/24 14:30:17.228 => prepare exit thread..., name=ReadData, tid=31920(0x00007cb0)
2023/07/24 14:30:17.242 => CRadarProtocolDevice::OpenCmdMode: CMDID(0x00FF) failed with:A002
2023/07/24 14:30:17.401 => protocol version = 2, send_recv buffer size = 32
2023/07/24 14:30:17.416 => thread exit, name=ReadData, tid=31920(0x00007cb0)
2023/07/24 14:30:17.416 => thread exit over, name=ReadData, tid=31920(0x00007cb0)
2023/07/24 14:30:17.418 => Stop Realtime data show.
2023/07/24 14:30:19.165 => Start Realtime data show.
2023/07/24 14:30:19.165 => thread create success, thread handle=0x000008dc, id=32632, name=ReadData
2023/07/24 14:30:19.165 => thread information, name=ReadData, tid=32632(0x00007f78)
2023/07/24 14:30:19.166 => CRadarProtocolDevice::OpenCmdMode: CMDID(0x00FF) failed with:A002
2023/07/24 14:30:19.323 => protocol version = 2, send_recv buffer size = 32
2023/07/24 14:30:21.421 => prepare exit thread..., name=ReadData, tid=32632(0x00007f78)
2023/07/24 14:30:21.467 => CRadarProtocolDevice::OpenCmdMode: CMDID(0x00FF) failed with:A002
2023/07/24 14:30:21.626 => protocol version = 2, send_recv buffer size = 32
2023/07/24 14:30:21.641 => thread exit, name=ReadData, tid=32632(0x00007f78)
2023/07/24 14:30:21.642 => thread exit over, name=ReadData, tid=32632(0x00007f78)
2023/07/24 14:30:21.643 => Stop Realtime data show.
2023/07/24 14:30:23.351 => Stop Realtime data show.
2023/07/24 14:30:23.351 => Stop Noise scan.
2023/07/24 14:30:23.352 => CRadarProtocolDevice::OpenCmdMode: CMDID(0x00FF) failed with:A002
2023/07/24 14:30:23.511 => protocol version = 2, send_recv buffer size = 32
2023/07/24 14:30:23.527 => Cancel Read Data
2023/07/24 14:30:23.527 => CloseSerial: mSerialFile=0x0000087c
2023/07/24 14:32:58.381 => CloseSerial: mSerialFile=0xffffffff
2023/07/24 14:32:58.381 => Prepare Open Serial: Com=\\.\COM11 BaudRate=115200
2023/07/24 14:32:58.382 => OpenSerial: Com=\\.\COM11 BaudRate=115200, Success=1, mSerialFile=0x00000828
2023/07/24 14:32:58.390 => protocol version = 2, send_recv buffer size = 32
2023/07/24 14:32:58.549 => protocol version = 2, send_recv buffer size = 32
2023/07/24 14:32:58.557 => GetVersion Return: v1.5.7_0.0
2023/07/24 14:32:58.637 => ReadSetting_RadarOperatorConfig, result: Success
2023/07/24 14:32:59.758 => Stop Realtime data show.
2023/07/24 14:32:59.759 => Start Realtime data show.
2023/07/24 14:32:59.759 => thread create success, thread handle=0x000008b0, id=30928, name=ReadData
2023/07/24 14:32:59.759 => thread information, name=ReadData, tid=30928(0x000078d0)
2023/07/24 14:32:59.759 => CRadarProtocolDevice::OpenCmdMode: CMDID(0x00FF) failed with:A002
2023/07/24 14:32:59.918 => protocol version = 2, send_recv buffer size = 32
2023/07/24 14:33:14.341 => prepare exit thread..., name=ReadData, tid=30928(0x000078d0)
2023/07/24 14:33:14.352 => CRadarProtocolDevice::OpenCmdMode: CMDID(0x00FF) failed with:A002
2023/07/24 14:33:14.510 => protocol version = 2, send_recv buffer size = 32
2023/07/24 14:33:14.526 => thread exit, name=ReadData, tid=30928(0x000078d0)
2023/07/24 14:33:14.527 => thread exit over, name=ReadData, tid=30928(0x000078d0)
2023/07/24 14:33:14.528 => Stop Realtime data show.
2023/07/24 14:33:14.918 => Start Realtime data show.
2023/07/24 14:33:14.918 => thread create success, thread handle=0x000008b0, id=29840, name=ReadData
2023/07/24 14:33:14.918 => thread information, name=ReadData, tid=29840(0x00007490)
2023/07/24 14:33:14.919 => CRadarProtocolDevice::OpenCmdMode: CMDID(0x00FF) failed with:A002
2023/07/24 14:33:15.077 => protocol version = 2, send_recv buffer size = 32
2023/07/24 14:33:45.669 => prepare exit thread..., name=ReadData, tid=29840(0x00007490)
2023/07/24 14:33:45.718 => CRadarProtocolDevice::OpenCmdMode: CMDID(0x00FF) failed with:A002
2023/07/24 14:33:45.877 => protocol version = 2, send_recv buffer size = 32
2023/07/24 14:33:45.894 => thread exit, name=ReadData, tid=29840(0x00007490)
2023/07/24 14:33:45.894 => thread exit over, name=ReadData, tid=29840(0x00007490)
2023/07/24 14:33:45.896 => Stop Realtime data show.
2023/07/24 14:33:45.903 => protocol version = 2, send_recv buffer size = 32
2023/07/24 14:33:46.062 => protocol version = 2, send_recv buffer size = 32
2023/07/24 14:33:46.178 => WriteSetting_RadarOperatorConfig, result: Success
2023/07/24 14:33:46.178 => Start Realtime data show.
2023/07/24 14:33:46.179 => thread create success, thread handle=0x0000094c, id=31548, name=ReadData
2023/07/24 14:33:46.179 => thread information, name=ReadData, tid=31548(0x00007b3c)
2023/07/24 14:33:46.187 => protocol version = 2, send_recv buffer size = 32
2023/07/24 14:33:46.354 => protocol version = 2, send_recv buffer size = 32
2023/07/24 14:33:47.549 => prepare exit thread..., name=ReadData, tid=31548(0x00007b3c)
2023/07/24 14:33:47.613 => CRadarProtocolDevice::OpenCmdMode: CMDID(0x00FF) failed with:A002
2023/07/24 14:33:47.782 => protocol version = 2, send_recv buffer size = 32
2023/07/24 14:33:47.798 => thread exit, name=ReadData, tid=31548(0x00007b3c)
2023/07/24 14:33:47.799 => thread exit over, name=ReadData, tid=31548(0x00007b3c)
2023/07/24 14:33:47.800 => Stop Realtime data show.
2023/07/24 14:33:53.893 => CRadarProtocolDevice::OpenCmdMode: CMDID(0x00FF) failed with:A002
2023/07/24 14:33:54.050 => protocol version = 2, send_recv buffer size = 32
2023/07/24 14:33:54.130 => ReadSetting_RadarOperatorConfig, result: Success
2023/07/24 14:33:55.607 => Start Realtime data show.
2023/07/24 14:33:55.607 => thread create success, thread handle=0x00000954, id=31256, name=ReadData
2023/07/24 14:33:55.607 => thread information, name=ReadData, tid=31256(0x00007a18)
2023/07/24 14:33:55.607 => CRadarProtocolDevice::OpenCmdMode: CMDID(0x00FF) failed with:A002
2023/07/24 14:33:55.776 => protocol version = 2, send_recv buffer size = 32
2023/07/24 14:34:01.365 => prepare exit thread..., name=ReadData, tid=31256(0x00007a18)
2023/07/24 14:34:01.449 => CRadarProtocolDevice::OpenCmdMode: CMDID(0x00FF) failed with:A002
2023/07/24 14:34:01.608 => protocol version = 2, send_recv buffer size = 32
2023/07/24 14:34:01.624 => thread exit, name=ReadData, tid=31256(0x00007a18)
2023/07/24 14:34:01.624 => thread exit over, name=ReadData, tid=31256(0x00007a18)
2023/07/24 14:34:01.625 => Stop Realtime data show.
2023/07/24 14:34:13.957 => CRadarProtocolDevice::OpenCmdMode: CMDID(0x00FF) failed with:A002
2023/07/24 14:34:14.114 => protocol version = 2, send_recv buffer size = 32
2023/07/24 14:34:14.232 => WriteSetting_RadarOperatorConfig, result: Success
2023/07/24 14:34:15.429 => CRadarProtocolDevice::OpenCmdMode: CMDID(0x00FF) failed with:A002
2023/07/24 14:34:15.598 => protocol version = 2, send_recv buffer size = 32
2023/07/24 14:34:15.676 => ReadSetting_RadarOperatorConfig, result: Success
2023/07/24 14:34:16.925 => Start Realtime data show.
2023/07/24 14:34:16.925 => thread create success, thread handle=0x00000908, id=31012, name=ReadData
2023/07/24 14:34:16.925 => thread information, name=ReadData, tid=31012(0x00007924)
2023/07/24 14:34:16.925 => CRadarProtocolDevice::OpenCmdMode: CMDID(0x00FF) failed with:A002
2023/07/24 14:34:17.094 => protocol version = 2, send_recv buffer size = 32
2023/07/24 14:34:22.117 => prepare exit thread..., name=ReadData, tid=31012(0x00007924)
2023/07/24 14:34:22.148 => CRadarProtocolDevice::OpenCmdMode: CMDID(0x00FF) failed with:A002
2023/07/24 14:34:22.307 => protocol version = 2, send_recv buffer size = 32
2023/07/24 14:34:22.324 => thread exit, name=ReadData, tid=31012(0x00007924)
2023/07/24 14:34:22.324 => thread exit over, name=ReadData, tid=31012(0x00007924)
2023/07/24 14:34:22.325 => Stop Realtime data show.
2023/07/24 14:34:25.221 => CRadarProtocolDevice::OpenCmdMode: CMDID(0x00FF) failed with:A002
2023/07/24 14:34:25.380 => protocol version = 2, send_recv buffer size = 32
2023/07/24 14:34:25.496 => WriteSetting_RadarOperatorConfig, result: Success
2023/07/24 14:34:26.479 => CRadarProtocolDevice::OpenCmdMode: CMDID(0x00FF) failed with:A002
2023/07/24 14:34:26.646 => protocol version = 2, send_recv buffer size = 32
2023/07/24 14:34:26.726 => ReadSetting_RadarOperatorConfig, result: Success
2023/07/24 14:34:28.277 => Start Realtime data show.
2023/07/24 14:34:28.277 => thread create success, thread handle=0x00000938, id=29576, name=ReadData
2023/07/24 14:34:28.277 => thread information, name=ReadData, tid=29576(0x00007388)
2023/07/24 14:34:28.277 => CRadarProtocolDevice::OpenCmdMode: CMDID(0x00FF) failed with:A002
2023/07/24 14:34:28.435 => protocol version = 2, send_recv buffer size = 32
2023/07/24 14:34:30.485 => prepare exit thread..., name=ReadData, tid=29576(0x00007388)
2023/07/24 14:34:30.492 => CRadarProtocolDevice::OpenCmdMode: CMDID(0x00FF) failed with:A002
2023/07/24 14:34:30.651 => protocol version = 2, send_recv buffer size = 32
2023/07/24 14:34:30.666 => thread exit, name=ReadData, tid=29576(0x00007388)
2023/07/24 14:34:30.667 => thread exit over, name=ReadData, tid=29576(0x00007388)
2023/07/24 14:34:30.669 => Stop Realtime data show.
2023/07/24 14:34:30.669 => Start Realtime data show.
2023/07/24 14:34:30.669 => thread create success, thread handle=0x00000938, id=18804, name=ReadData
2023/07/24 14:34:30.669 => thread information, name=ReadData, tid=18804(0x00004974)
2023/07/24 14:34:30.677 => protocol version = 2, send_recv buffer size = 32
2023/07/24 14:34:30.836 => protocol version = 2, send_recv buffer size = 32
2023/07/24 14:34:30.989 => prepare exit thread..., name=ReadData, tid=18804(0x00004974)
2023/07/24 14:34:31.020 => CRadarProtocolDevice::OpenCmdMode: CMDID(0x00FF) failed with:A002
2023/07/24 14:34:31.179 => protocol version = 2, send_recv buffer size = 32
2023/07/24 14:34:31.195 => thread exit, name=ReadData, tid=18804(0x00004974)
2023/07/24 14:34:31.195 => thread exit over, name=ReadData, tid=18804(0x00004974)
2023/07/24 14:34:31.196 => Stop Realtime data show.
2023/07/24 14:34:44.613 => CRadarProtocolDevice::OpenCmdMode: CMDID(0x00FF) failed with:A002
2023/07/24 14:34:44.772 => protocol version = 2, send_recv buffer size = 32
2023/07/24 14:34:44.889 => WriteSetting_RadarOperatorConfig, result: Success
2023/07/24 14:34:48.197 => CRadarProtocolDevice::OpenCmdMode: CMDID(0x00FF) failed with:A002
2023/07/24 14:34:48.356 => protocol version = 2, send_recv buffer size = 32
2023/07/24 14:34:48.472 => WriteSetting_RadarOperatorConfig, result: Success
2023/07/24 14:34:49.581 => CRadarProtocolDevice::OpenCmdMode: CMDID(0x00FF) failed with:A002
2023/07/24 14:34:49.749 => protocol version = 2, send_recv buffer size = 32
2023/07/24 14:34:49.828 => ReadSetting_RadarOperatorConfig, result: Success
2023/07/24 14:34:50.917 => Start Realtime data show.
2023/07/24 14:34:50.918 => thread create success, thread handle=0x00000908, id=23736, name=ReadData
2023/07/24 14:34:50.918 => thread information, name=ReadData, tid=23736(0x00005cb8)
2023/07/24 14:34:50.918 => CRadarProtocolDevice::OpenCmdMode: CMDID(0x00FF) failed with:A002
2023/07/24 14:34:51.087 => protocol version = 2, send_recv buffer size = 32
2023/07/24 14:34:59.941 => prepare exit thread..., name=ReadData, tid=23736(0x00005cb8)
2023/07/24 14:34:59.957 => CRadarProtocolDevice::OpenCmdMode: CMDID(0x00FF) failed with:A002
2023/07/24 14:35:00.116 => protocol version = 2, send_recv buffer size = 32
2023/07/24 14:35:00.131 => thread exit, name=ReadData, tid=23736(0x00005cb8)
2023/07/24 14:35:00.133 => thread exit over, name=ReadData, tid=23736(0x00005cb8)
2023/07/24 14:35:00.136 => Stop Realtime data show.
2023/07/24 14:35:06.102 => CRadarProtocolDevice::OpenCmdMode: CMDID(0x00FF) failed with:A002
2023/07/24 14:35:06.260 => protocol version = 2, send_recv buffer size = 32
2023/07/24 14:35:06.376 => WriteSetting_RadarOperatorConfig, result: Success
2023/07/24 14:35:14.205 => CRadarProtocolDevice::OpenCmdMode: CMDID(0x00FF) failed with:A002
2023/07/24 14:35:14.363 => protocol version = 2, send_recv buffer size = 32
2023/07/24 14:35:14.480 => WriteSetting_RadarOperatorConfig, result: Success
2023/07/24 14:35:15.773 => Start Realtime data show.
2023/07/24 14:35:15.774 => thread create success, thread handle=0x0000082c, id=23968, name=ReadData
2023/07/24 14:35:15.774 => thread information, name=ReadData, tid=23968(0x00005da0)
2023/07/24 14:35:15.774 => CRadarProtocolDevice::OpenCmdMode: CMDID(0x00FF) failed with:A002
2023/07/24 14:35:15.932 => protocol version = 2, send_recv buffer size = 32
2023/07/24 14:35:41.057 => prepare exit thread..., name=ReadData, tid=23968(0x00005da0)
2023/07/24 14:35:41.145 => CRadarProtocolDevice::OpenCmdMode: CMDID(0x00FF) failed with:A002
2023/07/24 14:35:41.305 => protocol version = 2, send_recv buffer size = 32
2023/07/24 14:35:41.320 => thread exit, name=ReadData, tid=23968(0x00005da0)
2023/07/24 14:35:41.321 => thread exit over, name=ReadData, tid=23968(0x00005da0)
2023/07/24 14:35:41.322 => Stop Realtime data show.
2023/07/24 14:35:42.108 => Start Realtime data show.
2023/07/24 14:35:42.109 => thread create success, thread handle=0x00000994, id=17568, name=ReadData
2023/07/24 14:35:42.109 => thread information, name=ReadData, tid=17568(0x000044a0)
2023/07/24 14:35:42.109 => CRadarProtocolDevice::OpenCmdMode: CMDID(0x00FF) failed with:A002
2023/07/24 14:35:42.268 => protocol version = 2, send_recv buffer size = 32
2023/07/24 14:36:38.525 => prepare exit thread..., name=ReadData, tid=17568(0x000044a0)
2023/07/24 14:36:38.598 => CRadarProtocolDevice::OpenCmdMode: CMDID(0x00FF) failed with:A002
2023/07/24 14:36:38.757 => protocol version = 2, send_recv buffer size = 32
2023/07/24 14:36:38.772 => thread exit, name=ReadData, tid=17568(0x000044a0)
2023/07/24 14:36:38.773 => thread exit over, name=ReadData, tid=17568(0x000044a0)
2023/07/24 14:36:38.774 => Stop Realtime data show.
2023/07/24 14:36:52.917 => CRadarProtocolDevice::OpenCmdMode: CMDID(0x00FF) failed with:A002
2023/07/24 14:36:53.076 => protocol version = 2, send_recv buffer size = 32
2023/07/24 14:36:53.192 => WriteSetting_RadarOperatorConfig, result: Success
2023/07/24 14:36:54.302 => CRadarProtocolDevice::OpenCmdMode: CMDID(0x00FF) failed with:A002
2023/07/24 14:36:54.469 => protocol version = 2, send_recv buffer size = 32
2023/07/24 14:36:54.548 => ReadSetting_RadarOperatorConfig, result: Success
2023/07/24 14:36:55.534 => Start Realtime data show.
2023/07/24 14:36:55.534 => thread create success, thread handle=0x00000878, id=18788, name=ReadData
2023/07/24 14:36:55.534 => thread information, name=ReadData, tid=18788(0x00004964)
2023/07/24 14:36:55.534 => CRadarProtocolDevice::OpenCmdMode: CMDID(0x00FF) failed with:A002
2023/07/24 14:36:55.701 => protocol version = 2, send_recv buffer size = 32
2023/07/24 14:39:06.405 => prepare exit thread..., name=ReadData, tid=18788(0x00004964)
2023/07/24 14:39:06.452 => CRadarProtocolDevice::OpenCmdMode: CMDID(0x00FF) failed with:A002
2023/07/24 14:39:06.612 => protocol version = 2, send_recv buffer size = 32
2023/07/24 14:39:06.627 => thread exit, name=ReadData, tid=18788(0x00004964)
2023/07/24 14:39:06.628 => thread exit over, name=ReadData, tid=18788(0x00004964)
2023/07/24 14:39:06.629 => Stop Realtime data show.
2023/07/24 14:39:07.349 => Start Realtime data show.
2023/07/24 14:39:07.352 => thread create success, thread handle=0x00000878, id=19108, name=ReadData
2023/07/24 14:39:07.352 => thread information, name=ReadData, tid=19108(0x00004aa4)
2023/07/24 14:39:07.352 => CRadarProtocolDevice::OpenCmdMode: CMDID(0x00FF) failed with:A002
2023/07/24 14:39:07.511 => protocol version = 2, send_recv buffer size = 32
2023/07/24 14:39:08.807 => prepare exit thread..., name=ReadData, tid=19108(0x00004aa4)
2023/07/24 14:39:08.881 => CRadarProtocolDevice::OpenCmdMode: CMDID(0x00FF) failed with:A002
2023/07/24 14:39:09.040 => protocol version = 2, send_recv buffer size = 32
2023/07/24 14:39:09.056 => thread exit, name=ReadData, tid=19108(0x00004aa4)
2023/07/24 14:39:09.057 => thread exit over, name=ReadData, tid=19108(0x00004aa4)
2023/07/24 14:39:09.058 => Stop Realtime data show.
2023/07/24 14:39:14.229 => CRadarProtocolDevice::OpenCmdMode: CMDID(0x00FF) failed with:A002
2023/07/24 14:39:14.388 => protocol version = 2, send_recv buffer size = 32
2023/07/24 14:39:14.504 => WriteSetting_RadarOperatorConfig, result: Success
2023/07/24 14:39:15.725 => CRadarProtocolDevice::OpenCmdMode: CMDID(0x00FF) failed with:A002
2023/07/24 14:39:15.894 => protocol version = 2, send_recv buffer size = 32
2023/07/24 14:39:15.974 => ReadSetting_RadarOperatorConfig, result: Success
2023/07/24 14:39:17.118 => Start Realtime data show.
2023/07/24 14:39:17.118 => thread create success, thread handle=0x00000998, id=9924, name=ReadData
2023/07/24 14:39:17.118 => thread information, name=ReadData, tid=9924(0x000026c4)
2023/07/24 14:39:17.118 => CRadarProtocolDevice::OpenCmdMode: CMDID(0x00FF) failed with:A002
2023/07/24 14:39:17.285 => protocol version = 2, send_recv buffer size = 32
2023/07/24 14:39:18.133 => prepare exit thread..., name=ReadData, tid=9924(0x000026c4)
2023/07/24 14:39:18.175 => CRadarProtocolDevice::OpenCmdMode: CMDID(0x00FF) failed with:A002
2023/07/24 14:39:18.334 => protocol version = 2, send_recv buffer size = 32
2023/07/24 14:39:18.350 => thread exit, name=ReadData, tid=9924(0x000026c4)
2023/07/24 14:39:18.351 => thread exit over, name=ReadData, tid=9924(0x000026c4)
2023/07/24 14:39:18.354 => Stop Realtime data show.
2023/07/24 14:39:18.837 => Start Realtime data show.
2023/07/24 14:39:18.838 => thread create success, thread handle=0x00000948, id=8644, name=ReadData
2023/07/24 14:39:18.838 => thread information, name=ReadData, tid=8644(0x000021c4)
2023/07/24 14:39:18.838 => CRadarProtocolDevice::OpenCmdMode: CMDID(0x00FF) failed with:A002
2023/07/24 14:39:18.996 => protocol version = 2, send_recv buffer size = 32
2023/07/24 14:39:22.149 => prepare exit thread..., name=ReadData, tid=8644(0x000021c4)
2023/07/24 14:39:22.188 => CRadarProtocolDevice::OpenCmdMode: CMDID(0x00FF) failed with:A002
2023/07/24 14:39:22.347 => protocol version = 2, send_recv buffer size = 32
2023/07/24 14:39:22.363 => thread exit, name=ReadData, tid=8644(0x000021c4)
2023/07/24 14:39:22.364 => thread exit over, name=ReadData, tid=8644(0x000021c4)
2023/07/24 14:39:22.365 => Stop Realtime data show.
2023/07/24 14:39:32.325 => CRadarProtocolDevice::OpenCmdMode: CMDID(0x00FF) failed with:A002
2023/07/24 14:39:32.482 => protocol version = 2, send_recv buffer size = 32
2023/07/24 14:39:32.599 => WriteSetting_RadarOperatorConfig, result: Success
2023/07/24 14:39:34.157 => CRadarProtocolDevice::OpenCmdMode: CMDID(0x00FF) failed with:A002
2023/07/24 14:39:34.324 => protocol version = 2, send_recv buffer size = 32
2023/07/24 14:39:34.404 => ReadSetting_RadarOperatorConfig, result: Success
2023/07/24 14:39:35.589 => Start Realtime data show.
2023/07/24 14:39:35.590 => thread create success, thread handle=0x000008b8, id=20052, name=ReadData
2023/07/24 14:39:35.590 => thread information, name=ReadData, tid=20052(0x00004e54)
2023/07/24 14:39:35.590 => CRadarProtocolDevice::OpenCmdMode: CMDID(0x00FF) failed with:A002
2023/07/24 14:39:35.749 => protocol version = 2, send_recv buffer size = 32
2023/07/24 14:45:36.142 => prepare exit thread..., name=ReadData, tid=20052(0x00004e54)
2023/07/24 14:45:36.156 => CRadarProtocolDevice::OpenCmdMode: CMDID(0x00FF) failed with:A002
2023/07/24 14:45:36.315 => protocol version = 2, send_recv buffer size = 32
2023/07/24 14:45:36.331 => thread exit, name=ReadData, tid=20052(0x00004e54)
2023/07/24 14:45:36.332 => thread exit over, name=ReadData, tid=20052(0x00004e54)
2023/07/24 14:45:36.334 => Stop Realtime data show.
2023/07/24 14:51:56.582 => Stop Noise scan.
2023/07/24 14:51:56.582 => Start Realtime data show.
2023/07/24 14:51:56.582 => thread create success, thread handle=0x00000918, id=30212, name=ReadData
2023/07/24 14:51:56.582 => thread information, name=ReadData, tid=30212(0x00007604)
2023/07/24 14:51:56.582 => CRadarProtocolDevice::OpenCmdMode: CMDID(0x00FF) failed with:A002
2023/07/24 14:51:56.741 => protocol version = 2, send_recv buffer size = 32
2023/07/24 14:52:00.382 => prepare exit thread..., name=ReadData, tid=30212(0x00007604)
2023/07/24 14:52:00.474 => CRadarProtocolDevice::OpenCmdMode: CMDID(0x00FF) failed with:A002
2023/07/24 14:52:00.633 => protocol version = 2, send_recv buffer size = 32
2023/07/24 14:52:00.649 => thread exit, name=ReadData, tid=30212(0x00007604)
2023/07/24 14:52:00.650 => thread exit over, name=ReadData, tid=30212(0x00007604)
2023/07/24 14:52:00.651 => Stop Realtime data show.
2023/07/24 14:52:00.651 => Stop Noise scan.
2023/07/24 14:52:00.658 => protocol version = 2, send_recv buffer size = 32
2023/07/24 14:52:00.818 => protocol version = 2, send_recv buffer size = 32
2023/07/24 14:52:00.833 => Cancel Read Data
2023/07/24 14:52:00.833 => CloseSerial: mSerialFile=0x00000828
2023/07/24 14:52:01.309 => CloseSerial: mSerialFile=0xffffffff
2023/07/24 14:52:01.309 => Prepare Open Serial: Com=\\.\COM11 BaudRate=115200
2023/07/24 14:52:01.310 => OpenSerial: Com=\\.\COM11 BaudRate=115200, Success=1, mSerialFile=0x000008c4
2023/07/24 14:52:01.316 => CRadarProtocolDevice::OpenCmdMode: CMDID(0x00FF) failed with:A002
2023/07/24 14:52:01.475 => protocol version = 2, send_recv buffer size = 32
2023/07/24 14:52:01.483 => GetVersion Return: v1.5.7_0.0
2023/07/24 14:52:01.563 => ReadSetting_RadarOperatorConfig, result: Success
2023/07/24 14:52:03.030 => Start Realtime data show.
2023/07/24 14:52:03.030 => thread create success, thread handle=0x00000828, id=20036, name=ReadData
2023/07/24 14:52:03.030 => thread information, name=ReadData, tid=20036(0x00004e44)
2023/07/24 14:52:03.030 => CRadarProtocolDevice::OpenCmdMode: CMDID(0x00FF) failed with:A002
2023/07/24 14:52:03.188 => protocol version = 2, send_recv buffer size = 32
2023/07/24 14:57:08.197 => prepare exit thread..., name=ReadData, tid=20036(0x00004e44)
2023/07/24 14:57:08.224 => CRadarProtocolDevice::OpenCmdMode: CMDID(0x00FF) failed with:A002
2023/07/24 14:57:08.383 => protocol version = 2, send_recv buffer size = 32
2023/07/24 14:57:08.399 => thread exit, name=ReadData, tid=20036(0x00004e44)
2023/07/24 14:57:08.399 => thread exit over, name=ReadData, tid=20036(0x00004e44)
2023/07/24 14:57:08.399 => Stop Realtime data show.
2023/07/24 14:57:08.399 => Stop Realtime data show.
2023/07/24 14:57:08.401 => Stop Noise scan.
2023/07/24 14:57:08.410 => protocol version = 2, send_recv buffer size = 32
2023/07/24 14:57:08.569 => protocol version = 2, send_recv buffer size = 32
2023/07/24 14:57:08.586 => Cancel Read Data
2023/07/24 14:57:08.586 => CloseSerial: mSerialFile=0x000008c4
2023/07/24 14:57:08.586 => Cancel Read Data
2023/07/24 14:57:08.586 => CloseSerial: mSerialFile=0xffffffff
2023/07/24 14:57:08.586 => Cancel Read Data
2023/07/24 14:57:08.586 => CloseSerial: mSerialFile=0xffffffff
2023/07/24 14:57:08.586 => CloseSerial: mSerialFile=0xffffffff
