2023/08/31 10:24:03.865 => thread create success, thread handle=0x0000095c, id=63812, name=Download
2023/08/31 10:24:03.865 => thread information, name=Download, tid=63812(0x0000f944)
2023/08/31 10:24:03.866 => CloseSerial: mSerialFile=0xffffffff
2023/08/31 10:24:03.866 => Prepare Open Serial: Com=\\.\COM1 BaudRate=115200
2023/08/31 10:24:03.867 => OpenSerial: Com=\\.\COM1 BaudRate=115200, Success=1, mSerialFile=0x00000970
2023/08/31 10:24:05.884 => CRadarProtocolDevice::OpenCmdMode: CMDID(0x00FF) failed with:A001
2023/08/31 10:24:08.051 => CRadarProtocolDevice::OpenCmdMode: CMDID(0x00FF) failed with:A001
2023/08/31 10:24:10.052 => CRadarProtocolDevice::OpenCmdMode: CMDID(0x00FF) failed with:A001
2023/08/31 10:24:12.058 => CRadarProtocolDevice::OpenCmdMode: CMDID(0x00FF) failed with:A001
2023/08/31 10:24:14.066 => CRadarProtocolDevice::OpenCmdMode: CMDID(0x00FF) failed with:A001
2023/08/31 10:24:16.109 => CRadarProtocolDevice::SendCommand: CMDID(0x0070) failed with:A001
2023/08/31 10:24:16.148 => Cancel Read Data
2023/08/31 10:24:16.148 => CloseSerial: mSerialFile=0x00000970
2023/08/31 10:24:16.156 => thread exit, name=Download, tid=63812(0x0000f944)
2023/08/31 10:24:17.632 => CloseSerial: mSerialFile=0xffffffff
2023/08/31 10:24:17.632 => Prepare Open Serial: Com=\\.\COM30 BaudRate=115200
2023/08/31 10:24:17.633 => OpenSerial: Com=\\.\COM30 BaudRate=115200, Success=1, mSerialFile=0x0000099c
2023/08/31 10:24:17.641 => protocol version = 2, send_recv buffer size = 32
2023/08/31 10:24:17.813 => protocol version = 2, send_recv buffer size = 32
2023/08/31 10:24:17.821 => GetVersion Return: v1.5.6_0.0
2023/08/31 10:24:17.902 => ReadSetting_RadarOperatorConfig, result: Success
2023/08/31 10:24:19.113 => thread create success, thread handle=0x0000095c, id=126720, name=Download
2023/08/31 10:24:19.113 => thread information, name=Download, tid=126720(0x0001ef00)
2023/08/31 10:24:19.114 => CloseSerial: mSerialFile=0xffffffff
2023/08/31 10:24:19.114 => Prepare Open Serial: Com=\\.\COM30 BaudRate=115200
2023/08/31 10:24:19.114 => Open \\.\COM30 failed:5
2023/08/31 10:24:19.114 => OpenSerial: Com=\\.\COM30 BaudRate=115200, Success=0, mSerialFile=0xffffffff
2023/08/31 10:24:19.114 => CloseSerial: mSerialFile=0xffffffff
2023/08/31 10:24:20.574 => thread exit, name=Download, tid=126720(0x0001ef00)
2023/08/31 10:24:37.835 => Stop Realtime data show.
2023/08/31 10:24:37.835 => Stop Noise scan.
2023/08/31 10:24:37.836 => CRadarProtocolDevice::OpenCmdMode: CMDID(0x00FF) failed with:A002
2023/08/31 10:24:38.007 => protocol version = 2, send_recv buffer size = 32
2023/08/31 10:24:38.023 => Cancel Read Data
2023/08/31 10:24:38.023 => CloseSerial: mSerialFile=0x0000099c
2023/08/31 10:24:38.768 => CloseSerial: mSerialFile=0xffffffff
2023/08/31 10:24:38.768 => Prepare Open Serial: Com=\\.\COM30 BaudRate=115200
2023/08/31 10:24:38.769 => OpenSerial: Com=\\.\COM30 BaudRate=115200, Success=1, mSerialFile=0x00000864
2023/08/31 10:24:38.777 => protocol version = 2, send_recv buffer size = 32
2023/08/31 10:24:38.948 => protocol version = 2, send_recv buffer size = 32
2023/08/31 10:24:38.956 => GetVersion Return: v1.5.6_0.0
2023/08/31 10:24:39.034 => ReadSetting_RadarOperatorConfig, result: Success
2023/08/31 10:24:40.088 => thread create success, thread handle=0x0000095c, id=74992, name=Download
2023/08/31 10:24:40.088 => thread information, name=Download, tid=74992(0x000124f0)
2023/08/31 10:24:40.088 => CloseSerial: mSerialFile=0xffffffff
2023/08/31 10:24:40.089 => Prepare Open Serial: Com=\\.\COM30 BaudRate=115200
2023/08/31 10:24:40.089 => Open \\.\COM30 failed:5
2023/08/31 10:24:40.089 => OpenSerial: Com=\\.\COM30 BaudRate=115200, Success=0, mSerialFile=0xffffffff
2023/08/31 10:24:40.089 => CloseSerial: mSerialFile=0xffffffff
2023/08/31 10:24:41.246 => thread exit, name=Download, tid=74992(0x000124f0)
2023/08/31 10:24:43.401 => Start Realtime data show.
2023/08/31 10:24:43.401 => thread create success, thread handle=0x000009a8, id=3028, name=ReadData
2023/08/31 10:24:43.401 => thread information, name=ReadData, tid=3028(0x00000bd4)
2023/08/31 10:24:43.401 => CRadarProtocolDevice::OpenCmdMode: CMDID(0x00FF) failed with:A002
2023/08/31 10:24:43.574 => protocol version = 2, send_recv buffer size = 32
2023/08/31 10:24:44.576 => prepare exit thread..., name=ReadData, tid=3028(0x00000bd4)
2023/08/31 10:24:44.665 => CRadarProtocolDevice::OpenCmdMode: CMDID(0x00FF) failed with:A002
2023/08/31 10:24:44.831 => protocol version = 2, send_recv buffer size = 32
2023/08/31 10:24:44.847 => thread exit, name=ReadData, tid=3028(0x00000bd4)
2023/08/31 10:24:44.849 => thread exit over, name=ReadData, tid=3028(0x00000bd4)
2023/08/31 10:24:44.862 => Stop Realtime data show.
2023/08/31 10:24:46.872 => Start Realtime data show.
2023/08/31 10:24:46.874 => thread create success, thread handle=0x000009a8, id=18008, name=ReadData
2023/08/31 10:24:46.874 => thread information, name=ReadData, tid=18008(0x00004658)
2023/08/31 10:24:46.874 => CRadarProtocolDevice::OpenCmdMode: CMDID(0x00FF) failed with:A002
2023/08/31 10:24:47.032 => protocol version = 2, send_recv buffer size = 32
2023/08/31 10:24:47.897 => prepare exit thread..., name=ReadData, tid=18008(0x00004658)
2023/08/31 10:24:47.940 => CRadarProtocolDevice::OpenCmdMode: CMDID(0x00FF) failed with:A002
2023/08/31 10:24:48.103 => protocol version = 2, send_recv buffer size = 32
2023/08/31 10:24:48.120 => thread exit, name=ReadData, tid=18008(0x00004658)
2023/08/31 10:24:48.121 => thread exit over, name=ReadData, tid=18008(0x00004658)
2023/08/31 10:24:48.126 => Stop Realtime data show.
2023/08/31 10:24:49.089 => Stop Realtime data show.
2023/08/31 10:24:49.090 => CRadarProtocolDevice::OpenCmdMode: CMDID(0x00FF) failed with:A002
2023/08/31 10:24:49.256 => protocol version = 2, send_recv buffer size = 32
2023/08/31 10:24:49.273 => Cancel Read Data
2023/08/31 10:24:49.273 => CloseSerial: mSerialFile=0x00000864
2023/08/31 10:24:49.881 => thread create success, thread handle=0x0000095c, id=77620, name=Download
2023/08/31 10:24:49.881 => thread information, name=Download, tid=77620(0x00012f34)
2023/08/31 10:24:49.881 => CloseSerial: mSerialFile=0xffffffff
2023/08/31 10:24:49.881 => Prepare Open Serial: Com=\\.\COM30 BaudRate=115200
2023/08/31 10:24:49.883 => OpenSerial: Com=\\.\COM30 BaudRate=115200, Success=1, mSerialFile=0x00000a1c
2023/08/31 10:24:49.892 => protocol version = 2, send_recv buffer size = 32
2023/08/31 10:24:50.053 => protocol version = 2, send_recv buffer size = 32
2023/08/31 10:24:50.086 => Cancel Read Data
2023/08/31 10:24:50.086 => CloseSerial: mSerialFile=0x00000a1c
2023/08/31 10:24:50.087 => thread exit, name=Download, tid=77620(0x00012f34)
2023/08/31 10:25:00.392 => thread create success, thread handle=0x0000095c, id=47984, name=Download
2023/08/31 10:25:00.392 => thread information, name=Download, tid=47984(0x0000bb70)
2023/08/31 10:25:00.393 => CloseSerial: mSerialFile=0xffffffff
2023/08/31 10:25:00.393 => Prepare Open Serial: Com=\\.\COM30 BaudRate=115200
2023/08/31 10:25:00.394 => OpenSerial: Com=\\.\COM30 BaudRate=115200, Success=1, mSerialFile=0x00000e20
2023/08/31 10:25:00.400 => CRadarProtocolDevice::OpenCmdMode: CMDID(0x00FF) failed with:A002
2023/08/31 10:25:00.557 => protocol version = 2, send_recv buffer size = 32
2023/08/31 10:25:02.568 => CloseSerial: mSerialFile=0x00000e20
2023/08/31 10:25:02.568 => Prepare Open Serial: Com=\\.\COM30 BaudRate=115200
2023/08/31 10:25:02.570 => OpenSerial: Com=\\.\COM30 BaudRate=115200, Success=1, mSerialFile=0x00000a00
2023/08/31 10:25:25.439 => Cancel Read Data
2023/08/31 10:25:25.439 => CloseSerial: mSerialFile=0x00000a00
2023/08/31 10:25:25.444 => thread exit, name=Download, tid=47984(0x0000bb70)
2023/08/31 10:25:27.776 => CloseSerial: mSerialFile=0xffffffff
2023/08/31 10:25:27.776 => Prepare Open Serial: Com=\\.\COM30 BaudRate=115200
2023/08/31 10:25:27.777 => OpenSerial: Com=\\.\COM30 BaudRate=115200, Success=1, mSerialFile=0x00000c54
2023/08/31 10:25:27.785 => protocol version = 2, send_recv buffer size = 32
2023/08/31 10:25:27.951 => protocol version = 2, send_recv buffer size = 32
2023/08/31 10:25:27.959 => GetVersion Return: v1.5.8_0.0
2023/08/31 10:25:28.040 => ReadSetting_RadarOperatorConfig, result: Success
2023/08/31 10:25:45.712 => Stop Realtime data show.
2023/08/31 10:25:45.712 => Stop Noise scan.
2023/08/31 10:25:45.712 => CRadarProtocolDevice::OpenCmdMode: CMDID(0x00FF) failed with:A002
2023/08/31 10:25:45.882 => protocol version = 2, send_recv buffer size = 32
2023/08/31 10:25:45.898 => Cancel Read Data
2023/08/31 10:25:45.898 => CloseSerial: mSerialFile=0x00000c54
2023/08/31 14:33:24.748 => Stop Realtime data show.
2023/08/31 14:33:24.752 => Stop Noise scan.
2023/08/31 14:33:24.759 => Cancel Read Data
2023/08/31 14:33:24.759 => CloseSerial: mSerialFile=0xffffffff
2023/08/31 14:33:24.759 => Cancel Read Data
2023/08/31 14:33:24.759 => CloseSerial: mSerialFile=0xffffffff
2023/08/31 14:33:24.759 => CloseSerial: mSerialFile=0xffffffff
