2023/06/29 13:54:30.745 => Stop Realtime data show.
2023/06/29 13:54:34.769 => CloseSerial: mSerialFile=0xffffffff
2023/06/29 13:54:34.769 => Prepare Open Serial: Com=\\.\COM10 BaudRate=115200
2023/06/29 13:54:34.770 => OpenSerial: Com=\\.\COM10 BaudRate=115200, Success=1, mSerialFile=0x00000818
2023/06/29 13:54:34.778 => protocol version = 2, send_recv buffer size = 32
2023/06/29 13:54:34.935 => protocol version = 2, send_recv buffer size = 32
2023/06/29 13:54:34.943 => GetVersion Return: v1.5.6_0.0
2023/06/29 13:54:35.023 => ReadSetting_RadarOperatorConfig, result: Success
2023/06/29 13:54:35.728 => Start Realtime data show.
2023/06/29 13:54:35.735 => thread create success, thread handle=0x00000830, id=62456, name=ReadData
2023/06/29 13:54:35.735 => thread information, name=ReadData, tid=62456(0x0000f3f8)
2023/06/29 13:54:35.735 => CRadarProtocolDevice::OpenCmdMode: CMDID(0x00FF) failed with:A002
2023/06/29 13:54:35.893 => protocol version = 2, send_recv buffer size = 32
2023/06/29 13:54:40.889 => prepare exit thread..., name=ReadData, tid=62456(0x0000f3f8)
2023/06/29 13:54:40.904 => protocol version = 2, send_recv buffer size = 32
2023/06/29 13:54:41.061 => protocol version = 2, send_recv buffer size = 32
2023/06/29 13:54:41.078 => thread exit, name=ReadData, tid=62456(0x0000f3f8)
2023/06/29 13:54:41.078 => thread exit over, name=ReadData, tid=62456(0x0000f3f8)
2023/06/29 13:54:41.081 => Stop Realtime data show.
2023/06/29 13:54:46.561 => Start Realtime data show.
2023/06/29 13:54:46.561 => thread create success, thread handle=0x00000828, id=27288, name=ReadData
2023/06/29 13:54:46.561 => thread information, name=ReadData, tid=27288(0x00006a98)
2023/06/29 13:54:46.561 => CRadarProtocolDevice::OpenCmdMode: CMDID(0x00FF) failed with:A002
2023/06/29 13:54:46.719 => protocol version = 2, send_recv buffer size = 32
2023/06/29 13:54:52.673 => prepare exit thread..., name=ReadData, tid=27288(0x00006a98)
2023/06/29 13:54:52.713 => CRadarProtocolDevice::OpenCmdMode: CMDID(0x00FF) failed with:A002
2023/06/29 13:54:52.871 => protocol version = 2, send_recv buffer size = 32
2023/06/29 13:54:52.886 => thread exit, name=ReadData, tid=27288(0x00006a98)
2023/06/29 13:54:52.887 => thread exit over, name=ReadData, tid=27288(0x00006a98)
2023/06/29 13:54:52.888 => Stop Realtime data show.
2023/06/29 13:54:53.690 => Stop Noise scan.
2023/06/29 13:54:53.691 => Start Realtime data show.
2023/06/29 13:54:53.691 => thread create success, thread handle=0x00000828, id=63136, name=ReadData
2023/06/29 13:54:53.691 => thread information, name=ReadData, tid=63136(0x0000f6a0)
2023/06/29 13:54:53.691 => CRadarProtocolDevice::OpenCmdMode: CMDID(0x00FF) failed with:A002
2023/06/29 13:54:53.850 => protocol version = 2, send_recv buffer size = 32
2023/06/29 13:55:24.873 => prepare exit thread..., name=ReadData, tid=63136(0x0000f6a0)
2023/06/29 13:55:24.925 => CRadarProtocolDevice::OpenCmdMode: CMDID(0x00FF) failed with:A002
2023/06/29 13:55:25.081 => protocol version = 2, send_recv buffer size = 32
2023/06/29 13:55:25.098 => thread exit, name=ReadData, tid=63136(0x0000f6a0)
2023/06/29 13:55:25.098 => thread exit over, name=ReadData, tid=63136(0x0000f6a0)
2023/06/29 13:55:25.102 => Stop Realtime data show.
2023/06/29 13:55:25.946 => Start Realtime data show.
2023/06/29 13:55:25.946 => thread create success, thread handle=0x00000828, id=63412, name=ReadData
2023/06/29 13:55:25.946 => thread information, name=ReadData, tid=63412(0x0000f7b4)
2023/06/29 13:55:25.946 => CRadarProtocolDevice::OpenCmdMode: CMDID(0x00FF) failed with:A002
2023/06/29 13:55:26.104 => protocol version = 2, send_recv buffer size = 32
2023/06/29 13:55:49.849 => prepare exit thread..., name=ReadData, tid=63412(0x0000f7b4)
2023/06/29 13:55:49.868 => protocol version = 2, send_recv buffer size = 32
2023/06/29 13:55:50.026 => protocol version = 2, send_recv buffer size = 32
2023/06/29 13:55:50.043 => thread exit, name=ReadData, tid=63412(0x0000f7b4)
2023/06/29 13:55:50.043 => thread exit over, name=ReadData, tid=63412(0x0000f7b4)
2023/06/29 13:55:50.044 => Stop Realtime data show.
2023/06/29 13:55:54.737 => CRadarProtocolDevice::OpenCmdMode: CMDID(0x00FF) failed with:A002
2023/06/29 13:55:54.895 => protocol version = 2, send_recv buffer size = 32
2023/06/29 13:55:54.973 => ReadSetting_RadarOperatorConfig, result: Success
2023/06/29 13:56:26.136 => CRadarProtocolDevice::OpenCmdMode: CMDID(0x00FF) failed with:A002
2023/06/29 13:56:26.294 => protocol version = 2, send_recv buffer size = 32
2023/06/29 13:56:26.410 => WriteSetting_RadarOperatorConfig, result: Success
2023/06/29 13:56:27.873 => CRadarProtocolDevice::OpenCmdMode: CMDID(0x00FF) failed with:A002
2023/06/29 13:56:28.029 => protocol version = 2, send_recv buffer size = 32
2023/06/29 13:56:28.108 => ReadSetting_RadarOperatorConfig, result: Success
2023/06/29 13:56:29.577 => Start Realtime data show.
2023/06/29 13:56:29.577 => thread create success, thread handle=0x00000828, id=60120, name=ReadData
2023/06/29 13:56:29.577 => thread information, name=ReadData, tid=60120(0x0000ead8)
2023/06/29 13:56:29.577 => CRadarProtocolDevice::OpenCmdMode: CMDID(0x00FF) failed with:A002
2023/06/29 13:56:29.734 => protocol version = 2, send_recv buffer size = 32
2023/06/29 13:57:10.777 => prepare exit thread..., name=ReadData, tid=60120(0x0000ead8)
2023/06/29 13:57:10.852 => CRadarProtocolDevice::OpenCmdMode: CMDID(0x00FF) failed with:A002
2023/06/29 13:57:11.011 => protocol version = 2, send_recv buffer size = 32
2023/06/29 13:57:11.026 => thread exit, name=ReadData, tid=60120(0x0000ead8)
2023/06/29 13:57:11.027 => thread exit over, name=ReadData, tid=60120(0x0000ead8)
2023/06/29 13:57:11.028 => Stop Realtime data show.
2023/06/29 13:57:11.737 => CRadarProtocolDevice::OpenCmdMode: CMDID(0x00FF) failed with:A002
2023/06/29 13:57:11.895 => protocol version = 2, send_recv buffer size = 32
2023/06/29 13:57:11.973 => ReadSetting_RadarOperatorConfig, result: Success
2023/06/29 13:57:14.410 => Start Realtime data show.
2023/06/29 13:57:14.410 => thread create success, thread handle=0x00000888, id=70984, name=ReadData
2023/06/29 13:57:14.410 => thread information, name=ReadData, tid=70984(0x00011548)
2023/06/29 13:57:14.410 => CRadarProtocolDevice::OpenCmdMode: CMDID(0x00FF) failed with:A002
2023/06/29 13:57:14.567 => protocol version = 2, send_recv buffer size = 32
2023/06/29 13:57:16.378 => prepare exit thread..., name=ReadData, tid=70984(0x00011548)
2023/06/29 13:57:16.450 => CRadarProtocolDevice::OpenCmdMode: CMDID(0x00FF) failed with:A002
2023/06/29 13:57:16.608 => protocol version = 2, send_recv buffer size = 32
2023/06/29 13:57:16.625 => thread exit, name=ReadData, tid=70984(0x00011548)
2023/06/29 13:57:16.625 => thread exit over, name=ReadData, tid=70984(0x00011548)
2023/06/29 13:57:16.627 => Stop Realtime data show.
2023/06/29 13:57:17.945 => CRadarProtocolDevice::OpenCmdMode: CMDID(0x00FF) failed with:A002
2023/06/29 13:57:18.103 => protocol version = 2, send_recv buffer size = 32
2023/06/29 13:57:18.181 => ReadSetting_RadarOperatorConfig, result: Success
2023/06/29 13:57:19.545 => Start Realtime data show.
2023/06/29 13:57:19.545 => thread create success, thread handle=0x00000884, id=42392, name=ReadData
2023/06/29 13:57:19.545 => thread information, name=ReadData, tid=42392(0x0000a598)
2023/06/29 13:57:19.545 => CRadarProtocolDevice::OpenCmdMode: CMDID(0x00FF) failed with:A002
2023/06/29 13:57:19.713 => protocol version = 2, send_recv buffer size = 32
2023/06/29 13:57:49.976 => prepare exit thread..., name=ReadData, tid=42392(0x0000a598)
2023/06/29 13:57:50.034 => CRadarProtocolDevice::OpenCmdMode: CMDID(0x00FF) failed with:A002
2023/06/29 13:57:50.192 => protocol version = 2, send_recv buffer size = 32
2023/06/29 13:57:50.208 => thread exit, name=ReadData, tid=42392(0x0000a598)
2023/06/29 13:57:50.209 => thread exit over, name=ReadData, tid=42392(0x0000a598)
2023/06/29 13:57:50.211 => Stop Realtime data show.
2023/06/29 13:57:52.024 => CRadarProtocolDevice::OpenCmdMode: CMDID(0x00FF) failed with:A002
2023/06/29 13:57:52.182 => protocol version = 2, send_recv buffer size = 32
2023/06/29 13:57:52.297 => WriteSetting_RadarOperatorConfig, result: Success
2023/06/29 13:57:53.643 => Start Realtime data show.
2023/06/29 13:57:53.643 => thread create success, thread handle=0x00000888, id=38392, name=ReadData
2023/06/29 13:57:53.643 => thread information, name=ReadData, tid=38392(0x000095f8)
2023/06/29 13:57:53.643 => CRadarProtocolDevice::OpenCmdMode: CMDID(0x00FF) failed with:A002
2023/06/29 13:57:53.810 => protocol version = 2, send_recv buffer size = 32
2023/06/29 13:58:24.128 => prepare exit thread..., name=ReadData, tid=38392(0x000095f8)
2023/06/29 13:58:24.146 => CRadarProtocolDevice::OpenCmdMode: CMDID(0x00FF) failed with:A002
2023/06/29 13:58:24.304 => protocol version = 2, send_recv buffer size = 32
2023/06/29 13:58:24.320 => thread exit, name=ReadData, tid=38392(0x000095f8)
2023/06/29 13:58:24.321 => thread exit over, name=ReadData, tid=38392(0x000095f8)
2023/06/29 13:58:24.323 => Stop Realtime data show.
2023/06/29 13:58:24.331 => protocol version = 2, send_recv buffer size = 32
2023/06/29 13:58:24.489 => protocol version = 2, send_recv buffer size = 32
2023/06/29 13:58:24.604 => WriteSetting_RadarOperatorConfig, result: Success
2023/06/29 13:58:24.604 => Start Realtime data show.
2023/06/29 13:58:24.605 => thread create success, thread handle=0x00000978, id=72232, name=ReadData
2023/06/29 13:58:24.605 => thread information, name=ReadData, tid=72232(0x00011a28)
2023/06/29 13:58:24.613 => protocol version = 2, send_recv buffer size = 32
2023/06/29 13:58:24.780 => protocol version = 2, send_recv buffer size = 32
2023/06/29 13:58:35.481 => prepare exit thread..., name=ReadData, tid=72232(0x00011a28)
2023/06/29 13:58:35.553 => CRadarProtocolDevice::OpenCmdMode: CMDID(0x00FF) failed with:A002
2023/06/29 13:58:35.710 => protocol version = 2, send_recv buffer size = 32
2023/06/29 13:58:35.726 => thread exit, name=ReadData, tid=72232(0x00011a28)
2023/06/29 13:58:35.727 => thread exit over, name=ReadData, tid=72232(0x00011a28)
2023/06/29 13:58:35.728 => Stop Realtime data show.
2023/06/29 13:58:36.456 => CRadarProtocolDevice::OpenCmdMode: CMDID(0x00FF) failed with:A002
2023/06/29 13:58:36.615 => protocol version = 2, send_recv buffer size = 32
2023/06/29 13:58:36.693 => ReadSetting_RadarOperatorConfig, result: Success
2023/06/29 13:58:39.569 => Start Realtime data show.
2023/06/29 13:58:39.569 => thread create success, thread handle=0x00000854, id=15700, name=ReadData
2023/06/29 13:58:39.569 => thread information, name=ReadData, tid=15700(0x00003d54)
2023/06/29 13:58:39.569 => CRadarProtocolDevice::OpenCmdMode: CMDID(0x00FF) failed with:A002
2023/06/29 13:58:39.728 => protocol version = 2, send_recv buffer size = 32
2023/06/29 13:58:45.329 => prepare exit thread..., name=ReadData, tid=15700(0x00003d54)
2023/06/29 13:58:45.374 => CRadarProtocolDevice::OpenCmdMode: CMDID(0x00FF) failed with:A002
2023/06/29 13:58:45.532 => protocol version = 2, send_recv buffer size = 32
2023/06/29 13:58:45.548 => thread exit, name=ReadData, tid=15700(0x00003d54)
2023/06/29 13:58:45.549 => thread exit over, name=ReadData, tid=15700(0x00003d54)
2023/06/29 13:58:45.550 => Stop Realtime data show.
2023/06/29 13:58:54.696 => CRadarProtocolDevice::OpenCmdMode: CMDID(0x00FF) failed with:A002
2023/06/29 13:58:54.854 => protocol version = 2, send_recv buffer size = 32
2023/06/29 13:58:54.970 => WriteSetting_RadarOperatorConfig, result: Success
2023/06/29 13:58:56.932 => CRadarProtocolDevice::OpenCmdMode: CMDID(0x00FF) failed with:A002
2023/06/29 13:58:57.090 => protocol version = 2, send_recv buffer size = 32
2023/06/29 13:58:57.168 => ReadSetting_RadarOperatorConfig, result: Success
2023/06/29 13:58:58.194 => Start Realtime data show.
2023/06/29 13:58:58.194 => thread create success, thread handle=0x00000890, id=61060, name=ReadData
2023/06/29 13:58:58.194 => thread information, name=ReadData, tid=61060(0x0000ee84)
2023/06/29 13:58:58.194 => CRadarProtocolDevice::OpenCmdMode: CMDID(0x00FF) failed with:A002
2023/06/29 13:58:58.362 => protocol version = 2, send_recv buffer size = 32
2023/06/29 14:24:24.881 => prepare exit thread..., name=ReadData, tid=61060(0x0000ee84)
2023/06/29 14:24:24.968 => CRadarProtocolDevice::OpenCmdMode: CMDID(0x00FF) failed with:A002
2023/06/29 14:24:25.125 => protocol version = 2, send_recv buffer size = 32
2023/06/29 14:24:25.141 => thread exit, name=ReadData, tid=61060(0x0000ee84)
2023/06/29 14:24:25.142 => thread exit over, name=ReadData, tid=61060(0x0000ee84)
2023/06/29 14:24:25.145 => Stop Realtime data show.
2023/06/29 14:24:25.154 => protocol version = 2, send_recv buffer size = 32
2023/06/29 14:24:25.312 => protocol version = 2, send_recv buffer size = 32
2023/06/29 14:24:25.328 => Cancel Read Data
2023/06/29 14:24:25.328 => CloseSerial: mSerialFile=0x00000818
2023/06/29 14:24:34.504 => Stop Realtime data show.
2023/06/29 14:24:34.507 => Stop Noise scan.
2023/06/29 14:24:34.509 => Cancel Read Data
2023/06/29 14:24:34.509 => CloseSerial: mSerialFile=0xffffffff
2023/06/29 14:24:34.509 => Cancel Read Data
2023/06/29 14:24:34.509 => CloseSerial: mSerialFile=0xffffffff
2023/06/29 14:24:34.509 => CloseSerial: mSerialFile=0xffffffff
